******************************************************************************
                  MSP430 Linker PC v4.4.3                      
******************************************************************************
>> Linked Sat Dec 19 02:41:21 2020

OUTPUT FILE NAME:   <UHM.out>
ENTRY POINT SYMBOL: "_c_int00_noargs"  address: 0000f6ce


MEMORY CONFIGURATION

         name            origin    length      used     unused   attr    fill
----------------------  --------  ---------  --------  --------  ----  --------
  TINYRAM               00000006   0000001a  00000000  0000001a  RWIX
  PERIPHERALS_8BIT      00000020   000000e0  00000000  000000e0  RWIX
  PERIPHERALS_16BIT     00000100   00000100  00000000  00000100  RWIX
  INFOD                 00001800   00000080  00000000  00000080  RWIX
  INFOC                 00001880   00000080  00000000  00000080  RWIX
  INFOB                 00001900   00000080  00000000  00000080  RWIX
  INFOA                 00001980   00000080  00000000  00000080  RWIX
  RAM                   00001c00   00000800  00000712  000000ee  RWIX
  FRAM                  00008000   00007f80  00007830  00000750  RWIX
  JTAGSIGNATURE         0000ff80   00000004  00000004  00000000  RWIX  ffff 
  BSLSIGNATURE          0000ff84   00000004  00000004  00000000  RWIX  ffff 
  IPESIGNATURE          0000ff88   00000008  00000008  00000000  RWIX  ffff 
  INT00                 0000ff90   00000002  00000000  00000002  RWIX
  INT01                 0000ff92   00000002  00000000  00000002  RWIX
  INT02                 0000ff94   00000002  00000000  00000002  RWIX
  INT03                 0000ff96   00000002  00000000  00000002  RWIX
  INT04                 0000ff98   00000002  00000000  00000002  RWIX
  INT05                 0000ff9a   00000002  00000000  00000002  RWIX
  INT06                 0000ff9c   00000002  00000000  00000002  RWIX
  INT07                 0000ff9e   00000002  00000000  00000002  RWIX
  INT08                 0000ffa0   00000002  00000000  00000002  RWIX
  INT09                 0000ffa2   00000002  00000000  00000002  RWIX
  INT10                 0000ffa4   00000002  00000000  00000002  RWIX
  INT11                 0000ffa6   00000002  00000000  00000002  RWIX
  INT12                 0000ffa8   00000002  00000000  00000002  RWIX
  INT13                 0000ffaa   00000002  00000000  00000002  RWIX
  INT14                 0000ffac   00000002  00000000  00000002  RWIX
  INT15                 0000ffae   00000002  00000000  00000002  RWIX
  INT16                 0000ffb0   00000002  00000000  00000002  RWIX
  INT17                 0000ffb2   00000002  00000000  00000002  RWIX
  INT18                 0000ffb4   00000002  00000000  00000002  RWIX
  INT19                 0000ffb6   00000002  00000000  00000002  RWIX
  INT20                 0000ffb8   00000002  00000000  00000002  RWIX
  INT21                 0000ffba   00000002  00000000  00000002  RWIX
  INT22                 0000ffbc   00000002  00000000  00000002  RWIX
  INT23                 0000ffbe   00000002  00000000  00000002  RWIX
  INT24                 0000ffc0   00000002  00000000  00000002  RWIX
  INT25                 0000ffc2   00000002  00000000  00000002  RWIX
  INT26                 0000ffc4   00000002  00000000  00000002  RWIX
  INT27                 0000ffc6   00000002  00000000  00000002  RWIX
  INT28                 0000ffc8   00000002  00000002  00000000  RWIX
  INT29                 0000ffca   00000002  00000002  00000000  RWIX
  INT30                 0000ffcc   00000002  00000002  00000000  RWIX
  INT31                 0000ffce   00000002  00000002  00000000  RWIX
  INT32                 0000ffd0   00000002  00000002  00000000  RWIX
  INT33                 0000ffd2   00000002  00000002  00000000  RWIX
  INT34                 0000ffd4   00000002  00000002  00000000  RWIX
  INT35                 0000ffd6   00000002  00000002  00000000  RWIX
  INT36                 0000ffd8   00000002  00000002  00000000  RWIX
  INT37                 0000ffda   00000002  00000002  00000000  RWIX
  INT38                 0000ffdc   00000002  00000002  00000000  RWIX
  INT39                 0000ffde   00000002  00000002  00000000  RWIX
  INT40                 0000ffe0   00000002  00000002  00000000  RWIX
  INT41                 0000ffe2   00000002  00000002  00000000  RWIX
  INT42                 0000ffe4   00000002  00000002  00000000  RWIX
  INT43                 0000ffe6   00000002  00000002  00000000  RWIX
  INT44                 0000ffe8   00000002  00000002  00000000  RWIX
  INT45                 0000ffea   00000002  00000002  00000000  RWIX
  INT46                 0000ffec   00000002  00000002  00000000  RWIX
  INT47                 0000ffee   00000002  00000002  00000000  RWIX
  INT48                 0000fff0   00000002  00000000  00000002  RWIX
  INT49                 0000fff2   00000002  00000002  00000000  RWIX
  INT50                 0000fff4   00000002  00000002  00000000  RWIX
  INT51                 0000fff6   00000002  00000002  00000000  RWIX
  INT52                 0000fff8   00000002  00000002  00000000  RWIX
  INT53                 0000fffa   00000002  00000002  00000000  RWIX
  INT54                 0000fffc   00000002  00000002  00000000  RWIX
  RESET                 0000fffe   00000002  00000002  00000000  RWIX


SECTION ALLOCATION MAP

 output                                  attributes/
section   page    origin      length       input sections
--------  ----  ----------  ----------   ----------------
.data      0    00001c00    00000386     UNINITIALIZED
                  00001c00    000000b0     rts430x_lc_sd_eabi.lib : signal.obj (.data:sigtable)
                  00001cb0    00000080                            : xvalues.obj (.data)
                  00001d30    00000078                            : lowlev.obj (.data:_device)
                  00001da8    00000078                            : defs.obj (.data:_ftable)
                  00001e20    00000068                            : xfvalues.obj (.data)
                  00001e88    00000061     main.obj (.data)
                  00001ee9    00000001     app.obj (.data)
                  00001eea    00000028     rts430x_lc_sd_eabi.lib : lowlev.obj (.data:_stream)
                  00001f12    00000020     lcdx.obj (.data:NUM_REGS)
                  00001f32    0000001c     tdc.obj (.data:_config)
                  00001f4e    00000012     phy.obj (.data)
                  00001f60    00000008     clock.obj (.data)
                  00001f68    00000008     rts430x_lc_sd_eabi.lib : feraiseexcept.obj (.data)
                  00001f70    00000004                            : boot.obj (.data:__TI_cleanup_ptr)
                  00001f74    00000004                            : boot.obj (.data:__TI_dtors_ptr)
                  00001f78    00000004                            : _lock.obj (.data:_lock)
                  00001f7c    00000004                            : _lock.obj (.data:_unlock)
                  00001f80    00000002                            : defs.obj (.data)
                  00001f82    00000002                            : errno.obj (.data)
                  00001f84    00000002                            : memory.obj (.data)

.bss       0    00001f86    000002ec     UNINITIALIZED
                  00001f86    000000f6     (.common:tx_buff)
                  0000207c    000000f6     (.common:ud_buff)
                  00002172    000000a0     (.common:__TI_tmpnams)
                  00002212    00000008     (.common:currentTime)
                  0000221a    00000008     (.common:parmbuf)
                  00002222    00000004     (.common:PW1ST)
                  00002226    00000004     (.common:Result_0_down)
                  0000222a    00000004     (.common:Result_0_up)
                  0000222e    00000004     (.common:Result_1_down)
                  00002232    00000004     (.common:Result_1_up)
                  00002236    00000004     (.common:Result_2_down)
                  0000223a    00000004     (.common:Result_2_up)
                  0000223e    00000004     (.common:TOF_down)
                  00002242    00000004     (.common:TOF_up)
                  00002246    00000004     (.common:Time_of_flight_diff)
                  0000224a    00000004     (.common:Time_of_flight_sum)
                  0000224e    00000004     (.common:_conversionFactorDelay)
                  00002252    00000004     (.common:_conversionFactorRead)
                  00002256    00000004     (.common:average_Result_down)
                  0000225a    00000004     (.common:average_Result_up)
                  0000225e    00000004     (.common:cb_t)
                  00002262    00000002     (.common:c_flowRate)
                  00002264    00000002     (.common:memsize)
                  00002266    00000002     (.common:r_frame)
                  00002268    00000002     (.common:rsp_frame)
                  0000226a    00000002     (.common:sys_base)
                  0000226c    00000002     (.common:sys_free)
                  0000226e    00000002     (.common:vf_t)
                  00002270    00000002     (.common:vs_t)

.stack     0    00002360    000000a0     UNINITIALIZED
                  00002360    00000002     rts430x_lc_sd_eabi.lib : boot.obj (.stack)
                  00002362    0000009e     --HOLE--

.TI.persistent 
*          0    00008000    000000a9     
                  00008000    00000090     app.obj (.TI.persistent:_month_reg)
                  00008090    0000000e     phy.obj (.TI.persistent)
                  0000809e    0000000a     app.obj (.TI.persistent)
                  000080a8    00000001     main.obj (.TI.persistent)

.ipestruct 
*          0    00008000    00000000     UNINITIALIZED

.ipe       0    00008000    00000000     UNINITIALIZED

.ipe:_isr 
*          0    00008000    00000000     UNINITIALIZED

.cio       0    000080aa    00000120     UNINITIALIZED
                  000080aa    00000120     rts430x_lc_sd_eabi.lib : trgmsg.obj (.cio)

.sysmem    0    000081cc    00000190     
                  000081cc    00000004     rts430x_lc_sd_eabi.lib : memory.obj (.sysmem) [fill = 0]
                  000081d0    0000018c     --HOLE-- [fill = 0]

.text      0    00008400    00006ac4     
                  00008400    00000a18     main.obj (.text:main)
                  00008e18    000006a6     rts430x_lc_sd_eabi.lib : pow.obj (.text:pow)
                  000094be    00000452                            : frcdivd.obj (.text:__TI_frcdivd)
                  00009910    00000448                            : xlog.obj (.text:_Log)
                  00009d58    0000039a                            : div64u.obj (.text:__mspabi_divull)
                  0000a0f2    00000390                            : xexp.obj (.text:_Exp)
                  0000a482    00000386     main.obj (.text:scroll)
                  0000a808    00000382     app.obj (.text:rq_class_2_px)
                  0000ab8a    00000300     lcdx.obj (.text:write_symbol)
                  0000ae8a    000002e4     rts430x_lc_sd_eabi.lib : frcmpyd.obj (.text:__TI_frcmpyd)
                  0000b16e    000002d6                            : addd.obj (.text:__mspabi_addd)
                  0000b444    000002d4                            : xatan.obj (.text:_Atan)
                  0000b718    00000280                            : mpyd.obj (.text:__mspabi_mpyd)
                  0000b998    00000252                            : frcaddd.obj (.text:__TI_frcaddd)
                  0000bbea    00000220                            : divd.obj (.text:__mspabi_divd)
                  0000be0a    000001ec                            : sqrt.obj (.text:sqrt)
                  0000bff6    000001b4     app.obj (.text:t_handler)
                  0000c1aa    000001b2     rts430x_lc_sd_eabi.lib : ceil.obj (.text:ceil)
                  0000c35c    000001a0                            : xdscale.obj (.text:_Dscale)
                  0000c4fc    00000158                            : acos.obj (.text:acos)
                  0000c654    00000130                            : fs_add.obj (.text)
                  0000c784    00000120     lcdx.obj (.text:write_dc_pt)
                  0000c8a4    0000011c     app.obj (.text:prc_snd_ud)
                  0000c9c0    0000011c     lcdx.obj (.text:write_num)
                  0000cadc    000000fc     rts430x_lc_sd_eabi.lib : xdnorm.obj (.text:_Dnorm)
                  0000cbd8    000000fc     main.obj (.text:gpio_config)
                  0000ccd4    000000f4     lcdx.obj (.text:write_digit)
                  0000cdc8    000000de     rts430x_lc_sd_eabi.lib : fputs.obj (.text:fputs)
                  0000cea6    000000d8                            : cmpd.obj (.text:__mspabi_cmpd)
                  0000cf7e    000000d6                            : copy_decompress_rle.obj (.text:__TI_decompress_rle_core)
                  0000d054    000000d0     phy.obj (.text:set_baudRate)
                  0000d124    000000cc     rts430x_lc_sd_eabi.lib : setvbuf.obj (.text:setvbuf)
                  0000d1f0    000000c6                            : xdint.obj (.text:_Dint)
                  0000d2b6    000000c6     tdc.obj (.text:updateConversionFactors)
                  0000d37c    000000b8     rts430x_lc_sd_eabi.lib : fltullf.obj (.text:__mspabi_fltullf)
                  0000d434    000000b6                            : fs_mpy.obj (.text)
                  0000d4ea    000000b2                            : renormd.obj (.text:__TI_renormd)
                  0000d59c    000000ac                            : memory.obj (.text:malloc)
                  0000d648    00000094                            : fltlid.obj (.text:__mspabi_fltlid)
                  0000d6dc    0000008e                            : fs_div.obj (.text)
                  0000d76a    0000008c                            : cvtdf.obj (.text:__mspabi_cvtdf)
                  0000d7f6    00000086                            : trgdrv.obj (.text:HOSTlseek)
                  0000d87c    00000086                            : fixfull.obj (.text:__mspabi_fixfull)
                  0000d902    00000082     spi.obj (.text:spi_config)
                  0000d984    00000080     rts430x_lc_sd_eabi.lib : autoinit_wdt.obj (.text:_auto_init_hold_wdt)
                  0000da04    00000080                            : memory.obj (.text:free)
                  0000da84    0000007a                            : _io_perm.obj (.text:__TI_wrt_ok)
                  0000dafe    00000076                            : fltuld.obj (.text:__mspabi_fltuld)
                  0000db74    00000074     lcdx.obj (.text:write_time)
                  0000dbe8    00000072     rts430x_lc_sd_eabi.lib : xdunscal.obj (.text:_Dunscale)
                  0000dc5a    0000006c     phy.obj (.text:t_validator)
                  0000dcc6    0000006a     rts430x_lc_sd_eabi.lib : trgdrv.obj (.text:HOSTrename)
                  0000dd30    0000006a                            : fseek.obj (.text:fseek)
                  0000dd9a    0000006a     tdc.obj (.text:transfer4B)
                  0000de04    00000068     rts430x_lc_sd_eabi.lib : fclose.obj (.text:__TI_closefile)
                  0000de6c    00000068                            : fixdul.obj (.text:__mspabi_fixdul)
                  0000ded4    00000068                            : fs_toi.obj (.text)
                  0000df3c    00000066                            : fixdli.obj (.text:__mspabi_fixdli)
                  0000dfa2    00000064                            : cvtfd.obj (.text:__mspabi_cvtfd)
                  0000e006    00000064     app.obj (.text:switch_br)
                  0000e06a    00000062     rts430x_lc_sd_eabi.lib : trgdrv.obj (.text:HOSTopen)
                  0000e0cc    00000062                            : fflush.obj (.text:__TI_doflush)
                  0000e12e    00000060     phy.obj (.text:ux_config)
                  0000e18e    0000005e     rts430x_lc_sd_eabi.lib : trgdrv.obj (.text:HOSTwrite)
                  0000e1ec    0000005c                            : trgdrv.obj (.text:HOSTread)
                  0000e248    0000005a                            : mult64_f5hw.obj (.text:__mpyll)
                  0000e2a2    00000054                            : fflush.obj (.text:fflush)
                  0000e2f6    00000054                            : lowlev.obj (.text:getdevice)
                  0000e34a    00000050                            : rem64u.obj (.text:__mspabi_remull)
                  0000e39a    0000004c     tdc.obj (.text:read_error_status)
                  0000e3e6    0000004a     rts430x_lc_sd_eabi.lib : lowlev.obj (.text:close)
                  0000e430    00000046                            : fs_tou.obj (.text)
                  0000e476    00000046     tdc.obj (.text:updateConfig)
                  0000e4bc    00000044     rts430x_lc_sd_eabi.lib : trgdrv.obj (.text:HOSTclose)
                  0000e500    00000042                            : trgdrv.obj (.text:HOSTunlink)
                  0000e542    00000042     spi.obj (.text:spi_transfer)
                  0000e584    00000040     rts430x_lc_sd_eabi.lib : cpy_util.obj (.text:__memcpy_far)
                  0000e5c4    0000003e                            : copy_zero_init.obj (.text:decompress:ZI:__TI_zero_init)
                  0000e602    0000003e                            : asr32.obj (.text:l_asr_const)
                  0000e640    0000003e                            : lsl32.obj (.text:l_lsl_const)
                  0000e67e    0000003e                            : lsr32.obj (.text:l_lsr_const)
                  0000e6bc    0000003e     spi.obj (.text:spi_transfer_end)
                  0000e6fa    0000003c     rts430x_lc_sd_eabi.lib : copy_decompress_none.obj (.text:decompress:none:__TI_decompress_none)
                  0000e736    0000003a                            : lsl64.obj (.text:__mspabi_sllll)
                  0000e770    0000003a                            : lsr64.obj (.text:__mspabi_srlll)
                  0000e7aa    0000003a     tdc.obj (.text:transfer2B)
                  0000e7e4    00000038     rts430x_lc_sd_eabi.lib : memory.obj (.text:minit)
                  0000e81c    00000036                            : fs_itof.obj (.text)
                  0000e852    00000036                            : signal.obj (.text:signal)
                  0000e888    00000034     lcdx.obj (.text:lcd_config)
                  0000e8bc    00000032     rts430x_lc_sd_eabi.lib : xferaise.obj (.text:_Feraise)
                  0000e8ee    00000032                            : fopen.obj (.text:__TI_cleanup)
                  0000e920    00000032                            : raise.obj (.text:raise)
                  0000e952    00000032                            : fs_ultof.obj (.text)
                  0000e984    00000030                            : feraiseexcept.obj (.text:feraiseexcept)
                  0000e9b4    00000030     phy.obj (.text:getCheksum)
                  0000e9e4    0000002e     rts430x_lc_sd_eabi.lib : trgmsg.obj (.text:__TI_writemsg)
                  0000ea12    0000002e                            : subd.obj (.text:__mspabi_subd)
                  0000ea40    0000002e                            : exit.obj (.text:exit)
                  0000ea6e    0000002e                            : lowlev.obj (.text:finddevice)
                  0000ea9c    0000002e     lcdx.obj (.text:write_minus)
                  0000eaca    0000002c     rts430x_lc_sd_eabi.lib : trgmsg.obj (.text:__TI_readmsg)
                  0000eaf6    0000002c     clock.obj (.text:rtc_config)
                  0000eb22    0000002c     rts430x_lc_sd_eabi.lib : div16s.obj (.text)
                  0000eb4e    0000002c                            : strncpy.obj (.text:strncpy)
                  0000eb7a    0000002a                            : negd.obj (.text:__mspabi_negd)
                  0000eba4    0000002a                            : lowlev.obj (.text:unlink)
                  0000ebce    00000028                            : fixdi.obj (.text:__mspabi_fixdi)
                  0000ebf6    00000026                            : lowlev.obj (.text:lseek)
                  0000ec1c    00000024                            : fs_utof.obj (.text)
                  0000ec40    00000024     tdc.obj (.text:transfer1B)
                  0000ec64    00000024     rts430x_lc_sd_eabi.lib : lowlev.obj (.text:write)
                  0000ec88    00000022                            : mult32_f5hw.obj (.text)
                  0000ecaa    0000001c     tdc.obj (.text:getClkPreDiv)
                  0000ecc6    0000001a     rts430x_lc_sd_eabi.lib : assert.obj (.text:_abort_msg)
                  0000ece0    0000001a     tdc.obj (.text:start_tdc)
                  0000ecfa    0000001a     rts430x_lc_sd_eabi.lib : strchr.obj (.text:strchr)
                  0000ed14    0000001a     phy.obj (.text:tx_lnk_frame)
                  0000ed2e    00000018     rts430x_lc_sd_eabi.lib : strcmp.obj (.text:strcmp)
                  0000ed46    00000016                            : div16u.obj (.text)
                  0000ed5c    00000016                            : mult16_f5hw.obj (.text)
                  0000ed72    00000016     app.obj (.text:send_ack)
                  0000ed88    00000014     rts430x_lc_sd_eabi.lib : memchr.obj (.text:memchr)
                  0000ed9c    00000012                            : fixdu.obj (.text:__mspabi_fixdu)
                  0000edae    00000012                            : memcpy.obj (.text:memcpy)
                  0000edc0    00000010                            : asr32.obj (.text:l_asr)
                  0000edd0    00000010                            : lsl32.obj (.text:l_lsl)
                  0000ede0    00000010                            : lsr32.obj (.text:l_lsr)
                  0000edf0    00000010     tdc.obj (.text:startCalRes)
                  0000ee00    00000010     tdc.obj (.text:startTOF)
                  0000ee10    00000010     rts430x_lc_sd_eabi.lib : strcpy.obj (.text:strcpy)
                  0000ee20    0000000e                            : copy_decompress_rle.obj (.text:decompress:rle24:__TI_decompress_rle24)
                  0000ee2e    0000000e                            : log.obj (.text:log)
                  0000ee3c    0000000e     tdc.obj (.text:readStatus)
                  0000ee4a    0000000e     tdc.obj (.text:startTemp)
                  0000ee58    0000000e     rts430x_lc_sd_eabi.lib : strlen.obj (.text:strlen)
                  0000ee66    0000000e     phy.obj (.text:x_lnk_res)
                  0000ee74    0000000c     rts430x_lc_sd_eabi.lib : fltid.obj (.text:__mspabi_fltid)
                  0000ee80    0000000c     tdc.obj (.text:init)
                  0000ee8c    0000000a     rts430x_lc_sd_eabi.lib : abs.obj (.text:abs)
                  0000ee96    0000000a                            : fs_neg.obj (.text)
                  0000eea0    0000000a                            : lsl16.obj (.text)
                  0000eeaa    0000000a                            : lsr16.obj (.text)
                  0000eeb4    00000006                            : fltud.obj (.text:__mspabi_fltud)
                  0000eeba    00000004                            : pre_init.obj (.text:_system_pre_init)
                  0000eebe    00000004                            : exit.obj (.text:abort)
                  0000eec2    00000002                            : _lock.obj (.text:_nop)

.const     0    0000eec4    00000456     
                  0000eec4    00000174     lcdx.obj (.const:.string)
                  0000f038    0000014e     phy.obj (.const:.string)
                  0000f186    00000040     rts430x_lc_sd_eabi.lib : xatan.obj (.const:a)
                  0000f1c6    0000003e     app.obj (.const:.string)
                  0000f204    00000038     rts430x_lc_sd_eabi.lib : xlog.obj (.const:p)
                  0000f23c    00000020                            : xatan.obj (.const:c)
                  0000f25c    00000020                            : xdint.obj (.const:mask$1)
                  0000f27c    00000018                            : xatan.obj (.const:s)
                  0000f294    00000018                            : xexp.obj (.const:s)
                  0000f2ac    00000014     lcdx.obj (.const:DIGIT_REGS)
                  0000f2c0    00000010     rts430x_lc_sd_eabi.lib : xexp.obj (.const:c)
                  0000f2d0    0000000a     lcdx.obj (.const:.string:BITMASK_1_H)
                  0000f2da    0000000a     lcdx.obj (.const:.string:BITMASK_1_L)
                  0000f2e4    0000000a     lcdx.obj (.const:.string:BITMASK_2_H)
                  0000f2ee    0000000a     lcdx.obj (.const:.string:BITMASK_2_L)
                  0000f2f8    0000000a     lcdx.obj (.const:.string:BITMASK_3)
                  0000f302    0000000a     lcdx.obj (.const:.string:BITMASK_4)
                  0000f30c    00000008     rts430x_lc_sd_eabi.lib : xdint.obj (.const:sub$2)
                  0000f314    00000004     main.obj (.const)
                  0000f318    00000002     tdc.obj (.const)

.text:_isr 
*          0    0000f31a    000003e8     
                  0000f31a    000002a2     phy.obj (.text:_isr:USCI_A1_ISR)
                  0000f5bc    00000080     clock.obj (.text:_isr:RTCC_ISR)
                  0000f63c    00000032     phy.obj (.text:_isr:TA2_ISR)
                  0000f66e    00000030     main.obj (.text:_isr:ISR_PORT1)
                  0000f69e    00000030     phy.obj (.text:_isr:TA1_ISR)
                  0000f6ce    0000001c     rts430x_lc_sd_eabi.lib : boot_special.obj (.text:_isr:_c_int00_noargs)
                  0000f6ea    00000012     phy.obj (.text:_isr:TA3_ISR)
                  0000f6fc    00000006     rts430x_lc_sd_eabi.lib : isr_trap.obj (.text:_isr:__TI_ISR_TRAP)

.cinit     0    0000f702    0000012e     
                  0000f702    000000fe     (.cinit..data.load) [load image, compression = rle]
                  0000f800    0000000c     (__TI_handler_table)
                  0000f80c    00000006     (.cinit..bss.load) [load image, compression = zero_init]
                  0000f812    00000006     (.cinit..cio.load) [load image, compression = zero_init]
                  0000f818    00000018     (__TI_cinit_table)

.init_array 
*          0    00008000    00000000     UNINITIALIZED

$fill000   0    0000ff80    00000004     
                  0000ff80    00000004     --HOLE-- [fill = ffff]

$fill001   0    0000ff84    00000004     
                  0000ff84    00000004     --HOLE-- [fill = ffff]

$fill002   0    0000ff88    00000008     
                  0000ff88    00000008     --HOLE-- [fill = ffff]

RTC        0    0000ffc8    00000002     
                  0000ffc8    00000002     clock.obj (.int28)

LCD_C      0    0000ffca    00000002     
                  0000ffca    00000002     rts430x_lc_sd_eabi.lib : int29.obj (.int29)

PORT4      0    0000ffcc    00000002     
                  0000ffcc    00000002     rts430x_lc_sd_eabi.lib : int30.obj (.int30)

PORT3      0    0000ffce    00000002     
                  0000ffce    00000002     rts430x_lc_sd_eabi.lib : int31.obj (.int31)

TIMER3_A1 
*          0    0000ffd0    00000002     
                  0000ffd0    00000002     phy.obj (.int32)

TIMER3_A0 
*          0    0000ffd2    00000002     
                  0000ffd2    00000002     rts430x_lc_sd_eabi.lib : int33.obj (.int33)

PORT2      0    0000ffd4    00000002     
                  0000ffd4    00000002     rts430x_lc_sd_eabi.lib : int34.obj (.int34)

TIMER2_A1 
*          0    0000ffd6    00000002     
                  0000ffd6    00000002     phy.obj (.int35)

TIMER2_A0 
*          0    0000ffd8    00000002     
                  0000ffd8    00000002     rts430x_lc_sd_eabi.lib : int36.obj (.int36)

PORT1      0    0000ffda    00000002     
                  0000ffda    00000002     main.obj (.int37)

TIMER1_A1 
*          0    0000ffdc    00000002     
                  0000ffdc    00000002     phy.obj (.int38)

TIMER1_A0 
*          0    0000ffde    00000002     
                  0000ffde    00000002     rts430x_lc_sd_eabi.lib : int39.obj (.int39)

DMA        0    0000ffe0    00000002     
                  0000ffe0    00000002     rts430x_lc_sd_eabi.lib : int40.obj (.int40)

USCI_B1    0    0000ffe2    00000002     
                  0000ffe2    00000002     rts430x_lc_sd_eabi.lib : int41.obj (.int41)

USCI_A1    0    0000ffe4    00000002     
                  0000ffe4    00000002     phy.obj (.int42)

TIMER0_A1 
*          0    0000ffe6    00000002     
                  0000ffe6    00000002     rts430x_lc_sd_eabi.lib : int43.obj (.int43)

TIMER0_A0 
*          0    0000ffe8    00000002     
                  0000ffe8    00000002     rts430x_lc_sd_eabi.lib : int44.obj (.int44)

ADC12      0    0000ffea    00000002     
                  0000ffea    00000002     rts430x_lc_sd_eabi.lib : int45.obj (.int45)

USCI_B0    0    0000ffec    00000002     
                  0000ffec    00000002     rts430x_lc_sd_eabi.lib : int46.obj (.int46)

USCI_A0    0    0000ffee    00000002     
                  0000ffee    00000002     rts430x_lc_sd_eabi.lib : int47.obj (.int47)

WDT        0    0000fff2    00000002     
                  0000fff2    00000002     rts430x_lc_sd_eabi.lib : int49.obj (.int49)

TIMER0_B1 
*          0    0000fff4    00000002     
                  0000fff4    00000002     rts430x_lc_sd_eabi.lib : int50.obj (.int50)

TIMER0_B0 
*          0    0000fff6    00000002     
                  0000fff6    00000002     rts430x_lc_sd_eabi.lib : int51.obj (.int51)

COMP_E     0    0000fff8    00000002     
                  0000fff8    00000002     rts430x_lc_sd_eabi.lib : int52.obj (.int52)

UNMI       0    0000fffa    00000002     
                  0000fffa    00000002     rts430x_lc_sd_eabi.lib : int53.obj (.int53)

SYSNMI     0    0000fffc    00000002     
                  0000fffc    00000002     rts430x_lc_sd_eabi.lib : int54.obj (.int54)

.reset     0    0000fffe    00000002     
                  0000fffe    00000002     rts430x_lc_sd_eabi.lib : boot.obj (.reset)


LINKER GENERATED COPY TABLES

__TI_cinit_table @ 0000f818 records: 3, size/record: 8, table size: 24
	.data: load addr=0000f702, load size=000000fe bytes, run addr=00001c00, run size=00000386 bytes, compression=rle
	.bss: load addr=0000f80c, load size=00000006 bytes, run addr=00001f86, run size=000002ec bytes, compression=zero_init
	.cio: load addr=0000f812, load size=00000006 bytes, run addr=000080aa, run size=00000120 bytes, compression=zero_init


LINKER GENERATED HANDLER TABLE

__TI_handler_table @ 0000f800 records: 3, size/record: 4, table size: 12
	index: 0, handler: __TI_zero_init
	index: 1, handler: __TI_decompress_rle24
	index: 2, handler: __TI_decompress_none


GLOBAL SYMBOLS: SORTED ALPHABETICALLY BY Name 

address   name                    
-------   ----                    
00000800  ADC12CTL0               
00000801  ADC12CTL0_H             
00000800  ADC12CTL0_L             
00000802  ADC12CTL1               
00000803  ADC12CTL1_H             
00000802  ADC12CTL1_L             
00000804  ADC12CTL2               
00000805  ADC12CTL2_H             
00000804  ADC12CTL2_L             
00000806  ADC12CTL3               
00000807  ADC12CTL3_H             
00000806  ADC12CTL3_L             
0000080a  ADC12HI                 
0000080b  ADC12HI_H               
0000080a  ADC12HI_L               
00000812  ADC12IER0               
00000813  ADC12IER0_H             
00000812  ADC12IER0_L             
00000814  ADC12IER1               
00000815  ADC12IER1_H             
00000814  ADC12IER1_L             
00000816  ADC12IER2               
00000817  ADC12IER2_H             
00000816  ADC12IER2_L             
0000080c  ADC12IFGR0              
0000080d  ADC12IFGR0_H            
0000080c  ADC12IFGR0_L            
0000080e  ADC12IFGR1              
0000080f  ADC12IFGR1_H            
0000080e  ADC12IFGR1_L            
00000810  ADC12IFGR2              
00000811  ADC12IFGR2_H            
00000810  ADC12IFGR2_L            
00000818  ADC12IV                 
00000819  ADC12IV_H               
00000818  ADC12IV_L               
00000808  ADC12LO                 
00000809  ADC12LO_H               
00000808  ADC12LO_L               
00000820  ADC12MCTL0              
00000821  ADC12MCTL0_H            
00000820  ADC12MCTL0_L            
00000822  ADC12MCTL1              
00000834  ADC12MCTL10             
00000835  ADC12MCTL10_H           
00000834  ADC12MCTL10_L           
00000836  ADC12MCTL11             
00000837  ADC12MCTL11_H           
00000836  ADC12MCTL11_L           
00000838  ADC12MCTL12             
00000839  ADC12MCTL12_H           
00000838  ADC12MCTL12_L           
0000083a  ADC12MCTL13             
0000083b  ADC12MCTL13_H           
0000083a  ADC12MCTL13_L           
0000083c  ADC12MCTL14             
0000083d  ADC12MCTL14_H           
0000083c  ADC12MCTL14_L           
0000083e  ADC12MCTL15             
0000083f  ADC12MCTL15_H           
0000083e  ADC12MCTL15_L           
00000840  ADC12MCTL16             
00000841  ADC12MCTL16_H           
00000840  ADC12MCTL16_L           
00000842  ADC12MCTL17             
00000843  ADC12MCTL17_H           
00000842  ADC12MCTL17_L           
00000844  ADC12MCTL18             
00000845  ADC12MCTL18_H           
00000844  ADC12MCTL18_L           
00000846  ADC12MCTL19             
00000847  ADC12MCTL19_H           
00000846  ADC12MCTL19_L           
00000823  ADC12MCTL1_H            
00000822  ADC12MCTL1_L            
00000824  ADC12MCTL2              
00000848  ADC12MCTL20             
00000849  ADC12MCTL20_H           
00000848  ADC12MCTL20_L           
0000084a  ADC12MCTL21             
0000084b  ADC12MCTL21_H           
0000084a  ADC12MCTL21_L           
0000084c  ADC12MCTL22             
0000084d  ADC12MCTL22_H           
0000084c  ADC12MCTL22_L           
0000084e  ADC12MCTL23             
0000084f  ADC12MCTL23_H           
0000084e  ADC12MCTL23_L           
00000850  ADC12MCTL24             
00000851  ADC12MCTL24_H           
00000850  ADC12MCTL24_L           
00000852  ADC12MCTL25             
00000853  ADC12MCTL25_H           
00000852  ADC12MCTL25_L           
00000854  ADC12MCTL26             
00000855  ADC12MCTL26_H           
00000854  ADC12MCTL26_L           
00000856  ADC12MCTL27             
00000857  ADC12MCTL27_H           
00000856  ADC12MCTL27_L           
00000858  ADC12MCTL28             
00000859  ADC12MCTL28_H           
00000858  ADC12MCTL28_L           
0000085a  ADC12MCTL29             
0000085b  ADC12MCTL29_H           
0000085a  ADC12MCTL29_L           
00000825  ADC12MCTL2_H            
00000824  ADC12MCTL2_L            
00000826  ADC12MCTL3              
0000085c  ADC12MCTL30             
0000085d  ADC12MCTL30_H           
0000085c  ADC12MCTL30_L           
0000085e  ADC12MCTL31             
0000085f  ADC12MCTL31_H           
0000085e  ADC12MCTL31_L           
00000827  ADC12MCTL3_H            
00000826  ADC12MCTL3_L            
00000828  ADC12MCTL4              
00000829  ADC12MCTL4_H            
00000828  ADC12MCTL4_L            
0000082a  ADC12MCTL5              
0000082b  ADC12MCTL5_H            
0000082a  ADC12MCTL5_L            
0000082c  ADC12MCTL6              
0000082d  ADC12MCTL6_H            
0000082c  ADC12MCTL6_L            
0000082e  ADC12MCTL7              
0000082f  ADC12MCTL7_H            
0000082e  ADC12MCTL7_L            
00000830  ADC12MCTL8              
00000831  ADC12MCTL8_H            
00000830  ADC12MCTL8_L            
00000832  ADC12MCTL9              
00000833  ADC12MCTL9_H            
00000832  ADC12MCTL9_L            
00000860  ADC12MEM0               
00000861  ADC12MEM0_H             
00000860  ADC12MEM0_L             
00000862  ADC12MEM1               
00000874  ADC12MEM10              
00000875  ADC12MEM10_H            
00000874  ADC12MEM10_L            
00000876  ADC12MEM11              
00000877  ADC12MEM11_H            
00000876  ADC12MEM11_L            
00000878  ADC12MEM12              
00000879  ADC12MEM12_H            
00000878  ADC12MEM12_L            
0000087a  ADC12MEM13              
0000087b  ADC12MEM13_H            
0000087a  ADC12MEM13_L            
0000087c  ADC12MEM14              
0000087d  ADC12MEM14_H            
0000087c  ADC12MEM14_L            
0000087e  ADC12MEM15              
0000087f  ADC12MEM15_H            
0000087e  ADC12MEM15_L            
00000880  ADC12MEM16              
00000881  ADC12MEM16_H            
00000880  ADC12MEM16_L            
00000882  ADC12MEM17              
00000883  ADC12MEM17_H            
00000882  ADC12MEM17_L            
00000884  ADC12MEM18              
00000885  ADC12MEM18_H            
00000884  ADC12MEM18_L            
00000886  ADC12MEM19              
00000887  ADC12MEM19_H            
00000886  ADC12MEM19_L            
00000863  ADC12MEM1_H             
00000862  ADC12MEM1_L             
00000864  ADC12MEM2               
00000888  ADC12MEM20              
00000889  ADC12MEM20_H            
00000888  ADC12MEM20_L            
0000088a  ADC12MEM21              
0000088b  ADC12MEM21_H            
0000088a  ADC12MEM21_L            
0000088c  ADC12MEM22              
0000088d  ADC12MEM22_H            
0000088c  ADC12MEM22_L            
0000088e  ADC12MEM23              
0000088f  ADC12MEM23_H            
0000088e  ADC12MEM23_L            
00000890  ADC12MEM24              
00000891  ADC12MEM24_H            
00000890  ADC12MEM24_L            
00000892  ADC12MEM25              
00000893  ADC12MEM25_H            
00000892  ADC12MEM25_L            
00000894  ADC12MEM26              
00000895  ADC12MEM26_H            
00000894  ADC12MEM26_L            
00000896  ADC12MEM27              
00000897  ADC12MEM27_H            
00000896  ADC12MEM27_L            
00000898  ADC12MEM28              
00000899  ADC12MEM28_H            
00000898  ADC12MEM28_L            
0000089a  ADC12MEM29              
0000089b  ADC12MEM29_H            
0000089a  ADC12MEM29_L            
00000865  ADC12MEM2_H             
00000864  ADC12MEM2_L             
00000866  ADC12MEM3               
0000089c  ADC12MEM30              
0000089d  ADC12MEM30_H            
0000089c  ADC12MEM30_L            
0000089e  ADC12MEM31              
0000089f  ADC12MEM31_H            
0000089e  ADC12MEM31_L            
00000867  ADC12MEM3_H             
00000866  ADC12MEM3_L             
00000868  ADC12MEM4               
00000869  ADC12MEM4_H             
00000868  ADC12MEM4_L             
0000086a  ADC12MEM5               
0000086b  ADC12MEM5_H             
0000086a  ADC12MEM5_L             
0000086c  ADC12MEM6               
0000086d  ADC12MEM6_H             
0000086c  ADC12MEM6_L             
0000086e  ADC12MEM7               
0000086f  ADC12MEM7_H             
0000086e  ADC12MEM7_L             
00000870  ADC12MEM8               
00000871  ADC12MEM8_H             
00000870  ADC12MEM8_L             
00000872  ADC12MEM9               
00000873  ADC12MEM9_H             
00000872  ADC12MEM9_L             
000004be  BCD2BIN                 
000004bc  BIN2BCD                 
0000f2d0  BITMASK_1_H             
0000f2da  BITMASK_1_L             
0000f2e4  BITMASK_2_H             
0000f2ee  BITMASK_2_L             
0000f2f8  BITMASK_3               
0000f302  BITMASK_4               
0000eebe  C$$EXIT                 
0000ea0e  C$$IO$$                 
0000043e  CAPTIO0CTL              
0000043f  CAPTIO0CTL_H            
0000043e  CAPTIO0CTL_L            
0000047e  CAPTIO1CTL              
0000047f  CAPTIO1CTL_H            
0000047e  CAPTIO1CTL_L            
000008c0  CECTL0                  
000008c1  CECTL0_H                
000008c0  CECTL0_L                
000008c2  CECTL1                  
000008c3  CECTL1_H                
000008c2  CECTL1_L                
000008c4  CECTL2                  
000008c5  CECTL2_H                
000008c4  CECTL2_L                
000008c6  CECTL3                  
000008c7  CECTL3_H                
000008c6  CECTL3_L                
000008cc  CEINT                   
000008cd  CEINT_H                 
000008cc  CEINT_L                 
000008ce  CEIV                    
000008cf  CEIV_H                  
000008ce  CEIV_L                  
0000f314  CLKHS_freq              
00001eae  CLKHS_freq_cal          
00001eaa  CLKHS_freq_corr_fact    
00000996  CRC16DIRBW0             
00000997  CRC16DIRBW0_H           
00000996  CRC16DIRBW0_L           
00000994  CRC16DIRBW1             
00000995  CRC16DIRBW1_H           
00000994  CRC16DIRBW1_L           
00000990  CRC16DIW0               
00000991  CRC16DIW0_H             
00000990  CRC16DIW0_L             
00000992  CRC16DIW1               
00000993  CRC16DIW1_H             
00000992  CRC16DIW1_L             
00000998  CRC16INIRESW0           
00000999  CRC16INIRESW0_H         
00000998  CRC16INIRESW0_L         
0000099e  CRC16RESRW0             
0000099f  CRC16RESRW0_H           
0000099e  CRC16RESRW0_L           
0000099c  CRC16RESRW1             
0000099d  CRC16RESRW1_H           
0000099c  CRC16RESRW1_L           
00000986  CRC32DIRBW0             
00000987  CRC32DIRBW0_H           
00000986  CRC32DIRBW0_L           
00000984  CRC32DIRBW1             
00000985  CRC32DIRBW1_H           
00000984  CRC32DIRBW1_L           
00000980  CRC32DIW0               
00000981  CRC32DIW0_H             
00000980  CRC32DIW0_L             
00000982  CRC32DIW1               
00000983  CRC32DIW1_H             
00000982  CRC32DIW1_L             
00000988  CRC32INIRESW0           
00000989  CRC32INIRESW0_H         
00000988  CRC32INIRESW0_L         
0000098a  CRC32INIRESW1           
0000098b  CRC32INIRESW1_H         
0000098a  CRC32INIRESW1_L         
0000098e  CRC32RESRW0             
0000098f  CRC32RESRW0_H           
0000098e  CRC32RESRW0_L           
0000098c  CRC32RESRW1             
0000098d  CRC32RESRW1_H           
0000098c  CRC32RESRW1_L           
00000150  CRCDI                   
00000152  CRCDIRB                 
00000153  CRCDIRB_H               
00000152  CRCDIRB_L               
00000151  CRCDI_H                 
00000150  CRCDI_L                 
00000154  CRCINIRES               
00000155  CRCINIRES_H             
00000154  CRCINIRES_L             
00000156  CRCRESR                 
00000157  CRCRESR_H               
00000156  CRCRESR_L               
00000160  CSCTL0                  
00000161  CSCTL0_H                
00000160  CSCTL0_L                
00000162  CSCTL1                  
00000163  CSCTL1_H                
00000162  CSCTL1_L                
00000164  CSCTL2                  
00000165  CSCTL2_H                
00000164  CSCTL2_L                
00000166  CSCTL3                  
00000167  CSCTL3_H                
00000166  CSCTL3_L                
00000168  CSCTL4                  
00000169  CSCTL4_H                
00000168  CSCTL4_L                
0000016a  CSCTL5                  
0000016b  CSCTL5_H                
0000016a  CSCTL5_L                
0000016c  CSCTL6                  
0000016d  CSCTL6_H                
0000016c  CSCTL6_L                
0000f2ac  DIGIT_REGS              
00000510  DMA0CTL                 
00000511  DMA0CTL_H               
00000510  DMA0CTL_L               
00000516  DMA0DA                  
00000518  DMA0DAH                 
00000516  DMA0DAL                 
00000512  DMA0SA                  
00000514  DMA0SAH                 
00000512  DMA0SAL                 
0000051a  DMA0SZ                  
00000520  DMA1CTL                 
00000521  DMA1CTL_H               
00000520  DMA1CTL_L               
00000526  DMA1DA                  
00000528  DMA1DAH                 
00000526  DMA1DAL                 
00000522  DMA1SA                  
00000524  DMA1SAH                 
00000522  DMA1SAL                 
0000052a  DMA1SZ                  
00000530  DMA2CTL                 
00000531  DMA2CTL_H               
00000530  DMA2CTL_L               
00000536  DMA2DA                  
00000538  DMA2DAH                 
00000536  DMA2DAL                 
00000532  DMA2SA                  
00000534  DMA2SAH                 
00000532  DMA2SAL                 
0000053a  DMA2SZ                  
00000500  DMACTL0                 
00000501  DMACTL0_H               
00000500  DMACTL0_L               
00000502  DMACTL1                 
00000503  DMACTL1_H               
00000502  DMACTL1_L               
00000504  DMACTL2                 
00000505  DMACTL2_H               
00000504  DMACTL2_L               
00000506  DMACTL3                 
00000507  DMACTL3_H               
00000506  DMACTL3_L               
00000508  DMACTL4                 
00000509  DMACTL4_H               
00000508  DMACTL4_L               
0000050e  DMAIV                   
0000050f  DMAIV_H                 
0000050e  DMAIV_L                 
00000140  FRCTL0                  
00000141  FRCTL0_H                
00000140  FRCTL0_L                
00000144  GCCTL0                  
00000145  GCCTL0_H                
00000144  GCCTL0_L                
00000146  GCCTL1                  
00000147  GCCTL1_H                
00000146  GCCTL1_L                
0000e4bc  HOSTclose               
0000d7f6  HOSTlseek               
0000e06a  HOSTopen                
0000e1ec  HOSTread                
0000dcc6  HOSTrename              
0000e500  HOSTunlink              
0000e18e  HOSTwrite               
0000f66e  ISR_PORT1               
00000a40  LCDBM1                  
00000a49  LCDBM10                 
00000a4a  LCDBM11                 
00000a4b  LCDBM12                 
00000a4c  LCDBM13                 
00000a4d  LCDBM14                 
00000a4e  LCDBM15                 
00000a4f  LCDBM16                 
00000a50  LCDBM17                 
00000a51  LCDBM18                 
00000a52  LCDBM19                 
00000a41  LCDBM2                  
00000a53  LCDBM20                 
00000a54  LCDBM21                 
00000a55  LCDBM22                 
00000a42  LCDBM3                  
00000a43  LCDBM4                  
00000a44  LCDBM5                  
00000a45  LCDBM6                  
00000a46  LCDBM7                  
00000a47  LCDBM8                  
00000a48  LCDBM9                  
00000a04  LCDCBLKCTL              
00000a05  LCDCBLKCTL_H            
00000a04  LCDCBLKCTL_L            
00000a12  LCDCCPCTL               
00000a13  LCDCCPCTL_H             
00000a12  LCDCCPCTL_L             
00000a00  LCDCCTL0                
00000a01  LCDCCTL0_H              
00000a00  LCDCCTL0_L              
00000a02  LCDCCTL1                
00000a03  LCDCCTL1_H              
00000a02  LCDCCTL1_L              
00000a1e  LCDCIV                  
00000a06  LCDCMEMCTL              
00000a07  LCDCMEMCTL_H            
00000a06  LCDCMEMCTL_L            
00000a0a  LCDCPCTL0               
00000a0b  LCDCPCTL0_H             
00000a0a  LCDCPCTL0_L             
00000a0c  LCDCPCTL1               
00000a0d  LCDCPCTL1_H             
00000a0c  LCDCPCTL1_L             
00000a0e  LCDCPCTL2               
00000a0f  LCDCPCTL2_H             
00000a0e  LCDCPCTL2_L             
00000a08  LCDCVCTL                
00000a09  LCDCVCTL_H              
00000a08  LCDCVCTL_L              
00000a20  LCDM1                   
00000a29  LCDM10                  
00000a2a  LCDM11                  
00000a2b  LCDM12                  
00000a2c  LCDM13                  
00000a2d  LCDM14                  
00000a2e  LCDM15                  
00000a2f  LCDM16                  
00000a30  LCDM17                  
00000a31  LCDM18                  
00000a32  LCDM19                  
00000a21  LCDM2                   
00000a33  LCDM20                  
00000a34  LCDM21                  
00000a35  LCDM22                  
00000a36  LCDM23                  
00000a37  LCDM24                  
00000a38  LCDM25                  
00000a39  LCDM26                  
00000a3a  LCDM27                  
00000a3b  LCDM28                  
00000a3c  LCDM29                  
00000a22  LCDM3                   
00000a3d  LCDM30                  
00000a3e  LCDM31                  
00000a3f  LCDM32                  
00000a40  LCDM33                  
00000a41  LCDM34                  
00000a42  LCDM35                  
00000a43  LCDM36                  
00000a44  LCDM37                  
00000a45  LCDM38                  
00000a46  LCDM39                  
00000a23  LCDM4                   
00000a47  LCDM40                  
00000a48  LCDM41                  
00000a49  LCDM42                  
00000a4a  LCDM43                  
00000a24  LCDM5                   
00000a25  LCDM6                   
00000a26  LCDM7                   
00000a27  LCDM8                   
00000a28  LCDM9                   
000004c4  MAC                     
000004da  MAC32H                  
000004db  MAC32H_H                
000004da  MAC32H_L                
000004d8  MAC32L                  
000004d9  MAC32L_H                
000004d8  MAC32L_L                
000004c6  MACS                    
000004de  MACS32H                 
000004df  MACS32H_H               
000004de  MACS32H_L               
000004dc  MACS32L                 
000004dd  MACS32L_H               
000004dc  MACS32L_L               
000004c7  MACS_H                  
000004c6  MACS_L                  
000004c5  MAC_H                   
000004c4  MAC_L                   
000005a0  MPUCTL0                 
000005a1  MPUCTL0_H               
000005a0  MPUCTL0_L               
000005a2  MPUCTL1                 
000005a3  MPUCTL1_H               
000005a2  MPUCTL1_L               
000005aa  MPUIPC0                 
000005ab  MPUIPC0_H               
000005aa  MPUIPC0_L               
000005ae  MPUIPSEGB1              
000005af  MPUIPSEGB1_H            
000005ae  MPUIPSEGB1_L            
000005ac  MPUIPSEGB2              
000005ad  MPUIPSEGB2_H            
000005ac  MPUIPSEGB2_L            
000005a8  MPUSAM                  
000005a9  MPUSAM_H                
000005a8  MPUSAM_L                
000005a6  MPUSEGB1                
000005a7  MPUSEGB1_H              
000005a6  MPUSEGB1_L              
000005a4  MPUSEGB2                
000005a5  MPUSEGB2_H              
000005a4  MPUSEGB2_L              
000004c0  MPY                     
000004ec  MPY32CTL0               
000004ed  MPY32CTL0_H             
000004ec  MPY32CTL0_L             
000004d2  MPY32H                  
000004d3  MPY32H_H                
000004d2  MPY32H_L                
000004d0  MPY32L                  
000004d1  MPY32L_H                
000004d0  MPY32L_L                
000004c2  MPYS                    
000004d6  MPYS32H                 
000004d7  MPYS32H_H               
000004d6  MPYS32H_L               
000004d4  MPYS32L                 
000004d5  MPYS32L_H               
000004d4  MPYS32L_L               
000004c3  MPYS_H                  
000004c2  MPYS_L                  
000004c1  MPY_H                   
000004c0  MPY_L                   
00001f12  NUM_REGS                
000004c8  OP2                     
000004e2  OP2H                    
000004e3  OP2H_H                  
000004e2  OP2H_L                  
000004e0  OP2L                    
000004e1  OP2L_H                  
000004e0  OP2L_L                  
000004c9  OP2_H                   
000004c8  OP2_L                   
0000020e  P1IV                    
0000021e  P2IV                    
0000022e  P3IV                    
0000023e  P4IV                    
00000204  PADIR                   
00000205  PADIR_H                 
00000204  PADIR_L                 
0000021a  PAIE                    
00000218  PAIES                   
00000219  PAIES_H                 
00000218  PAIES_L                 
0000021b  PAIE_H                  
0000021a  PAIE_L                  
0000021c  PAIFG                   
0000021d  PAIFG_H                 
0000021c  PAIFG_L                 
00000200  PAIN                    
00000201  PAIN_H                  
00000200  PAIN_L                  
00000202  PAOUT                   
00000203  PAOUT_H                 
00000202  PAOUT_L                 
00000206  PAREN                   
00000207  PAREN_H                 
00000206  PAREN_L                 
0000020a  PASEL0                  
0000020b  PASEL0_H                
0000020a  PASEL0_L                
0000020c  PASEL1                  
0000020d  PASEL1_H                
0000020c  PASEL1_L                
00000216  PASELC                  
00000217  PASELC_H                
00000216  PASELC_L                
00000224  PBDIR                   
00000225  PBDIR_H                 
00000224  PBDIR_L                 
0000023a  PBIE                    
00000238  PBIES                   
00000239  PBIES_H                 
00000238  PBIES_L                 
0000023b  PBIE_H                  
0000023a  PBIE_L                  
0000023c  PBIFG                   
0000023d  PBIFG_H                 
0000023c  PBIFG_L                 
00000220  PBIN                    
00000221  PBIN_H                  
00000220  PBIN_L                  
00000222  PBOUT                   
00000223  PBOUT_H                 
00000222  PBOUT_L                 
00000226  PBREN                   
00000227  PBREN_H                 
00000226  PBREN_L                 
0000022a  PBSEL0                  
0000022b  PBSEL0_H                
0000022a  PBSEL0_L                
0000022c  PBSEL1                  
0000022d  PBSEL1_H                
0000022c  PBSEL1_L                
00000236  PBSELC                  
00000237  PBSELC_H                
00000236  PBSELC_L                
00000244  PCDIR                   
00000245  PCDIR_H                 
00000244  PCDIR_L                 
00000240  PCIN                    
00000241  PCIN_H                  
00000240  PCIN_L                  
00000242  PCOUT                   
00000243  PCOUT_H                 
00000242  PCOUT_L                 
00000246  PCREN                   
00000247  PCREN_H                 
00000246  PCREN_L                 
0000024a  PCSEL0                  
0000024b  PCSEL0_H                
0000024a  PCSEL0_L                
0000024c  PCSEL1                  
0000024d  PCSEL1_H                
0000024c  PCSEL1_L                
00000256  PCSELC                  
00000257  PCSELC_H                
00000256  PCSELC_L                
00000264  PDDIR                   
00000265  PDDIR_H                 
00000264  PDDIR_L                 
00000260  PDIN                    
00000261  PDIN_H                  
00000260  PDIN_L                  
00000262  PDOUT                   
00000263  PDOUT_H                 
00000262  PDOUT_L                 
00000266  PDREN                   
00000267  PDREN_H                 
00000266  PDREN_L                 
0000026a  PDSEL0                  
0000026b  PDSEL0_H                
0000026a  PDSEL0_L                
0000026c  PDSEL1                  
0000026d  PDSEL1_H                
0000026c  PDSEL1_L                
00000276  PDSELC                  
00000277  PDSELC_H                
00000276  PDSELC_L                
00000284  PEDIR                   
00000285  PEDIR_H                 
00000284  PEDIR_L                 
00000280  PEIN                    
00000281  PEIN_H                  
00000280  PEIN_L                  
00000282  PEOUT                   
00000283  PEOUT_H                 
00000282  PEOUT_L                 
00000286  PEREN                   
00000287  PEREN_H                 
00000286  PEREN_L                 
0000028a  PESEL0                  
0000028b  PESEL0_H                
0000028a  PESEL0_L                
0000028c  PESEL1                  
0000028d  PESEL1_H                
0000028c  PESEL1_L                
00000296  PESELC                  
00000297  PESELC_H                
00000296  PESELC_L                
00000324  PJDIR                   
00000325  PJDIR_H                 
00000324  PJDIR_L                 
00000320  PJIN                    
00000321  PJIN_H                  
00000320  PJIN_L                  
00000322  PJOUT                   
00000323  PJOUT_H                 
00000322  PJOUT_L                 
00000326  PJREN                   
00000327  PJREN_H                 
00000326  PJREN_L                 
0000032a  PJSEL0                  
0000032b  PJSEL0_H                
0000032a  PJSEL0_L                
0000032c  PJSEL1                  
0000032d  PJSEL1_H                
0000032c  PJSEL1_L                
00000336  PJSELC                  
00000337  PJSELC_H                
00000336  PJSELC_L                
00000130  PM5CTL0                 
00000131  PM5CTL0_H               
00000130  PM5CTL0_L               
00000120  PMMCTL0                 
00000121  PMMCTL0_H               
00000120  PMMCTL0_L               
0000012a  PMMIFG                  
0000012b  PMMIFG_H                
0000012a  PMMIFG_L                
00001f5a  PRIMARY_ADDRESS         
00002222  PW1ST                   
00001eba  R1                      
00001ebe  R2                      
00000158  RCCTL0                  
00000159  RCCTL0_H                
00000158  RCCTL0_L                
000001b0  REFCTL0                 
000001b1  REFCTL0_H               
000001b0  REFCTL0_L               
000004e4  RES0                    
000004e5  RES0_H                  
000004e4  RES0_L                  
000004e6  RES1                    
000004e7  RES1_H                  
000004e6  RES1_L                  
000004e8  RES2                    
000004e9  RES2_H                  
000004e8  RES2_L                  
000004ea  RES3                    
000004eb  RES3_H                  
000004ea  RES3_L                  
000004cc  RESHI                   
000004cd  RESHI_H                 
000004cc  RESHI_L                 
000004ca  RESLO                   
000004cb  RESLO_H                 
000004ca  RESLO_L                 
000004ba  RTCADOWDAY              
000004bb  RTCADOWDAY_H            
000004ba  RTCADOWDAY_L            
000004b8  RTCAMINHR               
000004b9  RTCAMINHR_H             
000004b8  RTCAMINHR_L             
000004a0  RTCCTL0                 
000004a1  RTCCTL0_H               
000004a0  RTCCTL0_L               
000004a2  RTCCTL13                
000004a3  RTCCTL13_H              
000004a2  RTCCTL13_L              
0000f5bc  RTCC_ISR                
000004b4  RTCDATE                 
000004b5  RTCDATE_H               
000004b4  RTCDATE_L               
000004ae  RTCIV                   
000004a4  RTCOCAL                 
000004a5  RTCOCAL_H               
000004a4  RTCOCAL_L               
000004ac  RTCPS                   
000004a8  RTCPS0CTL               
000004a9  RTCPS0CTL_H             
000004a8  RTCPS0CTL_L             
000004aa  RTCPS1CTL               
000004ab  RTCPS1CTL_H             
000004aa  RTCPS1CTL_L             
000004ad  RTCPS_H                 
000004ac  RTCPS_L                 
000004a6  RTCTCMP                 
000004a7  RTCTCMP_H               
000004a6  RTCTCMP_L               
000004b0  RTCTIM0                 
000004b1  RTCTIM0_H               
000004b0  RTCTIM0_L               
000004b2  RTCTIM1                 
000004b3  RTCTIM1_H               
000004b2  RTCTIM1_L               
000004b6  RTCYEAR                 
000004b7  RTCYEAR_H               
000004b6  RTCYEAR_L               
00001eb2  Ratio_RT1_Rref          
00001eb6  Ratio_RT2_Rref          
00002226  Result_0_down           
0000222a  Result_0_up             
0000222e  Result_1_down           
00002232  Result_1_up             
00002236  Result_2_down           
0000223a  Result_2_up             
00001f5c  SERIAL_NUMBER           
00000100  SFRIE1                  
00000101  SFRIE1_H                
00000100  SFRIE1_L                
00000102  SFRIFG1                 
00000103  SFRIFG1_H               
00000102  SFRIFG1_L               
00000104  SFRRPCR                 
00000105  SFRRPCR_H               
00000104  SFRRPCR_L               
0000f318  SPI_CONTINUE            
000004ce  SUMEXT                  
000004cf  SUMEXT_H                
000004ce  SUMEXT_L                
00000180  SYSCTL                  
00000181  SYSCTL_H                
00000180  SYSCTL_L                
00000186  SYSJMBC                 
00000187  SYSJMBC_H               
00000186  SYSJMBC_L               
00000188  SYSJMBI0                
00000189  SYSJMBI0_H              
00000188  SYSJMBI0_L              
0000018a  SYSJMBI1                
0000018b  SYSJMBI1_H              
0000018a  SYSJMBI1_L              
0000018c  SYSJMBO0                
0000018d  SYSJMBO0_H              
0000018c  SYSJMBO0_L              
0000018e  SYSJMBO1                
0000018f  SYSJMBO1_H              
0000018e  SYSJMBO1_L              
0000019e  SYSRSTIV                
0000019f  SYSRSTIV_H              
0000019e  SYSRSTIV_L              
0000019c  SYSSNIV                 
0000019d  SYSSNIV_H               
0000019c  SYSSNIV_L               
0000019a  SYSUNIV                 
0000019b  SYSUNIV_H               
0000019a  SYSUNIV_L               
00001ed6  Std_Dev_of_Diff         
00000352  TA0CCR0                 
00000354  TA0CCR1                 
00000356  TA0CCR2                 
00000342  TA0CCTL0                
00000344  TA0CCTL1                
00000346  TA0CCTL2                
00000340  TA0CTL                  
00000360  TA0EX0                  
0000036e  TA0IV                   
00000350  TA0R                    
00000392  TA1CCR0                 
00000394  TA1CCR1                 
00000396  TA1CCR2                 
00000382  TA1CCTL0                
00000384  TA1CCTL1                
00000386  TA1CCTL2                
00000380  TA1CTL                  
000003a0  TA1EX0                  
000003ae  TA1IV                   
00000390  TA1R                    
0000f69e  TA1_ISR                 
00000412  TA2CCR0                 
00000414  TA2CCR1                 
00000402  TA2CCTL0                
00000404  TA2CCTL1                
00000400  TA2CTL                  
00000420  TA2EX0                  
0000042e  TA2IV                   
00000410  TA2R                    
0000f63c  TA2_ISR                 
00000452  TA3CCR0                 
00000454  TA3CCR1                 
00000456  TA3CCR2                 
00000458  TA3CCR3                 
0000045a  TA3CCR4                 
00000442  TA3CCTL0                
00000444  TA3CCTL1                
00000446  TA3CCTL2                
00000448  TA3CCTL3                
0000044a  TA3CCTL4                
00000440  TA3CTL                  
00000460  TA3EX0                  
0000046e  TA3IV                   
00000450  TA3R                    
0000f6ea  TA3_ISR                 
000003d2  TB0CCR0                 
000003d4  TB0CCR1                 
000003d6  TB0CCR2                 
000003d8  TB0CCR3                 
000003da  TB0CCR4                 
000003dc  TB0CCR5                 
000003de  TB0CCR6                 
000003c2  TB0CCTL0                
000003c4  TB0CCTL1                
000003c6  TB0CCTL2                
000003c8  TB0CCTL3                
000003ca  TB0CCTL4                
000003cc  TB0CCTL5                
000003ce  TB0CCTL6                
000003c0  TB0CTL                  
000003e0  TB0EX0                  
000003ee  TB0IV                   
000003d0  TB0R                    
00001ec2  TOF_diff_avg            
00001ed2  TOF_diff_square_sum     
00001ec6  TOF_diff_sum            
0000223e  TOF_down                
00001eca  TOF_sum_avg             
00001ece  TOF_sum_sum             
00002242  TOF_up                  
00002246  Time_of_flight_diff     
0000224a  Time_of_flight_sum      
000005d0  UCA0ABCTL               
000005c6  UCA0BRW                 
000005c7  UCA0BRW_H               
000005c6  UCA0BRW_L               
000005c0  UCA0CTLW0               
000005c1  UCA0CTLW0_H             
000005c0  UCA0CTLW0_L             
000005c2  UCA0CTLW1               
000005c3  UCA0CTLW1_H             
000005c2  UCA0CTLW1_L             
000005da  UCA0IE                  
000005db  UCA0IE_H                
000005da  UCA0IE_L                
000005dc  UCA0IFG                 
000005dd  UCA0IFG_H               
000005dc  UCA0IFG_L               
000005d2  UCA0IRCTL               
000005d3  UCA0IRCTL_H             
000005d2  UCA0IRCTL_L             
000005de  UCA0IV                  
000005c8  UCA0MCTLW               
000005c9  UCA0MCTLW_H             
000005c8  UCA0MCTLW_L             
000005cc  UCA0RXBUF               
000005cd  UCA0RXBUF_H             
000005cc  UCA0RXBUF_L             
000005ca  UCA0STATW               
000005ce  UCA0TXBUF               
000005cf  UCA0TXBUF_H             
000005ce  UCA0TXBUF_L             
000005f0  UCA1ABCTL               
000005e6  UCA1BRW                 
000005e7  UCA1BRW_H               
000005e6  UCA1BRW_L               
000005e0  UCA1CTLW0               
000005e1  UCA1CTLW0_H             
000005e0  UCA1CTLW0_L             
000005e2  UCA1CTLW1               
000005e3  UCA1CTLW1_H             
000005e2  UCA1CTLW1_L             
000005fa  UCA1IE                  
000005fb  UCA1IE_H                
000005fa  UCA1IE_L                
000005fc  UCA1IFG                 
000005fd  UCA1IFG_H               
000005fc  UCA1IFG_L               
000005f2  UCA1IRCTL               
000005f3  UCA1IRCTL_H             
000005f2  UCA1IRCTL_L             
000005fe  UCA1IV                  
000005e8  UCA1MCTLW               
000005e9  UCA1MCTLW_H             
000005e8  UCA1MCTLW_L             
000005ec  UCA1RXBUF               
000005ed  UCA1RXBUF_H             
000005ec  UCA1RXBUF_L             
000005ea  UCA1STATW               
000005ee  UCA1TXBUF               
000005ef  UCA1TXBUF_H             
000005ee  UCA1TXBUF_L             
0000065e  UCB0ADDMASK             
0000065f  UCB0ADDMASK_H           
0000065e  UCB0ADDMASK_L           
0000065c  UCB0ADDRX               
0000065d  UCB0ADDRX_H             
0000065c  UCB0ADDRX_L             
00000646  UCB0BRW                 
00000647  UCB0BRW_H               
00000646  UCB0BRW_L               
00000640  UCB0CTLW0               
00000641  UCB0CTLW0_H             
00000640  UCB0CTLW0_L             
00000642  UCB0CTLW1               
00000643  UCB0CTLW1_H             
00000642  UCB0CTLW1_L             
00000654  UCB0I2COA0              
00000655  UCB0I2COA0_H            
00000654  UCB0I2COA0_L            
00000656  UCB0I2COA1              
00000657  UCB0I2COA1_H            
00000656  UCB0I2COA1_L            
00000658  UCB0I2COA2              
00000659  UCB0I2COA2_H            
00000658  UCB0I2COA2_L            
0000065a  UCB0I2COA3              
0000065b  UCB0I2COA3_H            
0000065a  UCB0I2COA3_L            
00000660  UCB0I2CSA               
00000661  UCB0I2CSA_H             
00000660  UCB0I2CSA_L             
0000066a  UCB0IE                  
0000066b  UCB0IE_H                
0000066a  UCB0IE_L                
0000066c  UCB0IFG                 
0000066d  UCB0IFG_H               
0000066c  UCB0IFG_L               
0000066e  UCB0IV                  
0000064c  UCB0RXBUF               
0000064d  UCB0RXBUF_H             
0000064c  UCB0RXBUF_L             
00000648  UCB0STATW               
00000649  UCB0STATW_H             
00000648  UCB0STATW_L             
0000064a  UCB0TBCNT               
0000064b  UCB0TBCNT_H             
0000064a  UCB0TBCNT_L             
0000064e  UCB0TXBUF               
0000064f  UCB0TXBUF_H             
0000064e  UCB0TXBUF_L             
0000069e  UCB1ADDMASK             
0000069f  UCB1ADDMASK_H           
0000069e  UCB1ADDMASK_L           
0000069c  UCB1ADDRX               
0000069d  UCB1ADDRX_H             
0000069c  UCB1ADDRX_L             
00000686  UCB1BRW                 
00000687  UCB1BRW_H               
00000686  UCB1BRW_L               
00000680  UCB1CTLW0               
00000681  UCB1CTLW0_H             
00000680  UCB1CTLW0_L             
00000682  UCB1CTLW1               
00000683  UCB1CTLW1_H             
00000682  UCB1CTLW1_L             
00000694  UCB1I2COA0              
00000695  UCB1I2COA0_H            
00000694  UCB1I2COA0_L            
00000696  UCB1I2COA1              
00000697  UCB1I2COA1_H            
00000696  UCB1I2COA1_L            
00000698  UCB1I2COA2              
00000699  UCB1I2COA2_H            
00000698  UCB1I2COA2_L            
0000069a  UCB1I2COA3              
0000069b  UCB1I2COA3_H            
0000069a  UCB1I2COA3_L            
000006a0  UCB1I2CSA               
000006a1  UCB1I2CSA_H             
000006a0  UCB1I2CSA_L             
000006aa  UCB1IE                  
000006ab  UCB1IE_H                
000006aa  UCB1IE_L                
000006ac  UCB1IFG                 
000006ad  UCB1IFG_H               
000006ac  UCB1IFG_L               
000006ae  UCB1IV                  
0000068c  UCB1RXBUF               
0000068d  UCB1RXBUF_H             
0000068c  UCB1RXBUF_L             
00000688  UCB1STATW               
00000689  UCB1STATW_H             
00000688  UCB1STATW_L             
0000068a  UCB1TBCNT               
0000068b  UCB1TBCNT_H             
0000068a  UCB1TBCNT_L             
0000068e  UCB1TXBUF               
0000068f  UCB1TXBUF_H             
0000068e  UCB1TXBUF_L             
0000f31a  USCI_A1_ISR             
0000015c  WDTCTL                  
0000015d  WDTCTL_H                
0000015c  WDTCTL_L                
0000b444  _Atan                   
000080aa  _CIOBUF_                
00001cb0  _Denorm                 
0000d1f0  _Dint                   
0000cadc  _Dnorm                  
0000c35c  _Dscale                 
0000dbe8  _Dunscale               
00001cc0  _Eps                    
00001f82  _Errno                  
0000a0f2  _Exp                    
00001e20  _FDenorm                
00001e30  _FEps                   
00001e40  _FInf                   
00001e50  _FNan                   
00001e70  _FRteps                 
00001e60  _FSnan                  
00001e80  _FXbig                  
00001e84  _FZero                  
00001f68  _Fenv                   
0000e8bc  _Feraise                
00001cd0  _Hugeval                
00001ce0  _Inf                    
00009910  _Log                    
00001cf0  _Nan                    
00001d10  _Rteps                  
00001d00  _Snan                   
00001f6c  _Tls_setup__Fenv        
00001d20  _Xbig                   
00001d28  _Zero                   
00002400  __STACK_END             
000000a0  __STACK_SIZE            
00000190  __SYSMEM_SIZE           
0000f818  __TI_CINIT_Base         
0000f830  __TI_CINIT_Limit        
0000f800  __TI_Handler_Table_Base 
0000f80c  __TI_Handler_Table_Limit
UNDEFED   __TI_INITARRAY_Base     
UNDEFED   __TI_INITARRAY_Limit    
0000f6fc  __TI_ISR_TRAP           
0000e8ee  __TI_cleanup            
00001f70  __TI_cleanup_ptr        
0000de04  __TI_closefile          
0000e6fa  __TI_decompress_none    
0000ee20  __TI_decompress_rle24   
0000e0cc  __TI_doflush            
00001f74  __TI_dtors_ptr          
0000b998  __TI_frcaddd            
000094be  __TI_frcdivd            
0000ae8a  __TI_frcmpyd            
00001f80  __TI_ft_end             
0000ffc8  __TI_int28              
0000ffca  __TI_int29              
0000ffcc  __TI_int30              
0000ffce  __TI_int31              
0000ffd0  __TI_int32              
0000ffd2  __TI_int33              
0000ffd4  __TI_int34              
0000ffd6  __TI_int35              
0000ffd8  __TI_int36              
0000ffda  __TI_int37              
0000ffdc  __TI_int38              
0000ffde  __TI_int39              
0000ffe0  __TI_int40              
0000ffe2  __TI_int41              
0000ffe4  __TI_int42              
0000ffe6  __TI_int43              
0000ffe8  __TI_int44              
0000ffea  __TI_int45              
0000ffec  __TI_int46              
0000ffee  __TI_int47              
0000fff2  __TI_int49              
0000fff4  __TI_int50              
0000fff6  __TI_int51              
0000fff8  __TI_int52              
0000fffa  __TI_int53              
0000fffc  __TI_int54              
0000eaca  __TI_readmsg            
0000d4ea  __TI_renormd            
00002172  __TI_tmpnams            
0000e9e4  __TI_writemsg           
0000da84  __TI_wrt_ok             
0000e5c4  __TI_zero_init          
ffffffff  __binit__               
ffffffff  __c_args__              
0000e584  __memcpy_far            
0000b16e  __mspabi_addd           
0000c65a  __mspabi_addf           
0000cea6  __mspabi_cmpd           
0000d76a  __mspabi_cvtdf          
0000dfa2  __mspabi_cvtfd          
0000bbea  __mspabi_divd           
0000d6dc  __mspabi_divf           
0000eb22  __mspabi_divi           
0000ed46  __mspabi_divu           
00009d58  __mspabi_divull         
0000ebce  __mspabi_fixdi          
0000df3c  __mspabi_fixdli         
0000ed9c  __mspabi_fixdu          
0000de6c  __mspabi_fixdul         
0000ded4  __mspabi_fixfi          
0000e430  __mspabi_fixfu          
0000d87c  __mspabi_fixfull        
0000ee74  __mspabi_fltid          
0000e81c  __mspabi_fltif          
0000d648  __mspabi_fltlid         
0000eeb4  __mspabi_fltud          
0000ec1c  __mspabi_fltuf          
0000dafe  __mspabi_fltuld         
0000e952  __mspabi_fltulf         
0000d37c  __mspabi_fltullf        
0000b718  __mspabi_mpyd           
0000d434  __mspabi_mpyf           
0000ed5c  __mspabi_mpyi_f5hw      
0000ec88  __mspabi_mpyl_f5hw      
0000e248  __mspabi_mpyll_f5hw     
0000eb7a  __mspabi_negd           
0000ee96  __mspabi_negf           
0000eb22  __mspabi_remi           
0000ed46  __mspabi_remu           
0000e34a  __mspabi_remull         
0000eea0  __mspabi_slli           
0000edd0  __mspabi_slll           
0000e678  __mspabi_slll_1         
0000e654  __mspabi_slll_10        
0000e650  __mspabi_slll_11        
0000e64c  __mspabi_slll_12        
0000e648  __mspabi_slll_13        
0000e644  __mspabi_slll_14        
0000e640  __mspabi_slll_15        
0000e674  __mspabi_slll_2         
0000e670  __mspabi_slll_3         
0000e66c  __mspabi_slll_4         
0000e668  __mspabi_slll_5         
0000e664  __mspabi_slll_6         
0000e660  __mspabi_slll_7         
0000e65c  __mspabi_slll_8         
0000e658  __mspabi_slll_9         
0000e736  __mspabi_sllll          
0000edc0  __mspabi_sral           
0000e63a  __mspabi_sral_1         
0000e616  __mspabi_sral_10        
0000e612  __mspabi_sral_11        
0000e60e  __mspabi_sral_12        
0000e60a  __mspabi_sral_13        
0000e606  __mspabi_sral_14        
0000e602  __mspabi_sral_15        
0000e636  __mspabi_sral_2         
0000e632  __mspabi_sral_3         
0000e62e  __mspabi_sral_4         
0000e62a  __mspabi_sral_5         
0000e626  __mspabi_sral_6         
0000e622  __mspabi_sral_7         
0000e61e  __mspabi_sral_8         
0000e61a  __mspabi_sral_9         
0000eeaa  __mspabi_srli           
0000ede0  __mspabi_srll           
0000e6b6  __mspabi_srll_1         
0000e692  __mspabi_srll_10        
0000e68e  __mspabi_srll_11        
0000e68a  __mspabi_srll_12        
0000e686  __mspabi_srll_13        
0000e682  __mspabi_srll_14        
0000e67e  __mspabi_srll_15        
0000e6b2  __mspabi_srll_2         
0000e6ae  __mspabi_srll_3         
0000e6aa  __mspabi_srll_4         
0000e6a6  __mspabi_srll_5         
0000e6a2  __mspabi_srll_6         
0000e69e  __mspabi_srll_7         
0000e69a  __mspabi_srll_8         
0000e696  __mspabi_srll_9         
0000e770  __mspabi_srlll          
0000ea12  __mspabi_subd           
0000c654  __mspabi_subf           
0000ecc6  _abort_msg              
0000d984  _auto_init_hold_wdt     
0000f6ce  _c_int00_noargs         
00001f32  _config                 
0000224e  _conversionFactorDelay  
00002252  _conversionFactorRead   
00001f66  _count_samples          
00001f64  _dayChanged             
00001da8  _ftable                 
00001f78  _lock                   
000080a8  _m_index                
00001f62  _monChanged             
00008000  _month_reg              
0000eec2  _nop                    
00001ee8  _pSource                
00001f67  _page_timeUp            
0000fffe  _reset_vector           
00001f65  _sampling_timeUp        
00002360  _stack                  
000081cc  _sys_memory             
0000eeba  _system_pre_init        
00001f7c  _unlock                 
00001f63  _yrChanged              
0000eebe  abort                   
0000ee8c  abs                     
0000809e  accessNumber            
0000c4fc  acos                    
00001f58  auto_br_delay           
00002256  average_Result_down     
0000225a  average_Result_up       
ffffffff  binit                   
000080a0  c_enReg                 
00002262  c_flowRate              
00001e88  c_page                  
00001edc  c_prevEnReg             
00001f52  c_status                
00001f51  c_tx_length             
0000225e  cb_t                    
0000c1aa  ceil                    
0000e3e6  close                   
00002212  currentTime             
00001f54  current_baud            
00008090  devInfo                 
0000ea40  exit                    
0000e984  feraiseexcept           
0000e2a2  fflush                  
00001ee4  flags                   
0000cdc8  fputs                   
00008000  fram_ipe_end            
00008000  fram_ipe_start          
00008400  fram_rx_start           
0000da04  free                    
0000dd30  fseek                   
0000e9b4  getCheksum              
0000ecaa  getClkPreDiv            
0000ee80  init                    
00001ee9  isSecondaryAddressing   
0000e888  lcd_config              
0000ee2e  log                     
0000ebf6  lseek                   
00008400  main                    
0000d59c  malloc                  
0000ed88  memchr                  
0000edae  memcpy                  
0000e7e4  minit                   
00008e18  pow                     
0000c8a4  prc_snd_ud              
00001f60  prevYear                
00001f56  r_delay                 
00002266  r_frame                 
0000e920  raise                   
0000ee3c  readStatus              
0000e39a  read_error_status       
0000eba4  remove                  
0000a808  rq_class_2              
0000a808  rq_class_2_px           
00002268  rsp_frame               
0000eaf6  rtc_config              
00001f4e  rx_index                
0000a482  scroll                  
0000ed72  send_ack                
0000d054  set_baudRate            
0000d124  setvbuf                 
0000e852  signal                  
0000d902  spi_config              
0000e542  spi_transfer            
0000e6bc  spi_transfer_end        
0000be0a  sqrt                    
0000edf0  startCalRes             
0000ee00  startTOF                
0000ee4a  startTemp               
0000ece0  start_tdc               
0000ecfa  strchr                  
0000ed2e  strcmp                  
0000ee10  strcpy                  
0000ee58  strlen                  
0000eb4e  strncpy                 
00001eda  sum_counter             
0000e006  switch_br               
00001e9e  t_COLD                  
00001ea6  t_DIFF                  
00001ea2  t_HOT                   
00001e8a  t_PT1                   
00001e8e  t_PT2                   
00001e92  t_PT3                   
00001e96  t_PT4                   
00001e9a  t_REF                   
0000bff6  t_handler               
0000dc5a  t_validator             
0000ec40  transfer1B              
0000e7aa  transfer2B              
0000dd9a  transfer4B              
00001f86  tx_buff                 
00001f50  tx_buff_index           
0000ed14  tx_lnk_frame            
0000207c  ud_buff                 
00001f4f  ud_buff_index           
0000eba4  unlink                  
0000e476  updateConfig            
0000d2b6  updateConversionFactors 
0000e12e  ux_config               
0000226e  vf_t                    
00002270  vs_t                    
0000ec64  write                   
0000c784  write_dc_pt             
0000ccd4  write_digit             
0000ea9c  write_minus             
0000c9c0  write_num               
0000ab8a  write_symbol            
0000db74  write_time              
0000ee66  x_lnk_res               


GLOBAL SYMBOLS: SORTED BY Symbol Address 

address   name                    
-------   ----                    
000000a0  __STACK_SIZE            
00000100  SFRIE1                  
[...]
00000877  ADC12MEM11_H            
00000878  ADC12MEM12              
00000878  ADC12MEM12_L            
00000879  ADC12MEM12_H            
0000087a  ADC12MEM13              
0000087a  ADC12MEM13_L            
0000087b  ADC12MEM13_H            
0000087c  ADC12MEM14              
0000087c  ADC12MEM14_L            
0000087d  ADC12MEM14_H            
0000087e  ADC12MEM15              
0000087e  ADC12MEM15_L            
0000087f  ADC12MEM15_H            
00000880  ADC12MEM16              
00000880  ADC12MEM16_L            
00000881  ADC12MEM16_H            
00000882  ADC12MEM17              
00000882  ADC12MEM17_L            
00000883  ADC12MEM17_H            
00000884  ADC12MEM18              
00000884  ADC12MEM18_L            
00000885  ADC12MEM18_H            
00000886  ADC12MEM19              
00000886  ADC12MEM19_L            
00000887  ADC12MEM19_H            
00000888  ADC12MEM20              
00000888  ADC12MEM20_L            
00000889  ADC12MEM20_H            
0000088a  ADC12MEM21              
0000088a  ADC12MEM21_L            
0000088b  ADC12MEM21_H            
0000088c  ADC12MEM22              
0000088c  ADC12MEM22_L            
0000088d  ADC12MEM22_H            
0000088e  ADC12MEM23              
0000088e  ADC12MEM23_L            
0000088f  ADC12MEM23_H            
00000890  ADC12MEM24              
00000890  ADC12MEM24_L            
00000891  ADC12MEM24_H            
00000892  ADC12MEM25              
00000892  ADC12MEM25_L            
00000893  ADC12MEM25_H            
00000894  ADC12MEM26              
00000894  ADC12MEM26_L            
00000895  ADC12MEM26_H            
00000896  ADC12MEM27              
00000896  ADC12MEM27_L            
00000897  ADC12MEM27_H            
00000898  ADC12MEM28              
00000898  ADC12MEM28_L            
00000899  ADC12MEM28_H            
0000089a  ADC12MEM29              
0000089a  ADC12MEM29_L            
0000089b  ADC12MEM29_H            
0000089c  ADC12MEM30              
0000089c  ADC12MEM30_L            
0000089d  ADC12MEM30_H            
0000089e  ADC12MEM31              
0000089e  ADC12MEM31_L            
0000089f  ADC12MEM31_H            
000008c0  CECTL0                  
000008c0  CECTL0_L                
000008c1  CECTL0_H                
000008c2  CECTL1                  
000008c2  CECTL1_L                
000008c3  CECTL1_H                
000008c4  CECTL2                  
000008c4  CECTL2_L                
000008c5  CECTL2_H                
000008c6  CECTL3                  
000008c6  CECTL3_L                
000008c7  CECTL3_H                
000008cc  CEINT                   
000008cc  CEINT_L                 
000008cd  CEINT_H                 
000008ce  CEIV                    
000008ce  CEIV_L                  
000008cf  CEIV_H                  
00000980  CRC32DIW0               
00000980  CRC32DIW0_L             
00000981  CRC32DIW0_H             
00000982  CRC32DIW1               
00000982  CRC32DIW1_L             
00000983  CRC32DIW1_H             
00000984  CRC32DIRBW1             
00000984  CRC32DIRBW1_L           
00000985  CRC32DIRBW1_H           
00000986  CRC32DIRBW0             
00000986  CRC32DIRBW0_L           
00000987  CRC32DIRBW0_H           
00000988  CRC32INIRESW0           
00000988  CRC32INIRESW0_L         
00000989  CRC32INIRESW0_H         
0000098a  CRC32INIRESW1           
0000098a  CRC32INIRESW1_L         
0000098b  CRC32INIRESW1_H         
0000098c  CRC32RESRW1             
0000098c  CRC32RESRW1_L           
0000098d  CRC32RESRW1_H           
0000098e  CRC32RESRW0             
0000098e  CRC32RESRW0_L           
0000098f  CRC32RESRW0_H           
00000990  CRC16DIW0               
00000990  CRC16DIW0_L             
00000991  CRC16DIW0_H             
00000992  CRC16DIW1               
00000992  CRC16DIW1_L             
00000993  CRC16DIW1_H             
00000994  CRC16DIRBW1             
00000994  CRC16DIRBW1_L           
00000995  CRC16DIRBW1_H           
00000996  CRC16DIRBW0             
00000996  CRC16DIRBW0_L           
00000997  CRC16DIRBW0_H           
00000998  CRC16INIRESW0           
00000998  CRC16INIRESW0_L         
00000999  CRC16INIRESW0_H         
0000099c  CRC16RESRW1             
0000099c  CRC16RESRW1_L           
0000099d  CRC16RESRW1_H           
0000099e  CRC16RESRW0             
0000099e  CRC16RESRW0_L           
0000099f  CRC16RESRW0_H           
00000a00  LCDCCTL0                
00000a00  LCDCCTL0_L              
00000a01  LCDCCTL0_H              
00000a02  LCDCCTL1                
00000a02  LCDCCTL1_L              
00000a03  LCDCCTL1_H              
00000a04  LCDCBLKCTL              
00000a04  LCDCBLKCTL_L            
00000a05  LCDCBLKCTL_H            
00000a06  LCDCMEMCTL              
00000a06  LCDCMEMCTL_L            
00000a07  LCDCMEMCTL_H            
00000a08  LCDCVCTL                
00000a08  LCDCVCTL_L              
00000a09  LCDCVCTL_H              
00000a0a  LCDCPCTL0               
00000a0a  LCDCPCTL0_L             
00000a0b  LCDCPCTL0_H             
00000a0c  LCDCPCTL1               
00000a0c  LCDCPCTL1_L             
00000a0d  LCDCPCTL1_H             
00000a0e  LCDCPCTL2               
00000a0e  LCDCPCTL2_L             
00000a0f  LCDCPCTL2_H             
00000a12  LCDCCPCTL               
00000a12  LCDCCPCTL_L             
00000a13  LCDCCPCTL_H             
00000a1e  LCDCIV                  
00000a20  LCDM1                   
00000a21  LCDM2                   
00000a22  LCDM3                   
00000a23  LCDM4                   
00000a24  LCDM5                   
00000a25  LCDM6                   
00000a26  LCDM7                   
00000a27  LCDM8                   
00000a28  LCDM9                   
00000a29  LCDM10                  
00000a2a  LCDM11                  
00000a2b  LCDM12                  
00000a2c  LCDM13                  
00000a2d  LCDM14                  
00000a2e  LCDM15                  
00000a2f  LCDM16                  
00000a30  LCDM17                  
00000a31  LCDM18                  
00000a32  LCDM19                  
00000a33  LCDM20                  
00000a34  LCDM21                  
00000a35  LCDM22                  
00000a36  LCDM23                  
00000a37  LCDM24                  
00000a38  LCDM25                  
00000a39  LCDM26                  
00000a3a  LCDM27                  
00000a3b  LCDM28                  
00000a3c  LCDM29                  
00000a3d  LCDM30                  
00000a3e  LCDM31                  
00000a3f  LCDM32                  
00000a40  LCDBM1                  
00000a40  LCDM33                  
00000a41  LCDBM2                  
00000a41  LCDM34                  
00000a42  LCDBM3                  
00000a42  LCDM35                  
00000a43  LCDBM4                  
00000a43  LCDM36                  
00000a44  LCDBM5                  
00000a44  LCDM37                  
00000a45  LCDBM6                  
00000a45  LCDM38                  
00000a46  LCDBM7                  
00000a46  LCDM39                  
00000a47  LCDBM8                  
00000a47  LCDM40                  
00000a48  LCDBM9                  
00000a48  LCDM41                  
00000a49  LCDBM10                 
00000a49  LCDM42                  
00000a4a  LCDBM11                 
00000a4a  LCDM43                  
00000a4b  LCDBM12                 
00000a4c  LCDBM13                 
00000a4d  LCDBM14                 
00000a4e  LCDBM15                 
00000a4f  LCDBM16                 
00000a50  LCDBM17                 
00000a51  LCDBM18                 
00000a52  LCDBM19                 
00000a53  LCDBM20                 
00000a54  LCDBM21                 
00000a55  LCDBM22                 
00001cb0  _Denorm                 
00001cc0  _Eps                    
00001cd0  _Hugeval                
00001ce0  _Inf                    
00001cf0  _Nan                    
00001d00  _Snan                   
00001d10  _Rteps                  
00001d20  _Xbig                   
00001d28  _Zero                   
00001da8  _ftable                 
00001e20  _FDenorm                
00001e30  _FEps                   
00001e40  _FInf                   
00001e50  _FNan                   
00001e60  _FSnan                  
00001e70  _FRteps                 
00001e80  _FXbig                  
00001e84  _FZero                  
00001e88  c_page                  
00001e8a  t_PT1                   
00001e8e  t_PT2                   
00001e92  t_PT3                   
00001e96  t_PT4                   
00001e9a  t_REF                   
00001e9e  t_COLD                  
00001ea2  t_HOT                   
00001ea6  t_DIFF                  
00001eaa  CLKHS_freq_corr_fact    
00001eae  CLKHS_freq_cal          
00001eb2  Ratio_RT1_Rref          
00001eb6  Ratio_RT2_Rref          
00001eba  R1                      
00001ebe  R2                      
00001ec2  TOF_diff_avg            
00001ec6  TOF_diff_sum            
00001eca  TOF_sum_avg             
00001ece  TOF_sum_sum             
00001ed2  TOF_diff_square_sum     
00001ed6  Std_Dev_of_Diff         
00001eda  sum_counter             
00001edc  c_prevEnReg             
00001ee4  flags                   
00001ee8  _pSource                
00001ee9  isSecondaryAddressing   
00001f12  NUM_REGS                
00001f32  _config                 
00001f4e  rx_index                
00001f4f  ud_buff_index           
00001f50  tx_buff_index           
00001f51  c_tx_length             
00001f52  c_status                
00001f54  current_baud            
00001f56  r_delay                 
00001f58  auto_br_delay           
00001f5a  PRIMARY_ADDRESS         
00001f5c  SERIAL_NUMBER           
00001f60  prevYear                
00001f62  _monChanged             
00001f63  _yrChanged              
00001f64  _dayChanged             
00001f65  _sampling_timeUp        
00001f66  _count_samples          
00001f67  _page_timeUp            
00001f68  _Fenv                   
00001f6c  _Tls_setup__Fenv        
00001f70  __TI_cleanup_ptr        
00001f74  __TI_dtors_ptr          
00001f78  _lock                   
00001f7c  _unlock                 
00001f80  __TI_ft_end             
00001f82  _Errno                  
00001f86  tx_buff                 
0000207c  ud_buff                 
00002172  __TI_tmpnams            
00002212  currentTime             
00002222  PW1ST                   
00002226  Result_0_down           
0000222a  Result_0_up             
0000222e  Result_1_down           
00002232  Result_1_up             
00002236  Result_2_down           
0000223a  Result_2_up             
0000223e  TOF_down                
00002242  TOF_up                  
00002246  Time_of_flight_diff     
0000224a  Time_of_flight_sum      
0000224e  _conversionFactorDelay  
00002252  _conversionFactorRead   
00002256  average_Result_down     
0000225a  average_Result_up       
0000225e  cb_t                    
00002262  c_flowRate              
00002266  r_frame                 
00002268  rsp_frame               
0000226e  vf_t                    
00002270  vs_t                    
00002360  _stack                  
00002400  __STACK_END             
00008000  _month_reg              
00008000  fram_ipe_end            
00008000  fram_ipe_start          
00008090  devInfo                 
0000809e  accessNumber            
000080a0  c_enReg                 
000080a8  _m_index                
000080aa  _CIOBUF_                
000081cc  _sys_memory             
00008400  fram_rx_start           
00008400  main                    
00008e18  pow                     
000094be  __TI_frcdivd            
00009910  _Log                    
00009d58  __mspabi_divull         
0000a0f2  _Exp                    
0000a482  scroll                  
0000a808  rq_class_2              
0000a808  rq_class_2_px           
0000ab8a  write_symbol            
0000ae8a  __TI_frcmpyd            
0000b16e  __mspabi_addd           
0000b444  _Atan                   
0000b718  __mspabi_mpyd           
0000b998  __TI_frcaddd            
0000bbea  __mspabi_divd           
0000be0a  sqrt                    
0000bff6  t_handler               
0000c1aa  ceil                    
0000c35c  _Dscale                 
0000c4fc  acos                    
0000c654  __mspabi_subf           
0000c65a  __mspabi_addf           
0000c784  write_dc_pt             
0000c8a4  prc_snd_ud              
0000c9c0  write_num               
0000cadc  _Dnorm                  
0000ccd4  write_digit             
0000cdc8  fputs                   
0000cea6  __mspabi_cmpd           
0000d054  set_baudRate            
0000d124  setvbuf                 
0000d1f0  _Dint                   
0000d2b6  updateConversionFactors 
0000d37c  __mspabi_fltullf        
0000d434  __mspabi_mpyf           
0000d4ea  __TI_renormd            
0000d59c  malloc                  
0000d648  __mspabi_fltlid         
0000d6dc  __mspabi_divf           
0000d76a  __mspabi_cvtdf          
0000d7f6  HOSTlseek               
0000d87c  __mspabi_fixfull        
0000d902  spi_config              
0000d984  _auto_init_hold_wdt     
0000da04  free                    
0000da84  __TI_wrt_ok             
0000dafe  __mspabi_fltuld         
0000db74  write_time              
0000dbe8  _Dunscale               
0000dc5a  t_validator             
0000dcc6  HOSTrename              
0000dd30  fseek                   
0000dd9a  transfer4B              
0000de04  __TI_closefile          
0000de6c  __mspabi_fixdul         
0000ded4  __mspabi_fixfi          
0000df3c  __mspabi_fixdli         
0000dfa2  __mspabi_cvtfd          
0000e006  switch_br               
0000e06a  HOSTopen                
0000e0cc  __TI_doflush            
0000e12e  ux_config               
0000e18e  HOSTwrite               
0000e1ec  HOSTread                
0000e248  __mspabi_mpyll_f5hw     
0000e2a2  fflush                  
0000e34a  __mspabi_remull         
0000e39a  read_error_status       
0000e3e6  close                   
0000e430  __mspabi_fixfu          
0000e476  updateConfig            
0000e4bc  HOSTclose               
0000e500  HOSTunlink              
0000e542  spi_transfer            
0000e584  __memcpy_far            
0000e5c4  __TI_zero_init          
0000e602  __mspabi_sral_15        
0000e606  __mspabi_sral_14        
0000e60a  __mspabi_sral_13        
0000e60e  __mspabi_sral_12        
0000e612  __mspabi_sral_11        
0000e616  __mspabi_sral_10        
0000e61a  __mspabi_sral_9         
0000e61e  __mspabi_sral_8         
0000e622  __mspabi_sral_7         
0000e626  __mspabi_sral_6         
0000e62a  __mspabi_sral_5         
0000e62e  __mspabi_sral_4         
0000e632  __mspabi_sral_3         
0000e636  __mspabi_sral_2         
0000e63a  __mspabi_sral_1         
0000e640  __mspabi_slll_15        
0000e644  __mspabi_slll_14        
0000e648  __mspabi_slll_13        
0000e64c  __mspabi_slll_12        
0000e650  __mspabi_slll_11        
0000e654  __mspabi_slll_10        
0000e658  __mspabi_slll_9         
0000e65c  __mspabi_slll_8         
0000e660  __mspabi_slll_7         
0000e664  __mspabi_slll_6         
0000e668  __mspabi_slll_5         
0000e66c  __mspabi_slll_4         
0000e670  __mspabi_slll_3         
0000e674  __mspabi_slll_2         
0000e678  __mspabi_slll_1         
0000e67e  __mspabi_srll_15        
0000e682  __mspabi_srll_14        
0000e686  __mspabi_srll_13        
0000e68a  __mspabi_srll_12        
0000e68e  __mspabi_srll_11        
0000e692  __mspabi_srll_10        
0000e696  __mspabi_srll_9         
0000e69a  __mspabi_srll_8         
0000e69e  __mspabi_srll_7         
0000e6a2  __mspabi_srll_6         
0000e6a6  __mspabi_srll_5         
0000e6aa  __mspabi_srll_4         
0000e6ae  __mspabi_srll_3         
0000e6b2  __mspabi_srll_2         
0000e6b6  __mspabi_srll_1         
0000e6bc  spi_transfer_end        
0000e6fa  __TI_decompress_none    
0000e736  __mspabi_sllll          
0000e770  __mspabi_srlll          
0000e7aa  transfer2B              
0000e7e4  minit                   
0000e81c  __mspabi_fltif          
0000e852  signal                  
0000e888  lcd_config              
0000e8bc  _Feraise                
0000e8ee  __TI_cleanup            
0000e920  raise                   
0000e952  __mspabi_fltulf         
0000e984  feraiseexcept           
0000e9b4  getCheksum              
0000e9e4  __TI_writemsg           
0000ea0e  C$$IO$$                 
0000ea12  __mspabi_subd           
0000ea40  exit                    
0000ea9c  write_minus             
0000eaca  __TI_readmsg            
0000eaf6  rtc_config              
0000eb22  __mspabi_divi           
0000eb22  __mspabi_remi           
0000eb4e  strncpy                 
0000eb7a  __mspabi_negd           
0000eba4  remove                  
0000eba4  unlink                  
0000ebce  __mspabi_fixdi          
0000ebf6  lseek                   
0000ec1c  __mspabi_fltuf          
0000ec40  transfer1B              
0000ec64  write                   
0000ec88  __mspabi_mpyl_f5hw      
0000ecaa  getClkPreDiv            
0000ecc6  _abort_msg              
0000ece0  start_tdc               
0000ecfa  strchr                  
0000ed14  tx_lnk_frame            
0000ed2e  strcmp                  
0000ed46  __mspabi_divu           
0000ed46  __mspabi_remu           
0000ed5c  __mspabi_mpyi_f5hw      
0000ed72  send_ack                
0000ed88  memchr                  
0000ed9c  __mspabi_fixdu          
0000edae  memcpy                  
0000edc0  __mspabi_sral           
0000edd0  __mspabi_slll           
0000ede0  __mspabi_srll           
0000edf0  startCalRes             
0000ee00  startTOF                
0000ee10  strcpy                  
0000ee20  __TI_decompress_rle24   
0000ee2e  log                     
0000ee3c  readStatus              
0000ee4a  startTemp               
0000ee58  strlen                  
0000ee66  x_lnk_res               
0000ee74  __mspabi_fltid          
0000ee80  init                    
0000ee8c  abs                     
0000ee96  __mspabi_negf           
0000eea0  __mspabi_slli           
0000eeaa  __mspabi_srli           
0000eeb4  __mspabi_fltud          
0000eeba  _system_pre_init        
0000eebe  C$$EXIT                 
0000eebe  abort                   
0000eec2  _nop                    
0000f2ac  DIGIT_REGS              
0000f2d0  BITMASK_1_H             
0000f2da  BITMASK_1_L             
0000f2e4  BITMASK_2_H             
0000f2ee  BITMASK_2_L             
0000f2f8  BITMASK_3               
0000f302  BITMASK_4               
0000f314  CLKHS_freq              
0000f318  SPI_CONTINUE            
0000f31a  USCI_A1_ISR             
0000f5bc  RTCC_ISR                
0000f63c  TA2_ISR                 
0000f66e  ISR_PORT1               
0000f69e  TA1_ISR                 
0000f6ce  _c_int00_noargs         
0000f6ea  TA3_ISR                 
0000f6fc  __TI_ISR_TRAP           
0000f800  __TI_Handler_Table_Base 
0000f80c  __TI_Handler_Table_Limit
0000f818  __TI_CINIT_Base         
0000f830  __TI_CINIT_Limit        
0000ffc8  __TI_int28              
0000ffca  __TI_int29              
0000ffcc  __TI_int30              
0000ffce  __TI_int31              
0000ffd0  __TI_int32              
0000ffd2  __TI_int33              
0000ffd4  __TI_int34              
0000ffd6  __TI_int35              
0000ffd8  __TI_int36              
0000ffda  __TI_int37              
0000ffdc  __TI_int38              
0000ffde  __TI_int39              
0000ffe0  __TI_int40              
0000ffe2  __TI_int41              
0000ffe4  __TI_int42              
0000ffe6  __TI_int43              
0000ffe8  __TI_int44              
0000ffea  __TI_int45              
0000ffec  __TI_int46              
0000ffee  __TI_int47              
0000fff2  __TI_int49              
0000fff4  __TI_int50              
0000fff6  __TI_int51              
0000fff8  __TI_int52              
0000fffa  __TI_int53              
0000fffc  __TI_int54              
0000fffe  _reset_vector           
ffffffff  __binit__               
ffffffff  __c_args__              
ffffffff  binit                   
UNDEFED   __TI_INITARRAY_Base     
UNDEFED   __TI_INITARRAY_Limit    

[1393 symbols]
