<?xml version="1.0"?>
<link_info>
   <banner>MSP430 Linker PC v4.4.3</banner>
   <copyright>Copyright (c) 2003-2015 Texas Instruments Incorporated</copyright>
   <link_time>0x5f909613</link_time>
   <link_errors>0x0</link_errors>
   <output_file>UHM.out</output_file>
   <entry_point>
      <name>_c_int00_noargs</name>
      <address>0x9f80</address>
   </entry_point>
   <input_file_list>
      <input_file id="fl-2">
         <path>.\</path>
         <kind>object</kind>
         <file>main.obj</file>
         <name>main.obj</name>
      </input_file>
      <input_file id="fl-3">
         <path>.\config\</path>
         <kind>object</kind>
         <file>spi.obj</file>
         <name>spi.obj</name>
      </input_file>
      <input_file id="fl-4">
         <path>.\comm\</path>
         <kind>object</kind>
         <file>app.obj</file>
         <name>app.obj</name>
      </input_file>
      <input_file id="fl-5">
         <path>.\comm\</path>
         <kind>object</kind>
         <file>phy.obj</file>
         <name>phy.obj</name>
      </input_file>
      <input_file id="fl-3a">
         <path>C:\ti\ccsv6\tools\compiler\ti-cgt-msp430_4.4.3\lib\</path>
         <kind>archive</kind>
         <file>rts430x_lc_sd_eabi.lib</file>
         <name>copy_decompress_none.obj</name>
      </input_file>
      <input_file id="fl-3b">
         <path>C:\ti\ccsv6\tools\compiler\ti-cgt-msp430_4.4.3\lib\</path>
         <kind>archive</kind>
         <file>rts430x_lc_sd_eabi.lib</file>
         <name>copy_decompress_rle.obj</name>
      </input_file>
      <input_file id="fl-3c">
         <path>C:\ti\ccsv6\tools\compiler\ti-cgt-msp430_4.4.3\lib\</path>
         <kind>archive</kind>
         <file>rts430x_lc_sd_eabi.lib</file>
         <name>int28.obj</name>
      </input_file>
      <input_file id="fl-3d">
         <path>C:\ti\ccsv6\tools\compiler\ti-cgt-msp430_4.4.3\lib\</path>
         <kind>archive</kind>
         <file>rts430x_lc_sd_eabi.lib</file>
         <name>isr_trap.obj</name>
      </input_file>
      <input_file id="fl-3e">
         <path>C:\ti\ccsv6\tools\compiler\ti-cgt-msp430_4.4.3\lib\</path>
         <kind>archive</kind>
         <file>rts430x_lc_sd_eabi.lib</file>
         <name>int29.obj</name>
      </input_file>
      <input_file id="fl-3f">
         <path>C:\ti\ccsv6\tools\compiler\ti-cgt-msp430_4.4.3\lib\</path>
         <kind>archive</kind>
         <file>rts430x_lc_sd_eabi.lib</file>
         <name>int30.obj</name>
      </input_file>
      <input_file id="fl-40">
         <path>C:\ti\ccsv6\tools\compiler\ti-cgt-msp430_4.4.3\lib\</path>
         <kind>archive</kind>
         <file>rts430x_lc_sd_eabi.lib</file>
         <name>int31.obj</name>
      </input_file>
      <input_file id="fl-41">
         <path>C:\ti\ccsv6\tools\compiler\ti-cgt-msp430_4.4.3\lib\</path>
         <kind>archive</kind>
         <file>rts430x_lc_sd_eabi.lib</file>
         <name>int32.obj</name>
      </input_file>
      <input_file id="fl-42">
         <path>C:\ti\ccsv6\tools\compiler\ti-cgt-msp430_4.4.3\lib\</path>
         <kind>archive</kind>
         <file>rts430x_lc_sd_eabi.lib</file>
         <name>int33.obj</name>
      </input_file>
      <input_file id="fl-43">
         <path>C:\ti\ccsv6\tools\compiler\ti-cgt-msp430_4.4.3\lib\</path>
         <kind>archive</kind>
         <file>rts430x_lc_sd_eabi.lib</file>
         <name>int34.obj</name>
      </input_file>
      <input_file id="fl-44">
         <path>C:\ti\ccsv6\tools\compiler\ti-cgt-msp430_4.4.3\lib\</path>
         <kind>archive</kind>
         <file>rts430x_lc_sd_eabi.lib</file>
         <name>int36.obj</name>
      </input_file>
      <input_file id="fl-45">
         <path>C:\ti\ccsv6\tools\compiler\ti-cgt-msp430_4.4.3\lib\</path>
         <kind>archive</kind>
         <file>rts430x_lc_sd_eabi.lib</file>
         <name>int37.obj</name>
      </input_file>
      <input_file id="fl-46">
         <path>C:\ti\ccsv6\tools\compiler\ti-cgt-msp430_4.4.3\lib\</path>
         <kind>archive</kind>
         <file>rts430x_lc_sd_eabi.lib</file>
         <name>int39.obj</name>
      </input_file>
      <input_file id="fl-47">
         <path>C:\ti\ccsv6\tools\compiler\ti-cgt-msp430_4.4.3\lib\</path>
         <kind>archive</kind>
         <file>rts430x_lc_sd_eabi.lib</file>
         <name>int40.obj</name>
      </input_file>
      <input_file id="fl-48">
         <path>C:\ti\ccsv6\tools\compiler\ti-cgt-msp430_4.4.3\lib\</path>
         <kind>archive</kind>
         <file>rts430x_lc_sd_eabi.lib</file>
         <name>int41.obj</name>
      </input_file>
      <input_file id="fl-49">
         <path>C:\ti\ccsv6\tools\compiler\ti-cgt-msp430_4.4.3\lib\</path>
         <kind>archive</kind>
         <file>rts430x_lc_sd_eabi.lib</file>
         <name>int43.obj</name>
      </input_file>
      <input_file id="fl-4a">
         <path>C:\ti\ccsv6\tools\compiler\ti-cgt-msp430_4.4.3\lib\</path>
         <kind>archive</kind>
         <file>rts430x_lc_sd_eabi.lib</file>
         <name>int44.obj</name>
      </input_file>
      <input_file id="fl-4b">
         <path>C:\ti\ccsv6\tools\compiler\ti-cgt-msp430_4.4.3\lib\</path>
         <kind>archive</kind>
         <file>rts430x_lc_sd_eabi.lib</file>
         <name>int45.obj</name>
      </input_file>
      <input_file id="fl-4c">
         <path>C:\ti\ccsv6\tools\compiler\ti-cgt-msp430_4.4.3\lib\</path>
         <kind>archive</kind>
         <file>rts430x_lc_sd_eabi.lib</file>
         <name>int46.obj</name>
      </input_file>
      <input_file id="fl-4d">
         <path>C:\ti\ccsv6\tools\compiler\ti-cgt-msp430_4.4.3\lib\</path>
         <kind>archive</kind>
         <file>rts430x_lc_sd_eabi.lib</file>
         <name>int47.obj</name>
      </input_file>
      <input_file id="fl-4e">
         <path>C:\ti\ccsv6\tools\compiler\ti-cgt-msp430_4.4.3\lib\</path>
         <kind>archive</kind>
         <file>rts430x_lc_sd_eabi.lib</file>
         <name>int49.obj</name>
      </input_file>
      <input_file id="fl-4f">
         <path>C:\ti\ccsv6\tools\compiler\ti-cgt-msp430_4.4.3\lib\</path>
         <kind>archive</kind>
         <file>rts430x_lc_sd_eabi.lib</file>
         <name>int50.obj</name>
      </input_file>
      <input_file id="fl-50">
         <path>C:\ti\ccsv6\tools\compiler\ti-cgt-msp430_4.4.3\lib\</path>
         <kind>archive</kind>
         <file>rts430x_lc_sd_eabi.lib</file>
         <name>int51.obj</name>
      </input_file>
      <input_file id="fl-51">
         <path>C:\ti\ccsv6\tools\compiler\ti-cgt-msp430_4.4.3\lib\</path>
         <kind>archive</kind>
         <file>rts430x_lc_sd_eabi.lib</file>
         <name>int52.obj</name>
      </input_file>
      <input_file id="fl-52">
         <path>C:\ti\ccsv6\tools\compiler\ti-cgt-msp430_4.4.3\lib\</path>
         <kind>archive</kind>
         <file>rts430x_lc_sd_eabi.lib</file>
         <name>int53.obj</name>
      </input_file>
      <input_file id="fl-53">
         <path>C:\ti\ccsv6\tools\compiler\ti-cgt-msp430_4.4.3\lib\</path>
         <kind>archive</kind>
         <file>rts430x_lc_sd_eabi.lib</file>
         <name>int54.obj</name>
      </input_file>
      <input_file id="fl-54">
         <path>C:\ti\ccsv6\tools\compiler\ti-cgt-msp430_4.4.3\lib\</path>
         <kind>archive</kind>
         <file>rts430x_lc_sd_eabi.lib</file>
         <name>copy_zero_init.obj</name>
      </input_file>
      <input_file id="fl-55">
         <path>C:\ti\ccsv6\tools\compiler\ti-cgt-msp430_4.4.3\lib\</path>
         <kind>archive</kind>
         <file>rts430x_lc_sd_eabi.lib</file>
         <name>cpy_util.obj</name>
      </input_file>
      <input_file id="fl-56">
         <path>C:\ti\ccsv6\tools\compiler\ti-cgt-msp430_4.4.3\lib\</path>
         <kind>archive</kind>
         <file>rts430x_lc_sd_eabi.lib</file>
         <name>div16u.obj</name>
      </input_file>
      <input_file id="fl-57">
         <path>C:\ti\ccsv6\tools\compiler\ti-cgt-msp430_4.4.3\lib\</path>
         <kind>archive</kind>
         <file>rts430x_lc_sd_eabi.lib</file>
         <name>fixdu.obj</name>
      </input_file>
      <input_file id="fl-58">
         <path>C:\ti\ccsv6\tools\compiler\ti-cgt-msp430_4.4.3\lib\</path>
         <kind>archive</kind>
         <file>rts430x_lc_sd_eabi.lib</file>
         <name>fixdul.obj</name>
      </input_file>
      <input_file id="fl-59">
         <path>C:\ti\ccsv6\tools\compiler\ti-cgt-msp430_4.4.3\lib\</path>
         <kind>archive</kind>
         <file>rts430x_lc_sd_eabi.lib</file>
         <name>fltud.obj</name>
      </input_file>
      <input_file id="fl-5a">
         <path>C:\ti\ccsv6\tools\compiler\ti-cgt-msp430_4.4.3\lib\</path>
         <kind>archive</kind>
         <file>rts430x_lc_sd_eabi.lib</file>
         <name>fltuld.obj</name>
      </input_file>
      <input_file id="fl-5b">
         <path>C:\ti\ccsv6\tools\compiler\ti-cgt-msp430_4.4.3\lib\</path>
         <kind>archive</kind>
         <file>rts430x_lc_sd_eabi.lib</file>
         <name>mult16_f5hw.obj</name>
      </input_file>
      <input_file id="fl-5c">
         <path>C:\ti\ccsv6\tools\compiler\ti-cgt-msp430_4.4.3\lib\</path>
         <kind>archive</kind>
         <file>rts430x_lc_sd_eabi.lib</file>
         <name>mult32_f5hw.obj</name>
      </input_file>
      <input_file id="fl-5d">
         <path>C:\ti\ccsv6\tools\compiler\ti-cgt-msp430_4.4.3\lib\</path>
         <kind>archive</kind>
         <file>rts430x_lc_sd_eabi.lib</file>
         <name>mult64_f5hw.obj</name>
      </input_file>
      <input_file id="fl-5e">
         <path>C:\ti\ccsv6\tools\compiler\ti-cgt-msp430_4.4.3\lib\</path>
         <kind>archive</kind>
         <file>rts430x_lc_sd_eabi.lib</file>
         <name>mult1632_f5hw.obj</name>
      </input_file>
      <input_file id="fl-5f">
         <path>C:\ti\ccsv6\tools\compiler\ti-cgt-msp430_4.4.3\lib\</path>
         <kind>archive</kind>
         <file>rts430x_lc_sd_eabi.lib</file>
         <name>mult3264_f5hw.obj</name>
      </input_file>
      <input_file id="fl-60">
         <path>C:\ti\ccsv6\tools\compiler\ti-cgt-msp430_4.4.3\lib\</path>
         <kind>archive</kind>
         <file>rts430x_lc_sd_eabi.lib</file>
         <name>lsl32.obj</name>
      </input_file>
      <input_file id="fl-61">
         <path>C:\ti\ccsv6\tools\compiler\ti-cgt-msp430_4.4.3\lib\</path>
         <kind>archive</kind>
         <file>rts430x_lc_sd_eabi.lib</file>
         <name>lsr32.obj</name>
      </input_file>
      <input_file id="fl-62">
         <path>C:\ti\ccsv6\tools\compiler\ti-cgt-msp430_4.4.3\lib\</path>
         <kind>archive</kind>
         <file>rts430x_lc_sd_eabi.lib</file>
         <name>assert.obj</name>
      </input_file>
      <input_file id="fl-63">
         <path>C:\ti\ccsv6\tools\compiler\ti-cgt-msp430_4.4.3\lib\</path>
         <kind>archive</kind>
         <file>rts430x_lc_sd_eabi.lib</file>
         <name>boot.obj</name>
      </input_file>
      <input_file id="fl-64">
         <path>C:\ti\ccsv6\tools\compiler\ti-cgt-msp430_4.4.3\lib\</path>
         <kind>archive</kind>
         <file>rts430x_lc_sd_eabi.lib</file>
         <name>args_main.obj</name>
      </input_file>
      <input_file id="fl-65">
         <path>C:\ti\ccsv6\tools\compiler\ti-cgt-msp430_4.4.3\lib\</path>
         <kind>archive</kind>
         <file>rts430x_lc_sd_eabi.lib</file>
         <name>autoinit_wdt.obj</name>
      </input_file>
      <input_file id="fl-66">
         <path>C:\ti\ccsv6\tools\compiler\ti-cgt-msp430_4.4.3\lib\</path>
         <kind>archive</kind>
         <file>rts430x_lc_sd_eabi.lib</file>
         <name>boot_special.obj</name>
      </input_file>
      <input_file id="fl-67">
         <path>C:\ti\ccsv6\tools\compiler\ti-cgt-msp430_4.4.3\lib\</path>
         <kind>archive</kind>
         <file>rts430x_lc_sd_eabi.lib</file>
         <name>mpu_init.obj</name>
      </input_file>
      <input_file id="fl-68">
         <path>C:\ti\ccsv6\tools\compiler\ti-cgt-msp430_4.4.3\lib\</path>
         <kind>archive</kind>
         <file>rts430x_lc_sd_eabi.lib</file>
         <name>defs.obj</name>
      </input_file>
      <input_file id="fl-69">
         <path>C:\ti\ccsv6\tools\compiler\ti-cgt-msp430_4.4.3\lib\</path>
         <kind>archive</kind>
         <file>rts430x_lc_sd_eabi.lib</file>
         <name>pre_init.obj</name>
      </input_file>
      <input_file id="fl-6a">
         <path>C:\ti\ccsv6\tools\compiler\ti-cgt-msp430_4.4.3\lib\</path>
         <kind>archive</kind>
         <file>rts430x_lc_sd_eabi.lib</file>
         <name>exit.obj</name>
      </input_file>
      <input_file id="fl-6b">
         <path>C:\ti\ccsv6\tools\compiler\ti-cgt-msp430_4.4.3\lib\</path>
         <kind>archive</kind>
         <file>rts430x_lc_sd_eabi.lib</file>
         <name>_lock.obj</name>
      </input_file>
      <input_file id="fl-6c">
         <path>C:\ti\ccsv6\tools\compiler\ti-cgt-msp430_4.4.3\lib\</path>
         <kind>archive</kind>
         <file>rts430x_lc_sd_eabi.lib</file>
         <name>memory.obj</name>
      </input_file>
      <input_file id="fl-6d">
         <path>C:\ti\ccsv6\tools\compiler\ti-cgt-msp430_4.4.3\lib\</path>
         <kind>archive</kind>
         <file>rts430x_lc_sd_eabi.lib</file>
         <name>mult16.obj</name>
      </input_file>
      <input_file id="fl-6e">
         <path>C:\ti\ccsv6\tools\compiler\ti-cgt-msp430_4.4.3\lib\</path>
         <kind>archive</kind>
         <file>rts430x_lc_sd_eabi.lib</file>
         <name>ceil.obj</name>
      </input_file>
      <input_file id="fl-6f">
         <path>C:\ti\ccsv6\tools\compiler\ti-cgt-msp430_4.4.3\lib\</path>
         <kind>archive</kind>
         <file>rts430x_lc_sd_eabi.lib</file>
         <name>addd.obj</name>
      </input_file>
      <input_file id="fl-70">
         <path>C:\ti\ccsv6\tools\compiler\ti-cgt-msp430_4.4.3\lib\</path>
         <kind>archive</kind>
         <file>rts430x_lc_sd_eabi.lib</file>
         <name>frcaddd.obj</name>
      </input_file>
      <input_file id="fl-71">
         <path>C:\ti\ccsv6\tools\compiler\ti-cgt-msp430_4.4.3\lib\</path>
         <kind>archive</kind>
         <file>rts430x_lc_sd_eabi.lib</file>
         <name>renormd.obj</name>
      </input_file>
      <input_file id="fl-72">
         <path>C:\ti\ccsv6\tools\compiler\ti-cgt-msp430_4.4.3\lib\</path>
         <kind>archive</kind>
         <file>rts430x_lc_sd_eabi.lib</file>
         <name>cmpd.obj</name>
      </input_file>
      <input_file id="fl-73">
         <path>C:\ti\ccsv6\tools\compiler\ti-cgt-msp430_4.4.3\lib\</path>
         <kind>archive</kind>
         <file>rts430x_lc_sd_eabi.lib</file>
         <name>lsl64.obj</name>
      </input_file>
      <input_file id="fl-74">
         <path>C:\ti\ccsv6\tools\compiler\ti-cgt-msp430_4.4.3\lib\</path>
         <kind>archive</kind>
         <file>rts430x_lc_sd_eabi.lib</file>
         <name>asr32.obj</name>
      </input_file>
      <input_file id="fl-75">
         <path>C:\ti\ccsv6\tools\compiler\ti-cgt-msp430_4.4.3\lib\</path>
         <kind>archive</kind>
         <file>rts430x_lc_sd_eabi.lib</file>
         <name>lsr64.obj</name>
      </input_file>
      <input_file id="fl-76">
         <path>C:\ti\ccsv6\tools\compiler\ti-cgt-msp430_4.4.3\lib\</path>
         <kind>archive</kind>
         <file>rts430x_lc_sd_eabi.lib</file>
         <name>fflush.obj</name>
      </input_file>
      <input_file id="fl-77">
         <path>C:\ti\ccsv6\tools\compiler\ti-cgt-msp430_4.4.3\lib\</path>
         <kind>archive</kind>
         <file>rts430x_lc_sd_eabi.lib</file>
         <name>fputs.obj</name>
      </input_file>
      <input_file id="fl-78">
         <path>C:\ti\ccsv6\tools\compiler\ti-cgt-msp430_4.4.3\lib\</path>
         <kind>archive</kind>
         <file>rts430x_lc_sd_eabi.lib</file>
         <name>_io_perm.obj</name>
      </input_file>
      <input_file id="fl-79">
         <path>C:\ti\ccsv6\tools\compiler\ti-cgt-msp430_4.4.3\lib\</path>
         <kind>archive</kind>
         <file>rts430x_lc_sd_eabi.lib</file>
         <name>fseek.obj</name>
      </input_file>
      <input_file id="fl-7a">
         <path>C:\ti\ccsv6\tools\compiler\ti-cgt-msp430_4.4.3\lib\</path>
         <kind>archive</kind>
         <file>rts430x_lc_sd_eabi.lib</file>
         <name>lowlev.obj</name>
      </input_file>
      <input_file id="fl-7b">
         <path>C:\ti\ccsv6\tools\compiler\ti-cgt-msp430_4.4.3\lib\</path>
         <kind>archive</kind>
         <file>rts430x_lc_sd_eabi.lib</file>
         <name>trgdrv.obj</name>
      </input_file>
      <input_file id="fl-7c">
         <path>C:\ti\ccsv6\tools\compiler\ti-cgt-msp430_4.4.3\lib\</path>
         <kind>archive</kind>
         <file>rts430x_lc_sd_eabi.lib</file>
         <name>trgmsg.obj</name>
      </input_file>
      <input_file id="fl-7d">
         <path>C:\ti\ccsv6\tools\compiler\ti-cgt-msp430_4.4.3\lib\</path>
         <kind>archive</kind>
         <file>rts430x_lc_sd_eabi.lib</file>
         <name>memchr.obj</name>
      </input_file>
      <input_file id="fl-7e">
         <path>C:\ti\ccsv6\tools\compiler\ti-cgt-msp430_4.4.3\lib\</path>
         <kind>archive</kind>
         <file>rts430x_lc_sd_eabi.lib</file>
         <name>memcpy.obj</name>
      </input_file>
      <input_file id="fl-7f">
         <path>C:\ti\ccsv6\tools\compiler\ti-cgt-msp430_4.4.3\lib\</path>
         <kind>archive</kind>
         <file>rts430x_lc_sd_eabi.lib</file>
         <name>setvbuf.obj</name>
      </input_file>
      <input_file id="fl-80">
         <path>C:\ti\ccsv6\tools\compiler\ti-cgt-msp430_4.4.3\lib\</path>
         <kind>archive</kind>
         <file>rts430x_lc_sd_eabi.lib</file>
         <name>fopen.obj</name>
      </input_file>
      <input_file id="fl-81">
         <path>C:\ti\ccsv6\tools\compiler\ti-cgt-msp430_4.4.3\lib\</path>
         <kind>archive</kind>
         <file>rts430x_lc_sd_eabi.lib</file>
         <name>fclose.obj</name>
      </input_file>
      <input_file id="fl-82">
         <path>C:\ti\ccsv6\tools\compiler\ti-cgt-msp430_4.4.3\lib\</path>
         <kind>archive</kind>
         <file>rts430x_lc_sd_eabi.lib</file>
         <name>memset.obj</name>
      </input_file>
      <input_file id="fl-83">
         <path>C:\ti\ccsv6\tools\compiler\ti-cgt-msp430_4.4.3\lib\</path>
         <kind>archive</kind>
         <file>rts430x_lc_sd_eabi.lib</file>
         <name>remove.obj</name>
      </input_file>
      <input_file id="fl-84">
         <path>C:\ti\ccsv6\tools\compiler\ti-cgt-msp430_4.4.3\lib\</path>
         <kind>archive</kind>
         <file>rts430x_lc_sd_eabi.lib</file>
         <name>strchr.obj</name>
      </input_file>
      <input_file id="fl-85">
         <path>C:\ti\ccsv6\tools\compiler\ti-cgt-msp430_4.4.3\lib\</path>
         <kind>archive</kind>
         <file>rts430x_lc_sd_eabi.lib</file>
         <name>strcmp.obj</name>
      </input_file>
      <input_file id="fl-86">
         <path>C:\ti\ccsv6\tools\compiler\ti-cgt-msp430_4.4.3\lib\</path>
         <kind>archive</kind>
         <file>rts430x_lc_sd_eabi.lib</file>
         <name>strcpy.obj</name>
      </input_file>
      <input_file id="fl-87">
         <path>C:\ti\ccsv6\tools\compiler\ti-cgt-msp430_4.4.3\lib\</path>
         <kind>archive</kind>
         <file>rts430x_lc_sd_eabi.lib</file>
         <name>strlen.obj</name>
      </input_file>
      <input_file id="fl-88">
         <path>C:\ti\ccsv6\tools\compiler\ti-cgt-msp430_4.4.3\lib\</path>
         <kind>archive</kind>
         <file>rts430x_lc_sd_eabi.lib</file>
         <name>strncpy.obj</name>
      </input_file>
   </input_file_list>
   <object_component_list>
      <object_component id="oc-3bc">
         <name>.cio</name>
         <uninitialized>true</uninitialized>
         <run_address>0x8000</run_address>
         <size>0x120</size>
         <input_file_ref idref="fl-7c"/>
      </object_component>
      <object_component id="oc-df">
         <name>.sysmem</name>
         <uninitialized>true</uninitialized>
         <run_address>0x8120</run_address>
         <size>0x4</size>
         <input_file_ref idref="fl-6c"/>
      </object_component>
      <object_component id="oc-459">
         <name>.sysmem</name>
         <uninitialized>true</uninitialized>
         <run_address>0x8120</run_address>
         <size>0x0</size>
      </object_component>
      <object_component id="oc-457">
         <name>.cinit..data.load</name>
         <load_address>0xa0f0</load_address>
         <run_address>0xa0f0</run_address>
         <size>0x5b</size>
      </object_component>
      <object_component id="oc-453">
         <name>__TI_handler_table</name>
         <load_address>0xa14c</load_address>
         <run_address>0xa14c</run_address>
         <size>0xc</size>
      </object_component>
      <object_component id="oc-456">
         <name>.cinit..bss.load</name>
         <load_address>0xa158</load_address>
         <run_address>0xa158</run_address>
         <size>0x6</size>
      </object_component>
      <object_component id="oc-455">
         <name>.cinit..cio.load</name>
         <load_address>0xa15e</load_address>
         <run_address>0xa15e</run_address>
         <size>0x6</size>
      </object_component>
      <object_component id="oc-454">
         <name>__TI_cinit_table</name>
         <load_address>0xa164</load_address>
         <run_address>0xa164</run_address>
         <size>0x18</size>
      </object_component>
      <object_component id="oc-183">
         <name>.const:.string</name>
         <load_address>0x9fa2</load_address>
         <run_address>0x9fa2</run_address>
         <size>0x14e</size>
         <input_file_ref idref="fl-5"/>
      </object_component>
      <object_component id="oc-10c">
         <name>.text:_isr:USCI_A1_ISR</name>
         <load_address>0x9c36</load_address>
         <run_address>0x9c36</run_address>
         <size>0x2f6</size>
         <input_file_ref idref="fl-5"/>
      </object_component>
      <object_component id="oc-106">
         <name>.text:_isr:TA1_ISR</name>
         <load_address>0x9f2c</load_address>
         <run_address>0x9f2c</run_address>
         <size>0x2e</size>
         <input_file_ref idref="fl-5"/>
      </object_component>
      <object_component id="oc-100">
         <name>.text:_isr:TA2_ISR</name>
         <load_address>0x9f5a</load_address>
         <run_address>0x9f5a</run_address>
         <size>0x26</size>
         <input_file_ref idref="fl-5"/>
      </object_component>
      <object_component id="oc-ab">
         <name>.text:_isr:_c_int00_noargs</name>
         <load_address>0x9f80</load_address>
         <run_address>0x9f80</run_address>
         <size>0x1c</size>
         <input_file_ref idref="fl-66"/>
      </object_component>
      <object_component id="oc-fb">
         <name>.text:_isr:__TI_ISR_TRAP</name>
         <load_address>0x9f9c</load_address>
         <run_address>0x9f9c</run_address>
         <size>0x6</size>
         <input_file_ref idref="fl-3d"/>
      </object_component>
      <object_component id="oc-1e2">
         <name>.text:__mspabi_addd</name>
         <load_address>0x8400</load_address>
         <run_address>0x8400</run_address>
         <size>0x2d6</size>
         <input_file_ref idref="fl-6f"/>
      </object_component>
      <object_component id="oc-250">
         <name>.text:__TI_frcaddd</name>
         <load_address>0x86d6</load_address>
         <run_address>0x86d6</run_address>
         <size>0x252</size>
         <input_file_ref idref="fl-70"/>
      </object_component>
      <object_component id="oc-170">
         <name>.text:ceil</name>
         <load_address>0x8928</load_address>
         <run_address>0x8928</run_address>
         <size>0x1b2</size>
         <input_file_ref idref="fl-6e"/>
      </object_component>
      <object_component id="oc-1f4">
         <name>.text:fputs</name>
         <load_address>0x8ada</load_address>
         <run_address>0x8ada</run_address>
         <size>0xde</size>
         <input_file_ref idref="fl-77"/>
      </object_component>
      <object_component id="oc-1dc">
         <name>.text:__mspabi_cmpd</name>
         <load_address>0x8bb8</load_address>
         <run_address>0x8bb8</run_address>
         <size>0xd8</size>
         <input_file_ref idref="fl-72"/>
      </object_component>
      <object_component id="oc-ee">
         <name>.text:__TI_decompress_rle_core</name>
         <load_address>0x8c90</load_address>
         <run_address>0x8c90</run_address>
         <size>0xd6</size>
         <input_file_ref idref="fl-3b"/>
      </object_component>
      <object_component id="oc-2e2">
         <name>.text:setvbuf</name>
         <load_address>0x8d66</load_address>
         <run_address>0x8d66</run_address>
         <size>0xcc</size>
         <input_file_ref idref="fl-7f"/>
      </object_component>
      <object_component id="oc-2cf">
         <name>.text:__TI_renormd</name>
         <load_address>0x8e32</load_address>
         <run_address>0x8e32</run_address>
         <size>0xb2</size>
         <input_file_ref idref="fl-71"/>
      </object_component>
      <object_component id="oc-227">
         <name>.text:malloc</name>
         <load_address>0x8ee4</load_address>
         <run_address>0x8ee4</run_address>
         <size>0xac</size>
         <input_file_ref idref="fl-6c"/>
      </object_component>
      <object_component id="oc-371">
         <name>.text:HOSTlseek</name>
         <load_address>0x8f90</load_address>
         <run_address>0x8f90</run_address>
         <size>0x86</size>
         <input_file_ref idref="fl-7b"/>
      </object_component>
      <object_component id="oc-11e">
         <name>.text:_auto_init_hold_wdt</name>
         <load_address>0x9016</load_address>
         <run_address>0x9016</run_address>
         <size>0x80</size>
         <input_file_ref idref="fl-65"/>
      </object_component>
      <object_component id="oc-318">
         <name>.text:free</name>
         <load_address>0x9096</load_address>
         <run_address>0x9096</run_address>
         <size>0x80</size>
         <input_file_ref idref="fl-6c"/>
      </object_component>
      <object_component id="oc-264">
         <name>.text:__TI_wrt_ok</name>
         <load_address>0x9116</load_address>
         <run_address>0x9116</run_address>
         <size>0x7a</size>
         <input_file_ref idref="fl-78"/>
      </object_component>
      <object_component id="oc-1c9">
         <name>.text:__mspabi_fltuld</name>
         <load_address>0x9190</load_address>
         <run_address>0x9190</run_address>
         <size>0x76</size>
         <input_file_ref idref="fl-5a"/>
      </object_component>
      <object_component id="oc-37d">
         <name>.text:HOSTrename</name>
         <load_address>0x9206</load_address>
         <run_address>0x9206</run_address>
         <size>0x6a</size>
         <input_file_ref idref="fl-7b"/>
      </object_component>
      <object_component id="oc-2dc">
         <name>.text:fseek</name>
         <load_address>0x9270</load_address>
         <run_address>0x9270</run_address>
         <size>0x6a</size>
         <input_file_ref idref="fl-79"/>
      </object_component>
      <object_component id="oc-350">
         <name>.text:__TI_closefile</name>
         <load_address>0x92da</load_address>
         <run_address>0x92da</run_address>
         <size>0x68</size>
         <input_file_ref idref="fl-81"/>
      </object_component>
      <object_component id="oc-1ea">
         <name>.text:__mspabi_fixdul</name>
         <load_address>0x9342</load_address>
         <run_address>0x9342</run_address>
         <size>0x68</size>
         <input_file_ref idref="fl-58"/>
      </object_component>
      <object_component id="oc-22e">
         <name>.text:t_handler</name>
         <load_address>0x93aa</load_address>
         <run_address>0x93aa</run_address>
         <size>0x68</size>
         <input_file_ref idref="fl-4"/>
      </object_component>
      <object_component id="oc-359">
         <name>.text:HOSTopen</name>
         <load_address>0x9412</load_address>
         <run_address>0x9412</run_address>
         <size>0x62</size>
         <input_file_ref idref="fl-7b"/>
      </object_component>
      <object_component id="oc-27c">
         <name>.text:__TI_doflush</name>
         <load_address>0x9474</load_address>
         <run_address>0x9474</run_address>
         <size>0x62</size>
         <input_file_ref idref="fl-76"/>
      </object_component>
      <object_component id="oc-36b">
         <name>.text:HOSTwrite</name>
         <load_address>0x94d6</load_address>
         <run_address>0x94d6</run_address>
         <size>0x5e</size>
         <input_file_ref idref="fl-7b"/>
      </object_component>
      <object_component id="oc-365">
         <name>.text:HOSTread</name>
         <load_address>0x9534</load_address>
         <run_address>0x9534</run_address>
         <size>0x5c</size>
         <input_file_ref idref="fl-7b"/>
      </object_component>
      <object_component id="oc-1fa">
         <name>.text:fflush</name>
         <load_address>0x9590</load_address>
         <run_address>0x9590</run_address>
         <size>0x54</size>
         <input_file_ref idref="fl-76"/>
      </object_component>
      <object_component id="oc-3b1">
         <name>.text:getdevice</name>
         <load_address>0x95e4</load_address>
         <run_address>0x95e4</run_address>
         <size>0x54</size>
         <input_file_ref idref="fl-7a"/>
      </object_component>
      <object_component id="oc-385">
         <name>.text:close</name>
         <load_address>0x9638</load_address>
         <run_address>0x9638</run_address>
         <size>0x4a</size>
         <input_file_ref idref="fl-7a"/>
      </object_component>
      <object_component id="oc-35f">
         <name>.text:HOSTclose</name>
         <load_address>0x9682</load_address>
         <run_address>0x9682</run_address>
         <size>0x44</size>
         <input_file_ref idref="fl-7b"/>
      </object_component>
      <object_component id="oc-377">
         <name>.text:HOSTunlink</name>
         <load_address>0x96c6</load_address>
         <run_address>0x96c6</run_address>
         <size>0x42</size>
         <input_file_ref idref="fl-7b"/>
      </object_component>
      <object_component id="oc-e2">
         <name>.text:__memcpy_far</name>
         <load_address>0x9708</load_address>
         <run_address>0x9708</run_address>
         <size>0x40</size>
         <input_file_ref idref="fl-55"/>
      </object_component>
      <object_component id="oc-99">
         <name>.text:decompress:ZI:__TI_zero_init</name>
         <load_address>0x9748</load_address>
         <run_address>0x9748</run_address>
         <size>0x3e</size>
         <input_file_ref idref="fl-54"/>
      </object_component>
      <object_component id="oc-23c">
         <name>.text:l_lsl_const</name>
         <load_address>0x9786</load_address>
         <run_address>0x9786</run_address>
         <size>0x3e</size>
         <input_file_ref idref="fl-60"/>
      </object_component>
      <object_component id="oc-241">
         <name>.text:l_lsr_const</name>
         <load_address>0x97c4</load_address>
         <run_address>0x97c4</run_address>
         <size>0x3e</size>
         <input_file_ref idref="fl-61"/>
      </object_component>
      <object_component id="oc-73">
         <name>.text:decompress:none:__TI_decompress_none</name>
         <load_address>0x9802</load_address>
         <run_address>0x9802</run_address>
         <size>0x3c</size>
         <input_file_ref idref="fl-3a"/>
      </object_component>
      <object_component id="oc-1d6">
         <name>.text:__mspabi_sllll</name>
         <load_address>0x983e</load_address>
         <run_address>0x983e</run_address>
         <size>0x3a</size>
         <input_file_ref idref="fl-73"/>
      </object_component>
      <object_component id="oc-1d0">
         <name>.text:__mspabi_srlll</name>
         <load_address>0x9878</load_address>
         <run_address>0x9878</run_address>
         <size>0x3a</size>
         <input_file_ref idref="fl-75"/>
      </object_component>
      <object_component id="oc-29f">
         <name>.text:minit</name>
         <load_address>0x98b2</load_address>
         <run_address>0x98b2</run_address>
         <size>0x38</size>
         <input_file_ref idref="fl-6c"/>
      </object_component>
      <object_component id="oc-31e">
         <name>.text:__TI_cleanup</name>
         <load_address>0x98ea</load_address>
         <run_address>0x98ea</run_address>
         <size>0x32</size>
         <input_file_ref idref="fl-80"/>
      </object_component>
      <object_component id="oc-397">
         <name>.text:__TI_writemsg</name>
         <load_address>0x991c</load_address>
         <run_address>0x991c</run_address>
         <size>0x2e</size>
         <input_file_ref idref="fl-7c"/>
      </object_component>
      <object_component id="oc-12a">
         <name>.text:exit</name>
         <load_address>0x994a</load_address>
         <run_address>0x994a</run_address>
         <size>0x2e</size>
         <input_file_ref idref="fl-6a"/>
      </object_component>
      <object_component id="oc-3d0">
         <name>.text:finddevice</name>
         <load_address>0x9978</load_address>
         <run_address>0x9978</run_address>
         <size>0x2e</size>
         <input_file_ref idref="fl-7a"/>
      </object_component>
      <object_component id="oc-39d">
         <name>.text:__TI_readmsg</name>
         <load_address>0x99a6</load_address>
         <run_address>0x99a6</run_address>
         <size>0x2c</size>
         <input_file_ref idref="fl-7c"/>
      </object_component>
      <object_component id="oc-138">
         <name>.text:main</name>
         <load_address>0x99d2</load_address>
         <run_address>0x99d2</run_address>
         <size>0x2c</size>
         <input_file_ref idref="fl-2"/>
      </object_component>
      <object_component id="oc-3ca">
         <name>.text:strncpy</name>
         <load_address>0x99fe</load_address>
         <run_address>0x99fe</run_address>
         <size>0x2c</size>
         <input_file_ref idref="fl-88"/>
      </object_component>
      <object_component id="oc-1a5">
         <name>.text:calloc</name>
         <load_address>0x9a2a</load_address>
         <run_address>0x9a2a</run_address>
         <size>0x2a</size>
         <input_file_ref idref="fl-6c"/>
      </object_component>
      <object_component id="oc-38c">
         <name>.text:unlink</name>
         <load_address>0x9a54</load_address>
         <run_address>0x9a54</run_address>
         <size>0x2a</size>
         <input_file_ref idref="fl-7a"/>
      </object_component>
      <object_component id="oc-310">
         <name>.text:lseek</name>
         <load_address>0x9a7e</load_address>
         <run_address>0x9a7e</run_address>
         <size>0x26</size>
         <input_file_ref idref="fl-7a"/>
      </object_component>
      <object_component id="oc-282">
         <name>.text:write</name>
         <load_address>0x9aa4</load_address>
         <run_address>0x9aa4</run_address>
         <size>0x24</size>
         <input_file_ref idref="fl-7a"/>
      </object_component>
      <object_component id="oc-184">
         <name>.text:_abort_msg</name>
         <load_address>0x9ac8</load_address>
         <run_address>0x9ac8</run_address>
         <size>0x1a</size>
         <input_file_ref idref="fl-62"/>
      </object_component>
      <object_component id="oc-3c4">
         <name>.text:strchr</name>
         <load_address>0x9ae2</load_address>
         <run_address>0x9ae2</run_address>
         <size>0x1a</size>
         <input_file_ref idref="fl-84"/>
      </object_component>
      <object_component id="oc-301">
         <name>.text:tx_lnk_frame</name>
         <load_address>0x9afc</load_address>
         <run_address>0x9afc</run_address>
         <size>0x1a</size>
         <input_file_ref idref="fl-5"/>
      </object_component>
      <object_component id="oc-3e1">
         <name>.text:strcmp</name>
         <load_address>0x9b16</load_address>
         <run_address>0x9b16</run_address>
         <size>0x18</size>
         <input_file_ref idref="fl-85"/>
      </object_component>
      <object_component id="oc-165">
         <name>.text</name>
         <load_address>0x9b2e</load_address>
         <run_address>0x9b2e</run_address>
         <size>0x16</size>
         <input_file_ref idref="fl-56"/>
      </object_component>
      <object_component id="oc-222">
         <name>.text</name>
         <load_address>0x9b44</load_address>
         <run_address>0x9b44</run_address>
         <size>0x16</size>
         <input_file_ref idref="fl-5b"/>
      </object_component>
      <object_component id="oc-2a7">
         <name>.text:send_ack</name>
         <load_address>0x9b5a</load_address>
         <run_address>0x9b5a</run_address>
         <size>0x16</size>
         <input_file_ref idref="fl-4"/>
      </object_component>
      <object_component id="oc-270">
         <name>.text:memchr</name>
         <load_address>0x9b70</load_address>
         <run_address>0x9b70</run_address>
         <size>0x14</size>
         <input_file_ref idref="fl-7d"/>
      </object_component>
      <object_component id="oc-176">
         <name>.text:__mspabi_fixdu</name>
         <load_address>0x9b84</load_address>
         <run_address>0x9b84</run_address>
         <size>0x12</size>
         <input_file_ref idref="fl-57"/>
      </object_component>
      <object_component id="oc-276">
         <name>.text:memcpy</name>
         <load_address>0x9b96</load_address>
         <run_address>0x9b96</run_address>
         <size>0x12</size>
         <input_file_ref idref="fl-7e"/>
      </object_component>
      <object_component id="oc-2ca">
         <name>.text:l_asr</name>
         <load_address>0x9ba8</load_address>
         <run_address>0x9ba8</run_address>
         <size>0x10</size>
         <input_file_ref idref="fl-74"/>
      </object_component>
      <object_component id="oc-2c5">
         <name>.text:l_lsl</name>
         <load_address>0x9bb8</load_address>
         <run_address>0x9bb8</run_address>
         <size>0x10</size>
         <input_file_ref idref="fl-60"/>
      </object_component>
      <object_component id="oc-25a">
         <name>.text:l_lsr</name>
         <load_address>0x9bc8</load_address>
         <run_address>0x9bc8</run_address>
         <size>0x10</size>
         <input_file_ref idref="fl-61"/>
      </object_component>
      <object_component id="oc-3a9">
         <name>.text:strcpy</name>
         <load_address>0x9bd8</load_address>
         <run_address>0x9bd8</run_address>
         <size>0x10</size>
         <input_file_ref idref="fl-86"/>
      </object_component>
      <object_component id="oc-79">
         <name>.text:decompress:rle24:__TI_decompress_rle24</name>
         <load_address>0x9be8</load_address>
         <run_address>0x9be8</run_address>
         <size>0xe</size>
         <input_file_ref idref="fl-3b"/>
      </object_component>
      <object_component id="oc-26a">
         <name>.text:strlen</name>
         <load_address>0x9bf6</load_address>
         <run_address>0x9bf6</run_address>
         <size>0xe</size>
         <input_file_ref idref="fl-87"/>
      </object_component>
      <object_component id="oc-1ab">
         <name>.text:x_lnk_res</name>
         <load_address>0x9c04</load_address>
         <run_address>0x9c04</run_address>
         <size>0xe</size>
         <input_file_ref idref="fl-5"/>
      </object_component>
      <object_component id="oc-2ad">
         <name>.text:prc_snd_ud</name>
         <load_address>0x9c12</load_address>
         <run_address>0x9c12</run_address>
         <size>0xa</size>
         <input_file_ref idref="fl-4"/>
      </object_component>
      <object_component id="oc-2b3">
         <name>.text:rq_class_2</name>
         <load_address>0x9c1c</load_address>
         <run_address>0x9c1c</run_address>
         <size>0xa</size>
         <input_file_ref idref="fl-4"/>
      </object_component>
      <object_component id="oc-16a">
         <name>.text:__mspabi_fltud</name>
         <load_address>0x9c26</load_address>
         <run_address>0x9c26</run_address>
         <size>0x6</size>
         <input_file_ref idref="fl-59"/>
      </object_component>
      <object_component id="oc-118">
         <name>.text:_system_pre_init</name>
         <load_address>0x9c2c</load_address>
         <run_address>0x9c2c</run_address>
         <size>0x4</size>
         <input_file_ref idref="fl-69"/>
      </object_component>
      <object_component id="oc-140">
         <name>.text:abort</name>
         <load_address>0x9c30</load_address>
         <run_address>0x9c30</run_address>
         <size>0x4</size>
         <input_file_ref idref="fl-6a"/>
      </object_component>
      <object_component id="oc-210">
         <name>.text:_nop</name>
         <load_address>0x9c34</load_address>
         <run_address>0x9c34</run_address>
         <size>0x2</size>
         <input_file_ref idref="fl-6b"/>
      </object_component>
      <object_component id="oc-234">
         <name>.common:cb_t</name>
         <uninitialized>true</uninitialized>
         <run_address>0x1ea0</run_address>
         <size>0x4</size>
      </object_component>
      <object_component id="oc-161">
         <name>.common:r_frame</name>
         <uninitialized>true</uninitialized>
         <run_address>0x1ea6</run_address>
         <size>0x2</size>
      </object_component>
      <object_component id="oc-182">
         <name>.common:ud_buff</name>
         <uninitialized>true</uninitialized>
         <run_address>0x1cfc</run_address>
         <size>0xfc</size>
      </object_component>
      <object_component id="oc-18a">
         <name>.common:tx_buff</name>
         <uninitialized>true</uninitialized>
         <run_address>0x1c00</run_address>
         <size>0xfc</size>
      </object_component>
      <object_component id="oc-38b">
         <name>.common:__TI_tmpnams</name>
         <uninitialized>true</uninitialized>
         <run_address>0x1df8</run_address>
         <size>0xa0</size>
      </object_component>
      <object_component id="oc-2a5">
         <name>.common:sys_free</name>
         <uninitialized>true</uninitialized>
         <run_address>0x1eaa</run_address>
         <size>0x2</size>
      </object_component>
      <object_component id="oc-2ff">
         <name>.common:sys_base</name>
         <uninitialized>true</uninitialized>
         <run_address>0x1ea8</run_address>
         <size>0x2</size>
      </object_component>
      <object_component id="oc-2fe">
         <name>.common:memsize</name>
         <uninitialized>true</uninitialized>
         <run_address>0x1ea4</run_address>
         <size>0x2</size>
      </object_component>
      <object_component id="oc-394">
         <name>.common:parmbuf</name>
         <uninitialized>true</uninitialized>
         <run_address>0x1e98</run_address>
         <size>0x8</size>
      </object_component>
      <object_component id="oc-15e">
         <name>.data</name>
         <load_address>0x1fc4</load_address>
         <run_address>0x1fc4</run_address>
         <size>0x9</size>
         <input_file_ref idref="fl-5"/>
      </object_component>
      <object_component id="oc-19c">
         <name>.data:__TI_cleanup_ptr</name>
         <load_address>0x1fce</load_address>
         <run_address>0x1fce</run_address>
         <size>0x4</size>
         <input_file_ref idref="fl-63"/>
      </object_component>
      <object_component id="oc-199">
         <name>.data:__TI_dtors_ptr</name>
         <load_address>0x1fd2</load_address>
         <run_address>0x1fd2</run_address>
         <size>0x4</size>
         <input_file_ref idref="fl-63"/>
      </object_component>
      <object_component id="oc-1f1">
         <name>.data:_ftable</name>
         <load_address>0x1f24</load_address>
         <run_address>0x1f24</run_address>
         <size>0x78</size>
         <input_file_ref idref="fl-68"/>
      </object_component>
      <object_component id="oc-28a">
         <name>.data</name>
         <load_address>0x1fde</load_address>
         <run_address>0x1fde</run_address>
         <size>0x2</size>
         <input_file_ref idref="fl-68"/>
      </object_component>
      <object_component id="oc-196">
         <name>.data:_lock</name>
         <load_address>0x1fd6</load_address>
         <run_address>0x1fd6</run_address>
         <size>0x4</size>
         <input_file_ref idref="fl-6b"/>
      </object_component>
      <object_component id="oc-19f">
         <name>.data:_unlock</name>
         <load_address>0x1fda</load_address>
         <run_address>0x1fda</run_address>
         <size>0x4</size>
         <input_file_ref idref="fl-6b"/>
      </object_component>
      <object_component id="oc-29c">
         <name>.data</name>
         <load_address>0x1fe0</load_address>
         <run_address>0x1fe0</run_address>
         <size>0x2</size>
         <input_file_ref idref="fl-6c"/>
      </object_component>
      <object_component id="oc-333">
         <name>.data:_device</name>
         <load_address>0x1eac</load_address>
         <run_address>0x1eac</run_address>
         <size>0x78</size>
         <input_file_ref idref="fl-7a"/>
      </object_component>
      <object_component id="oc-2f1">
         <name>.data:_stream</name>
         <load_address>0x1f9c</load_address>
         <run_address>0x1f9c</run_address>
         <size>0x28</size>
         <input_file_ref idref="fl-7a"/>
      </object_component>
      <object_component id="oc-db">
         <name>.stack</name>
         <uninitialized>true</uninitialized>
         <run_address>0x2360</run_address>
         <size>0x2</size>
         <input_file_ref idref="fl-63"/>
      </object_component>
      <object_component id="oc-458">
         <name>.stack</name>
         <uninitialized>true</uninitialized>
         <run_address>0x2360</run_address>
         <size>0x0</size>
      </object_component>
      <object_component id="oc-7f">
         <name>.int28</name>
         <load_address>0xffc8</load_address>
         <run_address>0xffc8</run_address>
         <size>0x2</size>
         <input_file_ref idref="fl-3c"/>
      </object_component>
      <object_component id="oc-80">
         <name>.int29</name>
         <load_address>0xffca</load_address>
         <run_address>0xffca</run_address>
         <size>0x2</size>
         <input_file_ref idref="fl-3e"/>
      </object_component>
      <object_component id="oc-81">
         <name>.int30</name>
         <load_address>0xffcc</load_address>
         <run_address>0xffcc</run_address>
         <size>0x2</size>
         <input_file_ref idref="fl-3f"/>
      </object_component>
      <object_component id="oc-82">
         <name>.int31</name>
         <load_address>0xffce</load_address>
         <run_address>0xffce</run_address>
         <size>0x2</size>
         <input_file_ref idref="fl-40"/>
      </object_component>
      <object_component id="oc-83">
         <name>.int32</name>
         <load_address>0xffd0</load_address>
         <run_address>0xffd0</run_address>
         <size>0x2</size>
         <input_file_ref idref="fl-41"/>
      </object_component>
      <object_component id="oc-84">
         <name>.int33</name>
         <load_address>0xffd2</load_address>
         <run_address>0xffd2</run_address>
         <size>0x2</size>
         <input_file_ref idref="fl-42"/>
      </object_component>
      <object_component id="oc-85">
         <name>.int34</name>
         <load_address>0xffd4</load_address>
         <run_address>0xffd4</run_address>
         <size>0x2</size>
         <input_file_ref idref="fl-43"/>
      </object_component>
      <object_component id="oc-86">
         <name>.int35</name>
         <load_address>0xffd6</load_address>
         <run_address>0xffd6</run_address>
         <size>0x2</size>
         <input_file_ref idref="fl-5"/>
      </object_component>
      <object_component id="oc-87">
         <name>.int36</name>
         <load_address>0xffd8</load_address>
         <run_address>0xffd8</run_address>
         <size>0x2</size>
         <input_file_ref idref="fl-44"/>
      </object_component>
      <object_component id="oc-88">
         <name>.int37</name>
         <load_address>0xffda</load_address>
         <run_address>0xffda</run_address>
         <size>0x2</size>
         <input_file_ref idref="fl-45"/>
      </object_component>
      <object_component id="oc-89">
         <name>.int38</name>
         <load_address>0xffdc</load_address>
         <run_address>0xffdc</run_address>
         <size>0x2</size>
         <input_file_ref idref="fl-5"/>
      </object_component>
      <object_component id="oc-8a">
         <name>.int39</name>
         <load_address>0xffde</load_address>
         <run_address>0xffde</run_address>
         <size>0x2</size>
         <input_file_ref idref="fl-46"/>
      </object_component>
      <object_component id="oc-8b">
         <name>.int40</name>
         <load_address>0xffe0</load_address>
         <run_address>0xffe0</run_address>
         <size>0x2</size>
         <input_file_ref idref="fl-47"/>
      </object_component>
      <object_component id="oc-8c">
         <name>.int41</name>
         <load_address>0xffe2</load_address>
         <run_address>0xffe2</run_address>
         <size>0x2</size>
         <input_file_ref idref="fl-48"/>
      </object_component>
      <object_component id="oc-8d">
         <name>.int42</name>
         <load_address>0xffe4</load_address>
         <run_address>0xffe4</run_address>
         <size>0x2</size>
         <input_file_ref idref="fl-5"/>
      </object_component>
      <object_component id="oc-8e">
         <name>.int43</name>
         <load_address>0xffe6</load_address>
         <run_address>0xffe6</run_address>
         <size>0x2</size>
         <input_file_ref idref="fl-49"/>
      </object_component>
      <object_component id="oc-8f">
         <name>.int44</name>
         <load_address>0xffe8</load_address>
         <run_address>0xffe8</run_address>
         <size>0x2</size>
         <input_file_ref idref="fl-4a"/>
      </object_component>
      <object_component id="oc-90">
         <name>.int45</name>
         <load_address>0xffea</load_address>
         <run_address>0xffea</run_address>
         <size>0x2</size>
         <input_file_ref idref="fl-4b"/>
      </object_component>
      <object_component id="oc-91">
         <name>.int46</name>
         <load_address>0xffec</load_address>
         <run_address>0xffec</run_address>
         <size>0x2</size>
         <input_file_ref idref="fl-4c"/>
      </object_component>
      <object_component id="oc-92">
         <name>.int47</name>
         <load_address>0xffee</load_address>
         <run_address>0xffee</run_address>
         <size>0x2</size>
         <input_file_ref idref="fl-4d"/>
      </object_component>
      <object_component id="oc-93">
         <name>.int49</name>
         <load_address>0xfff2</load_address>
         <run_address>0xfff2</run_address>
         <size>0x2</size>
         <input_file_ref idref="fl-4e"/>
      </object_component>
      <object_component id="oc-94">
         <name>.int50</name>
         <load_address>0xfff4</load_address>
         <run_address>0xfff4</run_address>
         <size>0x2</size>
         <input_file_ref idref="fl-4f"/>
      </object_component>
      <object_component id="oc-95">
         <name>.int51</name>
         <load_address>0xfff6</load_address>
         <run_address>0xfff6</run_address>
         <size>0x2</size>
         <input_file_ref idref="fl-50"/>
      </object_component>
      <object_component id="oc-96">
         <name>.int52</name>
         <load_address>0xfff8</load_address>
         <run_address>0xfff8</run_address>
         <size>0x2</size>
         <input_file_ref idref="fl-51"/>
      </object_component>
      <object_component id="oc-97">
         <name>.int53</name>
         <load_address>0xfffa</load_address>
         <run_address>0xfffa</run_address>
         <size>0x2</size>
         <input_file_ref idref="fl-52"/>
      </object_component>
      <object_component id="oc-98">
         <name>.int54</name>
         <load_address>0xfffc</load_address>
         <run_address>0xfffc</run_address>
         <size>0x2</size>
         <input_file_ref idref="fl-53"/>
      </object_component>
      <object_component id="oc-de">
         <name>.reset</name>
         <load_address>0xfffe</load_address>
         <run_address>0xfffe</run_address>
         <size>0x2</size>
         <input_file_ref idref="fl-63"/>
      </object_component>
      <object_component id="oc-23b">
         <name>.debug_info</name>
         <load_address>0x0</load_address>
         <run_address>0x0</run_address>
         <size>0x317</size>
         <input_file_ref idref="fl-2"/>
      </object_component>
      <object_component id="oc-139">
         <name>.debug_info</name>
         <load_address>0x317</load_address>
         <run_address>0x317</run_address>
         <size>0x10c</size>
         <input_file_ref idref="fl-2"/>
      </object_component>
      <object_component id="oc-1c3">
         <name>.debug_info</name>
         <load_address>0x423</load_address>
         <run_address>0x423</run_address>
         <size>0x20f</size>
         <input_file_ref idref="fl-2"/>
      </object_component>
      <object_component id="oc-2bc">
         <name>.debug_info</name>
         <load_address>0x632</load_address>
         <run_address>0x632</run_address>
         <size>0xc8</size>
         <input_file_ref idref="fl-2"/>
      </object_component>
      <object_component id="oc-14e">
         <name>.debug_info</name>
         <load_address>0x6fa</load_address>
         <run_address>0x6fa</run_address>
         <size>0x84</size>
         <input_file_ref idref="fl-2"/>
      </object_component>
      <object_component id="oc-17d">
         <name>.debug_info</name>
         <load_address>0x77e</load_address>
         <run_address>0x77e</run_address>
         <size>0x18b</size>
         <input_file_ref idref="fl-2"/>
      </object_component>
      <object_component id="oc-22f">
         <name>.debug_info</name>
         <load_address>0x909</load_address>
         <run_address>0x909</run_address>
         <size>0x147</size>
         <input_file_ref idref="fl-4"/>
      </object_component>
      <object_component id="oc-2a8">
         <name>.debug_info</name>
         <load_address>0xa50</load_address>
         <run_address>0xa50</run_address>
         <size>0x125</size>
         <input_file_ref idref="fl-4"/>
      </object_component>
      <object_component id="oc-2b4">
         <name>.debug_info</name>
         <load_address>0xb75</load_address>
         <run_address>0xb75</run_address>
         <size>0x109</size>
         <input_file_ref idref="fl-4"/>
      </object_component>
      <object_component id="oc-2ae">
         <name>.debug_info</name>
         <load_address>0xc7e</load_address>
         <run_address>0xc7e</run_address>
         <size>0x109</size>
         <input_file_ref idref="fl-4"/>
      </object_component>
      <object_component id="oc-1b5">
         <name>.debug_info</name>
         <load_address>0xd87</load_address>
         <run_address>0xd87</run_address>
         <size>0x2c</size>
         <input_file_ref idref="fl-4"/>
      </object_component>
      <object_component id="oc-162">
         <name>.debug_info</name>
         <load_address>0xdb3</load_address>
         <run_address>0xdb3</run_address>
         <size>0x599</size>
         <input_file_ref idref="fl-5"/>
      </object_component>
      <object_component id="oc-15f">
         <name>.debug_info</name>
         <load_address>0x134c</load_address>
         <run_address>0x134c</run_address>
         <size>0x1b9</size>
         <input_file_ref idref="fl-5"/>
      </object_component>
      <object_component id="oc-302">
         <name>.debug_info</name>
         <load_address>0x1505</load_address>
         <run_address>0x1505</run_address>
         <size>0x13a</size>
         <input_file_ref idref="fl-5"/>
      </object_component>
      <object_component id="oc-1ac">
         <name>.debug_info</name>
         <load_address>0x163f</load_address>
         <run_address>0x163f</run_address>
         <size>0x111</size>
         <input_file_ref idref="fl-5"/>
      </object_component>
      <object_component id="oc-10d">
         <name>.debug_info</name>
         <load_address>0x1750</load_address>
         <run_address>0x1750</run_address>
         <size>0x18d</size>
         <input_file_ref idref="fl-5"/>
      </object_component>
      <object_component id="oc-107">
         <name>.debug_info</name>
         <load_address>0x18dd</load_address>
         <run_address>0x18dd</run_address>
         <size>0x163</size>
         <input_file_ref idref="fl-5"/>
      </object_component>
      <object_component id="oc-101">
         <name>.debug_info</name>
         <load_address>0x1a40</load_address>
         <run_address>0x1a40</run_address>
         <size>0x107</size>
         <input_file_ref idref="fl-5"/>
      </object_component>
      <object_component id="oc-ed">
         <name>.debug_info</name>
         <load_address>0x1b47</load_address>
         <run_address>0x1b47</run_address>
         <size>0x1b2</size>
         <input_file_ref idref="fl-3a"/>
      </object_component>
      <object_component id="oc-76">
         <name>.debug_info</name>
         <load_address>0x1cf9</load_address>
         <run_address>0x1cf9</run_address>
         <size>0x1ca</size>
         <input_file_ref idref="fl-3a"/>
      </object_component>
      <object_component id="oc-e8">
         <name>.debug_info</name>
         <load_address>0x1ec3</load_address>
         <run_address>0x1ec3</run_address>
         <size>0x46</size>
         <input_file_ref idref="fl-3a"/>
      </object_component>
      <object_component id="oc-f5">
         <name>.debug_info</name>
         <load_address>0x1f09</load_address>
         <run_address>0x1f09</run_address>
         <size>0x1b7</size>
         <input_file_ref idref="fl-3b"/>
      </object_component>
      <object_component id="oc-f1">
         <name>.debug_info</name>
         <load_address>0x20c0</load_address>
         <run_address>0x20c0</run_address>
         <size>0x2a3</size>
         <input_file_ref idref="fl-3b"/>
      </object_component>
      <object_component id="oc-7c">
         <name>.debug_info</name>
         <load_address>0x2363</load_address>
         <run_address>0x2363</run_address>
         <size>0x1a3</size>
         <input_file_ref idref="fl-3b"/>
      </object_component>
      <object_component id="oc-f6">
         <name>.debug_info</name>
         <load_address>0x2506</load_address>
         <run_address>0x2506</run_address>
         <size>0x39</size>
         <input_file_ref idref="fl-3b"/>
      </object_component>
      <object_component id="oc-fe">
         <name>.debug_info</name>
         <load_address>0x253f</load_address>
         <run_address>0x253f</run_address>
         <size>0xee</size>
         <input_file_ref idref="fl-3d"/>
      </object_component>
      <object_component id="oc-9b">
         <name>.debug_info</name>
         <load_address>0x262d</load_address>
         <run_address>0x262d</run_address>
         <size>0x199</size>
         <input_file_ref idref="fl-54"/>
      </object_component>
      <object_component id="oc-113">
         <name>.debug_info</name>
         <load_address>0x27c6</load_address>
         <run_address>0x27c6</run_address>
         <size>0x46</size>
         <input_file_ref idref="fl-54"/>
      </object_component>
      <object_component id="oc-e3">
         <name>.debug_info</name>
         <load_address>0x280c</load_address>
         <run_address>0x280c</run_address>
         <size>0xf9</size>
         <input_file_ref idref="fl-55"/>
      </object_component>
      <object_component id="oc-168">
         <name>.debug_info</name>
         <load_address>0x2905</load_address>
         <run_address>0x2905</run_address>
         <size>0x100</size>
         <input_file_ref idref="fl-56"/>
      </object_component>
      <object_component id="oc-17a">
         <name>.debug_info</name>
         <load_address>0x2a05</load_address>
         <run_address>0x2a05</run_address>
         <size>0x14e</size>
         <input_file_ref idref="fl-57"/>
      </object_component>
      <object_component id="oc-1eb">
         <name>.debug_info</name>
         <load_address>0x2b53</load_address>
         <run_address>0x2b53</run_address>
         <size>0x188</size>
         <input_file_ref idref="fl-58"/>
      </object_component>
      <object_component id="oc-24b">
         <name>.debug_info</name>
         <load_address>0x2cdb</load_address>
         <run_address>0x2cdb</run_address>
         <size>0x94</size>
         <input_file_ref idref="fl-58"/>
      </object_component>
      <object_component id="oc-16b">
         <name>.debug_info</name>
         <load_address>0x2d6f</load_address>
         <run_address>0x2d6f</run_address>
         <size>0x13e</size>
         <input_file_ref idref="fl-59"/>
      </object_component>
      <object_component id="oc-247">
         <name>.debug_info</name>
         <load_address>0x2ead</load_address>
         <run_address>0x2ead</run_address>
         <size>0x1be</size>
         <input_file_ref idref="fl-5a"/>
      </object_component>
      <object_component id="oc-1cc">
         <name>.debug_info</name>
         <load_address>0x306b</load_address>
         <run_address>0x306b</run_address>
         <size>0x199</size>
         <input_file_ref idref="fl-5a"/>
      </object_component>
      <object_component id="oc-225">
         <name>.debug_info</name>
         <load_address>0x3204</load_address>
         <run_address>0x3204</run_address>
         <size>0x10f</size>
         <input_file_ref idref="fl-5b"/>
      </object_component>
      <object_component id="oc-2c6">
         <name>.debug_info</name>
         <load_address>0x3313</load_address>
         <run_address>0x3313</run_address>
         <size>0xff</size>
         <input_file_ref idref="fl-60"/>
      </object_component>
      <object_component id="oc-23e">
         <name>.debug_info</name>
         <load_address>0x3412</load_address>
         <run_address>0x3412</run_address>
         <size>0x105</size>
         <input_file_ref idref="fl-60"/>
      </object_component>
      <object_component id="oc-25b">
         <name>.debug_info</name>
         <load_address>0x3517</load_address>
         <run_address>0x3517</run_address>
         <size>0xff</size>
         <input_file_ref idref="fl-61"/>
      </object_component>
      <object_component id="oc-242">
         <name>.debug_info</name>
         <load_address>0x3616</load_address>
         <run_address>0x3616</run_address>
         <size>0x105</size>
         <input_file_ref idref="fl-61"/>
      </object_component>
      <object_component id="oc-201">
         <name>.debug_info</name>
         <load_address>0x371b</load_address>
         <run_address>0x371b</run_address>
         <size>0x1cc</size>
         <input_file_ref idref="fl-62"/>
      </object_component>
      <object_component id="oc-186">
         <name>.debug_info</name>
         <load_address>0x38e7</load_address>
         <run_address>0x38e7</run_address>
         <size>0x14f</size>
         <input_file_ref idref="fl-62"/>
      </object_component>
      <object_component id="oc-291">
         <name>.debug_info</name>
         <load_address>0x3a36</load_address>
         <run_address>0x3a36</run_address>
         <size>0xae</size>
         <input_file_ref idref="fl-62"/>
      </object_component>
      <object_component id="oc-21b">
         <name>.debug_info</name>
         <load_address>0x3ae4</load_address>
         <run_address>0x3ae4</run_address>
         <size>0x1c9</size>
         <input_file_ref idref="fl-63"/>
      </object_component>
      <object_component id="oc-19d">
         <name>.debug_info</name>
         <load_address>0x3cad</load_address>
         <run_address>0x3cad</run_address>
         <size>0xec</size>
         <input_file_ref idref="fl-63"/>
      </object_component>
      <object_component id="oc-19a">
         <name>.debug_info</name>
         <load_address>0x3d99</load_address>
         <run_address>0x3d99</run_address>
         <size>0xe8</size>
         <input_file_ref idref="fl-63"/>
      </object_component>
      <object_component id="oc-dc">
         <name>.debug_info</name>
         <load_address>0x3e81</load_address>
         <run_address>0x3e81</run_address>
         <size>0xd8</size>
         <input_file_ref idref="fl-63"/>
      </object_component>
      <object_component id="oc-18e">
         <name>.debug_info</name>
         <load_address>0x3f59</load_address>
         <run_address>0x3f59</run_address>
         <size>0x31e</size>
         <input_file_ref idref="fl-65"/>
      </object_component>
      <object_component id="oc-122">
         <name>.debug_info</name>
         <load_address>0x4277</load_address>
         <run_address>0x4277</run_address>
         <size>0x1de</size>
         <input_file_ref idref="fl-65"/>
      </object_component>
      <object_component id="oc-204">
         <name>.debug_info</name>
         <load_address>0x4455</load_address>
         <run_address>0x4455</run_address>
         <size>0x39</size>
         <input_file_ref idref="fl-65"/>
      </object_component>
      <object_component id="oc-18f">
         <name>.debug_info</name>
         <load_address>0x448e</load_address>
         <run_address>0x448e</run_address>
         <size>0x2c</size>
         <input_file_ref idref="fl-65"/>
      </object_component>
      <object_component id="oc-af">
         <name>.debug_info</name>
         <load_address>0x44ba</load_address>
         <run_address>0x44ba</run_address>
         <size>0x16a</size>
         <input_file_ref idref="fl-66"/>
      </object_component>
      <object_component id="oc-262">
         <name>.debug_info</name>
         <load_address>0x4624</load_address>
         <run_address>0x4624</run_address>
         <size>0x116</size>
         <input_file_ref idref="fl-68"/>
      </object_component>
      <object_component id="oc-1f2">
         <name>.debug_info</name>
         <load_address>0x473a</load_address>
         <run_address>0x473a</run_address>
         <size>0xda</size>
         <input_file_ref idref="fl-68"/>
      </object_component>
      <object_component id="oc-28b">
         <name>.debug_info</name>
         <load_address>0x4814</load_address>
         <run_address>0x4814</run_address>
         <size>0xe2</size>
         <input_file_ref idref="fl-68"/>
      </object_component>
      <object_component id="oc-119">
         <name>.debug_info</name>
         <load_address>0x48f6</load_address>
         <run_address>0x48f6</run_address>
         <size>0x12b</size>
         <input_file_ref idref="fl-69"/>
      </object_component>
      <object_component id="oc-1a3">
         <name>.debug_info</name>
         <load_address>0x4a21</load_address>
         <run_address>0x4a21</run_address>
         <size>0x1d8</size>
         <input_file_ref idref="fl-6a"/>
      </object_component>
      <object_component id="oc-141">
         <name>.debug_info</name>
         <load_address>0x4bf9</load_address>
         <run_address>0x4bf9</run_address>
         <size>0xfa</size>
         <input_file_ref idref="fl-6a"/>
      </object_component>
      <object_component id="oc-12d">
         <name>.debug_info</name>
         <load_address>0x4cf3</load_address>
         <run_address>0x4cf3</run_address>
         <size>0x155</size>
         <input_file_ref idref="fl-6a"/>
      </object_component>
      <object_component id="oc-218">
         <name>.debug_info</name>
         <load_address>0x4e48</load_address>
         <run_address>0x4e48</run_address>
         <size>0x13b</size>
         <input_file_ref idref="fl-6b"/>
      </object_component>
      <object_component id="oc-197">
         <name>.debug_info</name>
         <load_address>0x4f83</load_address>
         <run_address>0x4f83</run_address>
         <size>0xd7</size>
         <input_file_ref idref="fl-6b"/>
      </object_component>
      <object_component id="oc-1a0">
         <name>.debug_info</name>
         <load_address>0x505a</load_address>
         <run_address>0x505a</run_address>
         <size>0xdb</size>
         <input_file_ref idref="fl-6b"/>
      </object_component>
      <object_component id="oc-211">
         <name>.debug_info</name>
         <load_address>0x5135</load_address>
         <run_address>0x5135</run_address>
         <size>0x106</size>
         <input_file_ref idref="fl-6b"/>
      </object_component>
      <object_component id="oc-155">
         <name>.debug_info</name>
         <load_address>0x523b</load_address>
         <run_address>0x523b</run_address>
         <size>0x273</size>
         <input_file_ref idref="fl-6c"/>
      </object_component>
      <object_component id="oc-e0">
         <name>.debug_info</name>
         <load_address>0x54ae</load_address>
         <run_address>0x54ae</run_address>
         <size>0xe4</size>
         <input_file_ref idref="fl-6c"/>
      </object_component>
      <object_component id="oc-29d">
         <name>.debug_info</name>
         <load_address>0x5592</load_address>
         <run_address>0x5592</run_address>
         <size>0xe1</size>
         <input_file_ref idref="fl-6c"/>
      </object_component>
      <object_component id="oc-31c">
         <name>.debug_info</name>
         <load_address>0x5673</load_address>
         <run_address>0x5673</run_address>
         <size>0x183</size>
         <input_file_ref idref="fl-6c"/>
      </object_component>
      <object_component id="oc-2a3">
         <name>.debug_info</name>
         <load_address>0x57f6</load_address>
         <run_address>0x57f6</run_address>
         <size>0x113</size>
         <input_file_ref idref="fl-6c"/>
      </object_component>
      <object_component id="oc-22b">
         <name>.debug_info</name>
         <load_address>0x5909</load_address>
         <run_address>0x5909</run_address>
         <size>0x1a4</size>
         <input_file_ref idref="fl-6c"/>
      </object_component>
      <object_component id="oc-1a6">
         <name>.debug_info</name>
         <load_address>0x5aad</load_address>
         <run_address>0x5aad</run_address>
         <size>0x19a</size>
         <input_file_ref idref="fl-6c"/>
      </object_component>
      <object_component id="oc-236">
         <name>.debug_info</name>
         <load_address>0x5c47</load_address>
         <run_address>0x5c47</run_address>
         <size>0x2c</size>
         <input_file_ref idref="fl-6c"/>
      </object_component>
      <object_component id="oc-1ba">
         <name>.debug_info</name>
         <load_address>0x5c73</load_address>
         <run_address>0x5c73</run_address>
         <size>0x6f</size>
         <input_file_ref idref="fl-6c"/>
      </object_component>
      <object_component id="oc-1e9">
         <name>.debug_info</name>
         <load_address>0x5ce2</load_address>
         <run_address>0x5ce2</run_address>
         <size>0x1ec</size>
         <input_file_ref idref="fl-6e"/>
      </object_component>
      <object_component id="oc-171">
         <name>.debug_info</name>
         <load_address>0x5ece</load_address>
         <run_address>0x5ece</run_address>
         <size>0x1e9</size>
         <input_file_ref idref="fl-6e"/>
      </object_component>
      <object_component id="oc-257">
         <name>.debug_info</name>
         <load_address>0x60b7</load_address>
         <run_address>0x60b7</run_address>
         <size>0x1fa</size>
         <input_file_ref idref="fl-6f"/>
      </object_component>
      <object_component id="oc-1e5">
         <name>.debug_info</name>
         <load_address>0x62b1</load_address>
         <run_address>0x62b1</run_address>
         <size>0x20a</size>
         <input_file_ref idref="fl-6f"/>
      </object_component>
      <object_component id="oc-2d6">
         <name>.debug_info</name>
         <load_address>0x64bb</load_address>
         <run_address>0x64bb</run_address>
         <size>0x1f3</size>
         <input_file_ref idref="fl-70"/>
      </object_component>
      <object_component id="oc-253">
         <name>.debug_info</name>
         <load_address>0x66ae</load_address>
         <run_address>0x66ae</run_address>
         <size>0x294</size>
         <input_file_ref idref="fl-70"/>
      </object_component>
      <object_component id="oc-30d">
         <name>.debug_info</name>
         <load_address>0x6942</load_address>
         <run_address>0x6942</run_address>
         <size>0x1c5</size>
         <input_file_ref idref="fl-71"/>
      </object_component>
      <object_component id="oc-2d0">
         <name>.debug_info</name>
         <load_address>0x6b07</load_address>
         <run_address>0x6b07</run_address>
         <size>0x1b5</size>
         <input_file_ref idref="fl-71"/>
      </object_component>
      <object_component id="oc-1dd">
         <name>.debug_info</name>
         <load_address>0x6cbc</load_address>
         <run_address>0x6cbc</run_address>
         <size>0x1a7</size>
         <input_file_ref idref="fl-72"/>
      </object_component>
      <object_component id="oc-1d9">
         <name>.debug_info</name>
         <load_address>0x6e63</load_address>
         <run_address>0x6e63</run_address>
         <size>0x160</size>
         <input_file_ref idref="fl-73"/>
      </object_component>
      <object_component id="oc-2cb">
         <name>.debug_info</name>
         <load_address>0x6fc3</load_address>
         <run_address>0x6fc3</run_address>
         <size>0xff</size>
         <input_file_ref idref="fl-74"/>
      </object_component>
      <object_component id="oc-1d1">
         <name>.debug_info</name>
         <load_address>0x70c2</load_address>
         <run_address>0x70c2</run_address>
         <size>0x160</size>
         <input_file_ref idref="fl-75"/>
      </object_component>
      <object_component id="oc-28e">
         <name>.debug_info</name>
         <load_address>0x7222</load_address>
         <run_address>0x7222</run_address>
         <size>0x1f7</size>
         <input_file_ref idref="fl-76"/>
      </object_component>
      <object_component id="oc-280">
         <name>.debug_info</name>
         <load_address>0x7419</load_address>
         <run_address>0x7419</run_address>
         <size>0x15c</size>
         <input_file_ref idref="fl-76"/>
      </object_component>
      <object_component id="oc-1fb">
         <name>.debug_info</name>
         <load_address>0x7575</load_address>
         <run_address>0x7575</run_address>
         <size>0x1a0</size>
         <input_file_ref idref="fl-76"/>
      </object_component>
      <object_component id="oc-289">
         <name>.debug_info</name>
         <load_address>0x7715</load_address>
         <run_address>0x7715</run_address>
         <size>0x2f7</size>
         <input_file_ref idref="fl-77"/>
      </object_component>
      <object_component id="oc-1f6">
         <name>.debug_info</name>
         <load_address>0x7a0c</load_address>
         <run_address>0x7a0c</run_address>
         <size>0x29f</size>
         <input_file_ref idref="fl-77"/>
      </object_component>
      <object_component id="oc-2e9">
         <name>.debug_info</name>
         <load_address>0x7cab</load_address>
         <run_address>0x7cab</run_address>
         <size>0x1a5</size>
         <input_file_ref idref="fl-78"/>
      </object_component>
      <object_component id="oc-266">
         <name>.debug_info</name>
         <load_address>0x7e50</load_address>
         <run_address>0x7e50</run_address>
         <size>0x16e</size>
         <input_file_ref idref="fl-78"/>
      </object_component>
      <object_component id="oc-326">
         <name>.debug_info</name>
         <load_address>0x7fbe</load_address>
         <run_address>0x7fbe</run_address>
         <size>0xbb</size>
         <input_file_ref idref="fl-78"/>
      </object_component>
      <object_component id="oc-317">
         <name>.debug_info</name>
         <load_address>0x8079</load_address>
         <run_address>0x8079</run_address>
         <size>0x1d4</size>
         <input_file_ref idref="fl-79"/>
      </object_component>
      <object_component id="oc-2de">
         <name>.debug_info</name>
         <load_address>0x824d</load_address>
         <run_address>0x824d</run_address>
         <size>0x1c1</size>
         <input_file_ref idref="fl-79"/>
      </object_component>
      <object_component id="oc-344">
         <name>.debug_info</name>
         <load_address>0x840e</load_address>
         <run_address>0x840e</run_address>
         <size>0x2c</size>
         <input_file_ref idref="fl-79"/>
      </object_component>
      <object_component id="oc-2f5">
         <name>.debug_info</name>
         <load_address>0x843a</load_address>
         <run_address>0x843a</run_address>
         <size>0x478</size>
         <input_file_ref idref="fl-7a"/>
      </object_component>
      <object_component id="oc-334">
         <name>.debug_info</name>
         <load_address>0x88b2</load_address>
         <run_address>0x88b2</run_address>
         <size>0xdb</size>
         <input_file_ref idref="fl-7a"/>
      </object_component>
      <object_component id="oc-2f2">
         <name>.debug_info</name>
         <load_address>0x898d</load_address>
         <run_address>0x898d</run_address>
         <size>0xdb</size>
         <input_file_ref idref="fl-7a"/>
      </object_component>
      <object_component id="oc-285">
         <name>.debug_info</name>
         <load_address>0x8a68</load_address>
         <run_address>0x8a68</run_address>
         <size>0x167</size>
         <input_file_ref idref="fl-7a"/>
      </object_component>
      <object_component id="oc-3d3">
         <name>.debug_info</name>
         <load_address>0x8bcf</load_address>
         <run_address>0x8bcf</run_address>
         <size>0x160</size>
         <input_file_ref idref="fl-7a"/>
      </object_component>
      <object_component id="oc-3b3">
         <name>.debug_info</name>
         <load_address>0x8d2f</load_address>
         <run_address>0x8d2f</run_address>
         <size>0x1b9</size>
         <input_file_ref idref="fl-7a"/>
      </object_component>
      <object_component id="oc-38f">
         <name>.debug_info</name>
         <load_address>0x8ee8</load_address>
         <run_address>0x8ee8</run_address>
         <size>0x180</size>
         <input_file_ref idref="fl-7a"/>
      </object_component>
      <object_component id="oc-312">
         <name>.debug_info</name>
         <load_address>0x9068</load_address>
         <run_address>0x9068</run_address>
         <size>0x172</size>
         <input_file_ref idref="fl-7a"/>
      </object_component>
      <object_component id="oc-388">
         <name>.debug_info</name>
         <load_address>0x91da</load_address>
         <run_address>0x91da</run_address>
         <size>0x166</size>
         <input_file_ref idref="fl-7a"/>
      </object_component>
      <object_component id="oc-33f">
         <name>.debug_info</name>
         <load_address>0x9340</load_address>
         <run_address>0x9340</run_address>
         <size>0x120</size>
         <input_file_ref idref="fl-7a"/>
      </object_component>
      <object_component id="oc-33a">
         <name>.debug_info</name>
         <load_address>0x9460</load_address>
         <run_address>0x9460</run_address>
         <size>0x2c</size>
         <input_file_ref idref="fl-7a"/>
      </object_component>
      <object_component id="oc-395">
         <name>.debug_info</name>
         <load_address>0x948c</load_address>
         <run_address>0x948c</run_address>
         <size>0x2c2</size>
         <input_file_ref idref="fl-7b"/>
      </object_component>
      <object_component id="oc-36c">
         <name>.debug_info</name>
         <load_address>0x974e</load_address>
         <run_address>0x974e</run_address>
         <size>0x1cf</size>
[...]
         <name>__TI_decompress_rle24</name>
         <value>0x9be8</value>
         <object_component_ref idref="oc-79"/>
      </symbol>
      <symbol id="sm-570">
         <name>__TI_int28</name>
         <value>0xffc8</value>
         <object_component_ref idref="oc-7f"/>
      </symbol>
      <symbol id="sm-578">
         <name>__TI_ISR_TRAP</name>
         <value>0x9f9c</value>
         <object_component_ref idref="oc-fb"/>
      </symbol>
      <symbol id="sm-57b">
         <name>__TI_int29</name>
         <value>0xffca</value>
         <object_component_ref idref="oc-80"/>
      </symbol>
      <symbol id="sm-57e">
         <name>__TI_int30</name>
         <value>0xffcc</value>
         <object_component_ref idref="oc-81"/>
      </symbol>
      <symbol id="sm-581">
         <name>__TI_int31</name>
         <value>0xffce</value>
         <object_component_ref idref="oc-82"/>
      </symbol>
      <symbol id="sm-584">
         <name>__TI_int32</name>
         <value>0xffd0</value>
         <object_component_ref idref="oc-83"/>
      </symbol>
      <symbol id="sm-587">
         <name>__TI_int33</name>
         <value>0xffd2</value>
         <object_component_ref idref="oc-84"/>
      </symbol>
      <symbol id="sm-58a">
         <name>__TI_int34</name>
         <value>0xffd4</value>
         <object_component_ref idref="oc-85"/>
      </symbol>
      <symbol id="sm-58d">
         <name>__TI_int36</name>
         <value>0xffd8</value>
         <object_component_ref idref="oc-87"/>
      </symbol>
      <symbol id="sm-590">
         <name>__TI_int37</name>
         <value>0xffda</value>
         <object_component_ref idref="oc-88"/>
      </symbol>
      <symbol id="sm-593">
         <name>__TI_int39</name>
         <value>0xffde</value>
         <object_component_ref idref="oc-8a"/>
      </symbol>
      <symbol id="sm-596">
         <name>__TI_int40</name>
         <value>0xffe0</value>
         <object_component_ref idref="oc-8b"/>
      </symbol>
      <symbol id="sm-599">
         <name>__TI_int41</name>
         <value>0xffe2</value>
         <object_component_ref idref="oc-8c"/>
      </symbol>
      <symbol id="sm-59c">
         <name>__TI_int43</name>
         <value>0xffe6</value>
         <object_component_ref idref="oc-8e"/>
      </symbol>
      <symbol id="sm-59f">
         <name>__TI_int44</name>
         <value>0xffe8</value>
         <object_component_ref idref="oc-8f"/>
      </symbol>
      <symbol id="sm-5a2">
         <name>__TI_int45</name>
         <value>0xffea</value>
         <object_component_ref idref="oc-90"/>
      </symbol>
      <symbol id="sm-5a5">
         <name>__TI_int46</name>
         <value>0xffec</value>
         <object_component_ref idref="oc-91"/>
      </symbol>
      <symbol id="sm-5a8">
         <name>__TI_int47</name>
         <value>0xffee</value>
         <object_component_ref idref="oc-92"/>
      </symbol>
      <symbol id="sm-5ab">
         <name>__TI_int49</name>
         <value>0xfff2</value>
         <object_component_ref idref="oc-93"/>
      </symbol>
      <symbol id="sm-5ae">
         <name>__TI_int50</name>
         <value>0xfff4</value>
         <object_component_ref idref="oc-94"/>
      </symbol>
      <symbol id="sm-5b1">
         <name>__TI_int51</name>
         <value>0xfff6</value>
         <object_component_ref idref="oc-95"/>
      </symbol>
      <symbol id="sm-5b4">
         <name>__TI_int52</name>
         <value>0xfff8</value>
         <object_component_ref idref="oc-96"/>
      </symbol>
      <symbol id="sm-5b7">
         <name>__TI_int53</name>
         <value>0xfffa</value>
         <object_component_ref idref="oc-97"/>
      </symbol>
      <symbol id="sm-5ba">
         <name>__TI_int54</name>
         <value>0xfffc</value>
         <object_component_ref idref="oc-98"/>
      </symbol>
      <symbol id="sm-5ca">
         <name>__TI_zero_init</name>
         <value>0x9748</value>
         <object_component_ref idref="oc-99"/>
      </symbol>
      <symbol id="sm-5d5">
         <name>__memcpy_far</name>
         <value>0x9708</value>
         <object_component_ref idref="oc-e2"/>
      </symbol>
      <symbol id="sm-5df">
         <name>__mspabi_remu</name>
         <value>0x9b2e</value>
         <object_component_ref idref="oc-165"/>
      </symbol>
      <symbol id="sm-5e0">
         <name>__mspabi_divu</name>
         <value>0x9b2e</value>
         <object_component_ref idref="oc-165"/>
      </symbol>
      <symbol id="sm-5eb">
         <name>__mspabi_fixdu</name>
         <value>0x9b84</value>
         <object_component_ref idref="oc-176"/>
      </symbol>
      <symbol id="sm-600">
         <name>__mspabi_fixdul</name>
         <value>0x9342</value>
         <object_component_ref idref="oc-1ea"/>
      </symbol>
      <symbol id="sm-609">
         <name>__mspabi_fltud</name>
         <value>0x9c26</value>
         <object_component_ref idref="oc-16a"/>
      </symbol>
      <symbol id="sm-61e">
         <name>__mspabi_fltuld</name>
         <value>0x9190</value>
         <object_component_ref idref="oc-1c9"/>
      </symbol>
      <symbol id="sm-62b">
         <name>__mspabi_mpyi_f5hw</name>
         <value>0x9b44</value>
         <object_component_ref idref="oc-222"/>
      </symbol>
      <symbol id="sm-66a">
         <name>__mspabi_slll_9</name>
         <value>0x979e</value>
         <object_component_ref idref="oc-23c"/>
      </symbol>
      <symbol id="sm-66b">
         <name>__mspabi_slll_8</name>
         <value>0x97a2</value>
         <object_component_ref idref="oc-23c"/>
      </symbol>
      <symbol id="sm-66c">
         <name>__mspabi_slll_7</name>
         <value>0x97a6</value>
         <object_component_ref idref="oc-23c"/>
      </symbol>
      <symbol id="sm-66d">
         <name>__mspabi_slll_6</name>
         <value>0x97aa</value>
         <object_component_ref idref="oc-23c"/>
      </symbol>
      <symbol id="sm-66e">
         <name>__mspabi_slll_5</name>
         <value>0x97ae</value>
         <object_component_ref idref="oc-23c"/>
      </symbol>
      <symbol id="sm-66f">
         <name>__mspabi_slll_4</name>
         <value>0x97b2</value>
         <object_component_ref idref="oc-23c"/>
      </symbol>
      <symbol id="sm-670">
         <name>__mspabi_slll_3</name>
         <value>0x97b6</value>
         <object_component_ref idref="oc-23c"/>
      </symbol>
      <symbol id="sm-671">
         <name>__mspabi_slll_2</name>
         <value>0x97ba</value>
         <object_component_ref idref="oc-23c"/>
      </symbol>
      <symbol id="sm-672">
         <name>__mspabi_slll_1</name>
         <value>0x97be</value>
         <object_component_ref idref="oc-23c"/>
      </symbol>
      <symbol id="sm-673">
         <name>__mspabi_slll</name>
         <value>0x9bb8</value>
         <object_component_ref idref="oc-2c5"/>
      </symbol>
      <symbol id="sm-674">
         <name>__mspabi_slll_15</name>
         <value>0x9786</value>
         <object_component_ref idref="oc-23c"/>
      </symbol>
      <symbol id="sm-675">
         <name>__mspabi_slll_14</name>
         <value>0x978a</value>
         <object_component_ref idref="oc-23c"/>
      </symbol>
      <symbol id="sm-676">
         <name>__mspabi_slll_13</name>
         <value>0x978e</value>
         <object_component_ref idref="oc-23c"/>
      </symbol>
      <symbol id="sm-677">
         <name>__mspabi_slll_12</name>
         <value>0x9792</value>
         <object_component_ref idref="oc-23c"/>
      </symbol>
      <symbol id="sm-678">
         <name>__mspabi_slll_11</name>
         <value>0x9796</value>
         <object_component_ref idref="oc-23c"/>
      </symbol>
      <symbol id="sm-679">
         <name>__mspabi_slll_10</name>
         <value>0x979a</value>
         <object_component_ref idref="oc-23c"/>
      </symbol>
      <symbol id="sm-689">
         <name>__mspabi_srll_8</name>
         <value>0x97e0</value>
         <object_component_ref idref="oc-241"/>
      </symbol>
      <symbol id="sm-68a">
         <name>__mspabi_srll_9</name>
         <value>0x97dc</value>
         <object_component_ref idref="oc-241"/>
      </symbol>
      <symbol id="sm-68b">
         <name>__mspabi_srll_6</name>
         <value>0x97e8</value>
         <object_component_ref idref="oc-241"/>
      </symbol>
      <symbol id="sm-68c">
         <name>__mspabi_srll_7</name>
         <value>0x97e4</value>
         <object_component_ref idref="oc-241"/>
      </symbol>
      <symbol id="sm-68d">
         <name>__mspabi_srll_4</name>
         <value>0x97f0</value>
         <object_component_ref idref="oc-241"/>
      </symbol>
      <symbol id="sm-68e">
         <name>__mspabi_srll_5</name>
         <value>0x97ec</value>
         <object_component_ref idref="oc-241"/>
      </symbol>
      <symbol id="sm-68f">
         <name>__mspabi_srll_2</name>
         <value>0x97f8</value>
         <object_component_ref idref="oc-241"/>
      </symbol>
      <symbol id="sm-690">
         <name>__mspabi_srll_3</name>
         <value>0x97f4</value>
         <object_component_ref idref="oc-241"/>
      </symbol>
      <symbol id="sm-691">
         <name>__mspabi_srll_1</name>
         <value>0x97fc</value>
         <object_component_ref idref="oc-241"/>
      </symbol>
      <symbol id="sm-692">
         <name>__mspabi_srll_15</name>
         <value>0x97c4</value>
         <object_component_ref idref="oc-241"/>
      </symbol>
      <symbol id="sm-693">
         <name>__mspabi_srll_14</name>
         <value>0x97c8</value>
         <object_component_ref idref="oc-241"/>
      </symbol>
      <symbol id="sm-694">
         <name>__mspabi_srll_13</name>
         <value>0x97cc</value>
         <object_component_ref idref="oc-241"/>
      </symbol>
      <symbol id="sm-695">
         <name>__mspabi_srll_12</name>
         <value>0x97d0</value>
         <object_component_ref idref="oc-241"/>
      </symbol>
      <symbol id="sm-696">
         <name>__mspabi_srll_11</name>
         <value>0x97d4</value>
         <object_component_ref idref="oc-241"/>
      </symbol>
      <symbol id="sm-697">
         <name>__mspabi_srll_10</name>
         <value>0x97d8</value>
         <object_component_ref idref="oc-241"/>
      </symbol>
      <symbol id="sm-698">
         <name>__mspabi_srll</name>
         <value>0x9bc8</value>
         <object_component_ref idref="oc-25a"/>
      </symbol>
      <symbol id="sm-6a9">
         <name>_abort_msg</name>
         <value>0x9ac8</value>
         <object_component_ref idref="oc-184"/>
      </symbol>
      <symbol id="sm-6bf">
         <name>_stack</name>
         <value>0x2360</value>
         <object_component_ref idref="oc-db"/>
      </symbol>
      <symbol id="sm-6c0">
         <name>__TI_dtors_ptr</name>
         <value>0x1fd2</value>
         <object_component_ref idref="oc-199"/>
      </symbol>
      <symbol id="sm-6c1">
         <name>__TI_cleanup_ptr</name>
         <value>0x1fce</value>
         <object_component_ref idref="oc-19c"/>
      </symbol>
      <symbol id="sm-6c2">
         <name>_reset_vector</name>
         <value>0xfffe</value>
         <object_component_ref idref="oc-de"/>
      </symbol>
      <symbol id="sm-6df">
         <name>_auto_init_hold_wdt</name>
         <value>0x9016</value>
         <object_component_ref idref="oc-11e"/>
      </symbol>
      <symbol id="sm-6ea">
         <name>_c_int00_noargs</name>
         <value>0x9f80</value>
         <object_component_ref idref="oc-ab"/>
      </symbol>
      <symbol id="sm-6fb">
         <name>__TI_tmpnams</name>
         <value>0x1df8</value>
      </symbol>
      <symbol id="sm-6fc">
         <name>_ftable</name>
         <value>0x1f24</value>
         <object_component_ref idref="oc-1f1"/>
      </symbol>
      <symbol id="sm-6fd">
         <name>__TI_ft_end</name>
         <value>0x1fde</value>
         <object_component_ref idref="oc-28a"/>
      </symbol>
      <symbol id="sm-706">
         <name>_system_pre_init</name>
         <value>0x9c2c</value>
         <object_component_ref idref="oc-118"/>
      </symbol>
      <symbol id="sm-71d">
         <name>C$$EXIT</name>
         <value>0x9c30</value>
         <object_component_ref idref="oc-140"/>
      </symbol>
      <symbol id="sm-71e">
         <name>abort</name>
         <value>0x9c30</value>
         <object_component_ref idref="oc-140"/>
      </symbol>
      <symbol id="sm-71f">
         <name>exit</name>
         <value>0x994a</value>
         <object_component_ref idref="oc-12a"/>
      </symbol>
      <symbol id="sm-735">
         <name>_nop</name>
         <value>0x9c34</value>
         <object_component_ref idref="oc-210"/>
      </symbol>
      <symbol id="sm-736">
         <name>_lock</name>
         <value>0x1fd6</value>
         <object_component_ref idref="oc-196"/>
      </symbol>
      <symbol id="sm-737">
         <name>_unlock</name>
         <value>0x1fda</value>
         <object_component_ref idref="oc-19f"/>
      </symbol>
      <symbol id="sm-78d">
         <name>_sys_memory</name>
         <value>0x8120</value>
         <object_component_ref idref="oc-df"/>
      </symbol>
      <symbol id="sm-78e">
         <name>free</name>
         <value>0x9096</value>
         <object_component_ref idref="oc-318"/>
      </symbol>
      <symbol id="sm-78f">
         <name>calloc</name>
         <value>0x9a2a</value>
         <object_component_ref idref="oc-1a5"/>
      </symbol>
      <symbol id="sm-790">
         <name>malloc</name>
         <value>0x8ee4</value>
         <object_component_ref idref="oc-227"/>
      </symbol>
      <symbol id="sm-791">
         <name>minit</name>
         <value>0x98b2</value>
         <object_component_ref idref="oc-29f"/>
      </symbol>
      <symbol id="sm-7a6">
         <name>ceil</name>
         <value>0x8928</value>
         <object_component_ref idref="oc-170"/>
      </symbol>
      <symbol id="sm-7c8">
         <name>__mspabi_addd</name>
         <value>0x8400</value>
         <object_component_ref idref="oc-1e2"/>
      </symbol>
      <symbol id="sm-7e9">
         <name>__TI_frcaddd</name>
         <value>0x86d6</value>
         <object_component_ref idref="oc-250"/>
      </symbol>
      <symbol id="sm-7fd">
         <name>__TI_renormd</name>
         <value>0x8e32</value>
         <object_component_ref idref="oc-2cf"/>
      </symbol>
      <symbol id="sm-817">
         <name>__mspabi_cmpd</name>
         <value>0x8bb8</value>
         <object_component_ref idref="oc-1dc"/>
      </symbol>
      <symbol id="sm-824">
         <name>__mspabi_sllll</name>
         <value>0x983e</value>
         <object_component_ref idref="oc-1d6"/>
      </symbol>
      <symbol id="sm-82e">
         <name>__mspabi_sral</name>
         <value>0x9ba8</value>
         <object_component_ref idref="oc-2ca"/>
      </symbol>
      <symbol id="sm-83b">
         <name>__mspabi_srlll</name>
         <value>0x9878</value>
         <object_component_ref idref="oc-1d0"/>
      </symbol>
      <symbol id="sm-857">
         <name>__TI_doflush</name>
         <value>0x9474</value>
         <object_component_ref idref="oc-27c"/>
      </symbol>
      <symbol id="sm-858">
         <name>fflush</name>
         <value>0x9590</value>
         <object_component_ref idref="oc-1fa"/>
      </symbol>
      <symbol id="sm-870">
         <name>fputs</name>
         <value>0x8ada</value>
         <object_component_ref idref="oc-1f4"/>
      </symbol>
      <symbol id="sm-888">
         <name>__TI_wrt_ok</name>
         <value>0x9116</value>
         <object_component_ref idref="oc-264"/>
      </symbol>
      <symbol id="sm-89d">
         <name>fseek</name>
         <value>0x9270</value>
         <object_component_ref idref="oc-2dc"/>
      </symbol>
      <symbol id="sm-8f3">
         <name>lseek</name>
         <value>0x9a7e</value>
         <object_component_ref idref="oc-310"/>
      </symbol>
      <symbol id="sm-8f4">
         <name>write</name>
         <value>0x9aa4</value>
         <object_component_ref idref="oc-282"/>
      </symbol>
      <symbol id="sm-8f5">
         <name>close</name>
         <value>0x9638</value>
         <object_component_ref idref="oc-385"/>
      </symbol>
      <symbol id="sm-8f6">
         <name>unlink</name>
         <value>0x9a54</value>
         <object_component_ref idref="oc-38c"/>
      </symbol>
      <symbol id="sm-931">
         <name>HOSTrename</name>
         <value>0x9206</value>
         <object_component_ref idref="oc-37d"/>
      </symbol>
      <symbol id="sm-932">
         <name>HOSTclose</name>
         <value>0x9682</value>
         <object_component_ref idref="oc-35f"/>
      </symbol>
      <symbol id="sm-933">
         <name>HOSTunlink</name>
         <value>0x96c6</value>
         <object_component_ref idref="oc-377"/>
      </symbol>
      <symbol id="sm-934">
         <name>HOSTlseek</name>
         <value>0x8f90</value>
         <object_component_ref idref="oc-371"/>
      </symbol>
      <symbol id="sm-935">
         <name>HOSTopen</name>
         <value>0x9412</value>
         <object_component_ref idref="oc-359"/>
      </symbol>
      <symbol id="sm-936">
         <name>HOSTwrite</name>
         <value>0x94d6</value>
         <object_component_ref idref="oc-36b"/>
      </symbol>
      <symbol id="sm-937">
         <name>HOSTread</name>
         <value>0x9534</value>
         <object_component_ref idref="oc-365"/>
      </symbol>
      <symbol id="sm-955">
         <name>__TI_readmsg</name>
         <value>0x99a6</value>
         <object_component_ref idref="oc-39d"/>
      </symbol>
      <symbol id="sm-956">
         <name>C$$IO$$</name>
         <value>0x9946</value>
         <object_component_ref idref="oc-397"/>
      </symbol>
      <symbol id="sm-957">
         <name>_CIOBUF_</name>
         <value>0x8000</value>
         <object_component_ref idref="oc-3bc"/>
      </symbol>
      <symbol id="sm-958">
         <name>__TI_writemsg</name>
         <value>0x991c</value>
         <object_component_ref idref="oc-397"/>
      </symbol>
      <symbol id="sm-967">
         <name>memchr</name>
         <value>0x9b70</value>
         <object_component_ref idref="oc-270"/>
      </symbol>
      <symbol id="sm-975">
         <name>memcpy</name>
         <value>0x9b96</value>
         <object_component_ref idref="oc-276"/>
      </symbol>
      <symbol id="sm-98d">
         <name>setvbuf</name>
         <value>0x8d66</value>
         <object_component_ref idref="oc-2e2"/>
      </symbol>
      <symbol id="sm-999">
         <name>__TI_cleanup</name>
         <value>0x98ea</value>
         <object_component_ref idref="oc-31e"/>
      </symbol>
      <symbol id="sm-9aa">
         <name>__TI_closefile</name>
         <value>0x92da</value>
         <object_component_ref idref="oc-350"/>
      </symbol>
      <symbol id="sm-9bb">
         <name>strchr</name>
         <value>0x9ae2</value>
         <object_component_ref idref="oc-3c4"/>
      </symbol>
      <symbol id="sm-9c9">
         <name>strcmp</name>
         <value>0x9b16</value>
         <object_component_ref idref="oc-3e1"/>
      </symbol>
      <symbol id="sm-9d6">
         <name>strcpy</name>
         <value>0x9bd8</value>
         <object_component_ref idref="oc-3a9"/>
      </symbol>
      <symbol id="sm-9e3">
         <name>strlen</name>
         <value>0x9bf6</value>
         <object_component_ref idref="oc-26a"/>
      </symbol>
      <symbol id="sm-9f3">
         <name>strncpy</name>
         <value>0x99fe</value>
         <object_component_ref idref="oc-3ca"/>
      </symbol>
      <symbol id="sm-9f8">
         <name>__TI_INITARRAY_Base</name>
         <value>0x0</value>
      </symbol>
      <symbol id="sm-9f9">
         <name>__TI_INITARRAY_Limit</name>
         <value>0x0</value>
      </symbol>
      <symbol id="sm-9fa">
         <name>remove</name>
         <value>0x9a54</value>
      </symbol>
   </symbol_table>
   <title>Link successful</title>
</link_info>
