<?xml version="1.0"?>
<link_info>
   <banner>MSP430 Linker PC v4.4.3</banner>
   <copyright>Copyright (c) 2003-2015 Texas Instruments Incorporated</copyright>
   <link_time>0x5fdd3e21</link_time>
   <link_errors>0x0</link_errors>
   <output_file>UHM.out</output_file>
   <entry_point>
      <name>_c_int00_noargs</name>
      <address>0xf6ce</address>
   </entry_point>
   <input_file_list>
      <input_file id="fl-2">
         <path>.\</path>
         <kind>object</kind>
         <file>main.obj</file>
         <name>main.obj</name>
      </input_file>
      <input_file id="fl-3">
         <path>.\util\</path>
         <kind>object</kind>
         <file>clock.obj</file>
         <name>clock.obj</name>
      </input_file>
      <input_file id="fl-4">
         <path>.\signal\</path>
         <kind>object</kind>
         <file>tdc.obj</file>
         <name>tdc.obj</name>
      </input_file>
      <input_file id="fl-5">
         <path>.\display\</path>
         <kind>object</kind>
         <file>lcdx.obj</file>
         <name>lcdx.obj</name>
      </input_file>
      <input_file id="fl-6">
         <path>.\config\</path>
         <kind>object</kind>
         <file>spi.obj</file>
         <name>spi.obj</name>
      </input_file>
      <input_file id="fl-7">
         <path>.\comm\</path>
         <kind>object</kind>
         <file>app.obj</file>
         <name>app.obj</name>
      </input_file>
      <input_file id="fl-8">
         <path>.\comm\</path>
         <kind>object</kind>
         <file>phy.obj</file>
         <name>phy.obj</name>
      </input_file>
      <input_file id="fl-3d">
         <path>C:\ti\ccsv6\tools\compiler\ti-cgt-msp430_4.4.3\lib\</path>
         <kind>archive</kind>
         <file>rts430x_lc_sd_eabi.lib</file>
         <name>copy_decompress_none.obj</name>
      </input_file>
      <input_file id="fl-3e">
         <path>C:\ti\ccsv6\tools\compiler\ti-cgt-msp430_4.4.3\lib\</path>
         <kind>archive</kind>
         <file>rts430x_lc_sd_eabi.lib</file>
         <name>copy_decompress_rle.obj</name>
      </input_file>
      <input_file id="fl-3f">
         <path>C:\ti\ccsv6\tools\compiler\ti-cgt-msp430_4.4.3\lib\</path>
         <kind>archive</kind>
         <file>rts430x_lc_sd_eabi.lib</file>
         <name>int29.obj</name>
      </input_file>
      <input_file id="fl-40">
         <path>C:\ti\ccsv6\tools\compiler\ti-cgt-msp430_4.4.3\lib\</path>
         <kind>archive</kind>
         <file>rts430x_lc_sd_eabi.lib</file>
         <name>isr_trap.obj</name>
      </input_file>
      <input_file id="fl-41">
         <path>C:\ti\ccsv6\tools\compiler\ti-cgt-msp430_4.4.3\lib\</path>
         <kind>archive</kind>
         <file>rts430x_lc_sd_eabi.lib</file>
         <name>int30.obj</name>
      </input_file>
      <input_file id="fl-42">
         <path>C:\ti\ccsv6\tools\compiler\ti-cgt-msp430_4.4.3\lib\</path>
         <kind>archive</kind>
         <file>rts430x_lc_sd_eabi.lib</file>
         <name>int31.obj</name>
      </input_file>
      <input_file id="fl-43">
         <path>C:\ti\ccsv6\tools\compiler\ti-cgt-msp430_4.4.3\lib\</path>
         <kind>archive</kind>
         <file>rts430x_lc_sd_eabi.lib</file>
         <name>int33.obj</name>
      </input_file>
      <input_file id="fl-44">
         <path>C:\ti\ccsv6\tools\compiler\ti-cgt-msp430_4.4.3\lib\</path>
         <kind>archive</kind>
         <file>rts430x_lc_sd_eabi.lib</file>
         <name>int34.obj</name>
      </input_file>
      <input_file id="fl-45">
         <path>C:\ti\ccsv6\tools\compiler\ti-cgt-msp430_4.4.3\lib\</path>
         <kind>archive</kind>
         <file>rts430x_lc_sd_eabi.lib</file>
         <name>int36.obj</name>
      </input_file>
      <input_file id="fl-46">
         <path>C:\ti\ccsv6\tools\compiler\ti-cgt-msp430_4.4.3\lib\</path>
         <kind>archive</kind>
         <file>rts430x_lc_sd_eabi.lib</file>
         <name>int39.obj</name>
      </input_file>
      <input_file id="fl-47">
         <path>C:\ti\ccsv6\tools\compiler\ti-cgt-msp430_4.4.3\lib\</path>
         <kind>archive</kind>
         <file>rts430x_lc_sd_eabi.lib</file>
         <name>int40.obj</name>
      </input_file>
      <input_file id="fl-48">
         <path>C:\ti\ccsv6\tools\compiler\ti-cgt-msp430_4.4.3\lib\</path>
         <kind>archive</kind>
         <file>rts430x_lc_sd_eabi.lib</file>
         <name>int41.obj</name>
      </input_file>
      <input_file id="fl-49">
         <path>C:\ti\ccsv6\tools\compiler\ti-cgt-msp430_4.4.3\lib\</path>
         <kind>archive</kind>
         <file>rts430x_lc_sd_eabi.lib</file>
         <name>int43.obj</name>
      </input_file>
      <input_file id="fl-4a">
         <path>C:\ti\ccsv6\tools\compiler\ti-cgt-msp430_4.4.3\lib\</path>
         <kind>archive</kind>
         <file>rts430x_lc_sd_eabi.lib</file>
         <name>int44.obj</name>
      </input_file>
      <input_file id="fl-4b">
         <path>C:\ti\ccsv6\tools\compiler\ti-cgt-msp430_4.4.3\lib\</path>
         <kind>archive</kind>
         <file>rts430x_lc_sd_eabi.lib</file>
         <name>int45.obj</name>
      </input_file>
      <input_file id="fl-4c">
         <path>C:\ti\ccsv6\tools\compiler\ti-cgt-msp430_4.4.3\lib\</path>
         <kind>archive</kind>
         <file>rts430x_lc_sd_eabi.lib</file>
         <name>int46.obj</name>
      </input_file>
      <input_file id="fl-4d">
         <path>C:\ti\ccsv6\tools\compiler\ti-cgt-msp430_4.4.3\lib\</path>
         <kind>archive</kind>
         <file>rts430x_lc_sd_eabi.lib</file>
         <name>int47.obj</name>
      </input_file>
      <input_file id="fl-4e">
         <path>C:\ti\ccsv6\tools\compiler\ti-cgt-msp430_4.4.3\lib\</path>
         <kind>archive</kind>
         <file>rts430x_lc_sd_eabi.lib</file>
         <name>int49.obj</name>
      </input_file>
      <input_file id="fl-4f">
         <path>C:\ti\ccsv6\tools\compiler\ti-cgt-msp430_4.4.3\lib\</path>
         <kind>archive</kind>
         <file>rts430x_lc_sd_eabi.lib</file>
         <name>int50.obj</name>
      </input_file>
      <input_file id="fl-50">
         <path>C:\ti\ccsv6\tools\compiler\ti-cgt-msp430_4.4.3\lib\</path>
         <kind>archive</kind>
         <file>rts430x_lc_sd_eabi.lib</file>
         <name>int51.obj</name>
      </input_file>
      <input_file id="fl-51">
         <path>C:\ti\ccsv6\tools\compiler\ti-cgt-msp430_4.4.3\lib\</path>
         <kind>archive</kind>
         <file>rts430x_lc_sd_eabi.lib</file>
         <name>int52.obj</name>
      </input_file>
      <input_file id="fl-52">
         <path>C:\ti\ccsv6\tools\compiler\ti-cgt-msp430_4.4.3\lib\</path>
         <kind>archive</kind>
         <file>rts430x_lc_sd_eabi.lib</file>
         <name>int53.obj</name>
      </input_file>
      <input_file id="fl-53">
         <path>C:\ti\ccsv6\tools\compiler\ti-cgt-msp430_4.4.3\lib\</path>
         <kind>archive</kind>
         <file>rts430x_lc_sd_eabi.lib</file>
         <name>int54.obj</name>
      </input_file>
      <input_file id="fl-54">
         <path>C:\ti\ccsv6\tools\compiler\ti-cgt-msp430_4.4.3\lib\</path>
         <kind>archive</kind>
         <file>rts430x_lc_sd_eabi.lib</file>
         <name>copy_zero_init.obj</name>
      </input_file>
      <input_file id="fl-55">
         <path>C:\ti\ccsv6\tools\compiler\ti-cgt-msp430_4.4.3\lib\</path>
         <kind>archive</kind>
         <file>rts430x_lc_sd_eabi.lib</file>
         <name>cpy_util.obj</name>
      </input_file>
      <input_file id="fl-56">
         <path>C:\ti\ccsv6\tools\compiler\ti-cgt-msp430_4.4.3\lib\</path>
         <kind>archive</kind>
         <file>rts430x_lc_sd_eabi.lib</file>
         <name>addd.obj</name>
      </input_file>
      <input_file id="fl-57">
         <path>C:\ti\ccsv6\tools\compiler\ti-cgt-msp430_4.4.3\lib\</path>
         <kind>archive</kind>
         <file>rts430x_lc_sd_eabi.lib</file>
         <name>frcaddd.obj</name>
      </input_file>
      <input_file id="fl-58">
         <path>C:\ti\ccsv6\tools\compiler\ti-cgt-msp430_4.4.3\lib\</path>
         <kind>archive</kind>
         <file>rts430x_lc_sd_eabi.lib</file>
         <name>renormd.obj</name>
      </input_file>
      <input_file id="fl-59">
         <path>C:\ti\ccsv6\tools\compiler\ti-cgt-msp430_4.4.3\lib\</path>
         <kind>archive</kind>
         <file>rts430x_lc_sd_eabi.lib</file>
         <name>fs_add.obj</name>
      </input_file>
      <input_file id="fl-5a">
         <path>C:\ti\ccsv6\tools\compiler\ti-cgt-msp430_4.4.3\lib\</path>
         <kind>archive</kind>
         <file>rts430x_lc_sd_eabi.lib</file>
         <name>cvtdf.obj</name>
      </input_file>
      <input_file id="fl-5b">
         <path>C:\ti\ccsv6\tools\compiler\ti-cgt-msp430_4.4.3\lib\</path>
         <kind>archive</kind>
         <file>rts430x_lc_sd_eabi.lib</file>
         <name>cvtfd.obj</name>
      </input_file>
      <input_file id="fl-5c">
         <path>C:\ti\ccsv6\tools\compiler\ti-cgt-msp430_4.4.3\lib\</path>
         <kind>archive</kind>
         <file>rts430x_lc_sd_eabi.lib</file>
         <name>divd.obj</name>
      </input_file>
      <input_file id="fl-5d">
         <path>C:\ti\ccsv6\tools\compiler\ti-cgt-msp430_4.4.3\lib\</path>
         <kind>archive</kind>
         <file>rts430x_lc_sd_eabi.lib</file>
         <name>frcdivd.obj</name>
      </input_file>
      <input_file id="fl-5e">
         <path>C:\ti\ccsv6\tools\compiler\ti-cgt-msp430_4.4.3\lib\</path>
         <kind>archive</kind>
         <file>rts430x_lc_sd_eabi.lib</file>
         <name>fs_div.obj</name>
      </input_file>
      <input_file id="fl-5f">
         <path>C:\ti\ccsv6\tools\compiler\ti-cgt-msp430_4.4.3\lib\</path>
         <kind>archive</kind>
         <file>rts430x_lc_sd_eabi.lib</file>
         <name>div16u.obj</name>
      </input_file>
      <input_file id="fl-60">
         <path>C:\ti\ccsv6\tools\compiler\ti-cgt-msp430_4.4.3\lib\</path>
         <kind>archive</kind>
         <file>rts430x_lc_sd_eabi.lib</file>
         <name>div64u.obj</name>
      </input_file>
      <input_file id="fl-61">
         <path>C:\ti\ccsv6\tools\compiler\ti-cgt-msp430_4.4.3\lib\</path>
         <kind>archive</kind>
         <file>rts430x_lc_sd_eabi.lib</file>
         <name>fixdu.obj</name>
      </input_file>
      <input_file id="fl-62">
         <path>C:\ti\ccsv6\tools\compiler\ti-cgt-msp430_4.4.3\lib\</path>
         <kind>archive</kind>
         <file>rts430x_lc_sd_eabi.lib</file>
         <name>fixdul.obj</name>
      </input_file>
      <input_file id="fl-63">
         <path>C:\ti\ccsv6\tools\compiler\ti-cgt-msp430_4.4.3\lib\</path>
         <kind>archive</kind>
         <file>rts430x_lc_sd_eabi.lib</file>
         <name>fs_toi.obj</name>
      </input_file>
      <input_file id="fl-64">
         <path>C:\ti\ccsv6\tools\compiler\ti-cgt-msp430_4.4.3\lib\</path>
         <kind>archive</kind>
         <file>rts430x_lc_sd_eabi.lib</file>
         <name>fs_tou.obj</name>
      </input_file>
      <input_file id="fl-65">
         <path>C:\ti\ccsv6\tools\compiler\ti-cgt-msp430_4.4.3\lib\</path>
         <kind>archive</kind>
         <file>rts430x_lc_sd_eabi.lib</file>
         <name>fixfull.obj</name>
      </input_file>
      <input_file id="fl-66">
         <path>C:\ti\ccsv6\tools\compiler\ti-cgt-msp430_4.4.3\lib\</path>
         <kind>archive</kind>
         <file>rts430x_lc_sd_eabi.lib</file>
         <name>fs_itof.obj</name>
      </input_file>
      <input_file id="fl-67">
         <path>C:\ti\ccsv6\tools\compiler\ti-cgt-msp430_4.4.3\lib\</path>
         <kind>archive</kind>
         <file>rts430x_lc_sd_eabi.lib</file>
         <name>fs_ltof.obj</name>
      </input_file>
      <input_file id="fl-68">
         <path>C:\ti\ccsv6\tools\compiler\ti-cgt-msp430_4.4.3\lib\</path>
         <kind>archive</kind>
         <file>rts430x_lc_sd_eabi.lib</file>
         <name>fltud.obj</name>
      </input_file>
      <input_file id="fl-69">
         <path>C:\ti\ccsv6\tools\compiler\ti-cgt-msp430_4.4.3\lib\</path>
         <kind>archive</kind>
         <file>rts430x_lc_sd_eabi.lib</file>
         <name>fs_utof.obj</name>
      </input_file>
      <input_file id="fl-6a">
         <path>C:\ti\ccsv6\tools\compiler\ti-cgt-msp430_4.4.3\lib\</path>
         <kind>archive</kind>
         <file>rts430x_lc_sd_eabi.lib</file>
         <name>fltuld.obj</name>
      </input_file>
      <input_file id="fl-6b">
         <path>C:\ti\ccsv6\tools\compiler\ti-cgt-msp430_4.4.3\lib\</path>
         <kind>archive</kind>
         <file>rts430x_lc_sd_eabi.lib</file>
         <name>fs_ultof.obj</name>
      </input_file>
      <input_file id="fl-6c">
         <path>C:\ti\ccsv6\tools\compiler\ti-cgt-msp430_4.4.3\lib\</path>
         <kind>archive</kind>
         <file>rts430x_lc_sd_eabi.lib</file>
         <name>fltullf.obj</name>
      </input_file>
      <input_file id="fl-6d">
         <path>C:\ti\ccsv6\tools\compiler\ti-cgt-msp430_4.4.3\lib\</path>
         <kind>archive</kind>
         <file>rts430x_lc_sd_eabi.lib</file>
         <name>mpyd.obj</name>
      </input_file>
      <input_file id="fl-6e">
         <path>C:\ti\ccsv6\tools\compiler\ti-cgt-msp430_4.4.3\lib\</path>
         <kind>archive</kind>
         <file>rts430x_lc_sd_eabi.lib</file>
         <name>frcmpyd.obj</name>
      </input_file>
      <input_file id="fl-6f">
         <path>C:\ti\ccsv6\tools\compiler\ti-cgt-msp430_4.4.3\lib\</path>
         <kind>archive</kind>
         <file>rts430x_lc_sd_eabi.lib</file>
         <name>fs_mpy.obj</name>
      </input_file>
      <input_file id="fl-70">
         <path>C:\ti\ccsv6\tools\compiler\ti-cgt-msp430_4.4.3\lib\</path>
         <kind>archive</kind>
         <file>rts430x_lc_sd_eabi.lib</file>
         <name>mult16.obj</name>
      </input_file>
      <input_file id="fl-71">
         <path>C:\ti\ccsv6\tools\compiler\ti-cgt-msp430_4.4.3\lib\</path>
         <kind>archive</kind>
         <file>rts430x_lc_sd_eabi.lib</file>
         <name>mult16_f5hw.obj</name>
      </input_file>
      <input_file id="fl-72">
         <path>C:\ti\ccsv6\tools\compiler\ti-cgt-msp430_4.4.3\lib\</path>
         <kind>archive</kind>
         <file>rts430x_lc_sd_eabi.lib</file>
         <name>mult32.obj</name>
      </input_file>
      <input_file id="fl-73">
         <path>C:\ti\ccsv6\tools\compiler\ti-cgt-msp430_4.4.3\lib\</path>
         <kind>archive</kind>
         <file>rts430x_lc_sd_eabi.lib</file>
         <name>mult32_f5hw.obj</name>
      </input_file>
      <input_file id="fl-74">
         <path>C:\ti\ccsv6\tools\compiler\ti-cgt-msp430_4.4.3\lib\</path>
         <kind>archive</kind>
         <file>rts430x_lc_sd_eabi.lib</file>
         <name>mult64_f5hw.obj</name>
      </input_file>
      <input_file id="fl-75">
         <path>C:\ti\ccsv6\tools\compiler\ti-cgt-msp430_4.4.3\lib\</path>
         <kind>archive</kind>
         <file>rts430x_lc_sd_eabi.lib</file>
         <name>mult1632_f5hw.obj</name>
      </input_file>
      <input_file id="fl-76">
         <path>C:\ti\ccsv6\tools\compiler\ti-cgt-msp430_4.4.3\lib\</path>
         <kind>archive</kind>
         <file>rts430x_lc_sd_eabi.lib</file>
         <name>mult3264_f5hw.obj</name>
      </input_file>
      <input_file id="fl-77">
         <path>C:\ti\ccsv6\tools\compiler\ti-cgt-msp430_4.4.3\lib\</path>
         <kind>archive</kind>
         <file>rts430x_lc_sd_eabi.lib</file>
         <name>rem64u.obj</name>
      </input_file>
      <input_file id="fl-78">
         <path>C:\ti\ccsv6\tools\compiler\ti-cgt-msp430_4.4.3\lib\</path>
         <kind>archive</kind>
         <file>rts430x_lc_sd_eabi.lib</file>
         <name>mult64.obj</name>
      </input_file>
      <input_file id="fl-79">
         <path>C:\ti\ccsv6\tools\compiler\ti-cgt-msp430_4.4.3\lib\</path>
         <kind>archive</kind>
         <file>rts430x_lc_sd_eabi.lib</file>
         <name>mult1632.obj</name>
      </input_file>
      <input_file id="fl-7a">
         <path>C:\ti\ccsv6\tools\compiler\ti-cgt-msp430_4.4.3\lib\</path>
         <kind>archive</kind>
         <file>rts430x_lc_sd_eabi.lib</file>
         <name>lsl32.obj</name>
      </input_file>
      <input_file id="fl-7b">
         <path>C:\ti\ccsv6\tools\compiler\ti-cgt-msp430_4.4.3\lib\</path>
         <kind>archive</kind>
         <file>rts430x_lc_sd_eabi.lib</file>
         <name>lsl64.obj</name>
      </input_file>
      <input_file id="fl-7c">
         <path>C:\ti\ccsv6\tools\compiler\ti-cgt-msp430_4.4.3\lib\</path>
         <kind>archive</kind>
         <file>rts430x_lc_sd_eabi.lib</file>
         <name>asr32.obj</name>
      </input_file>
      <input_file id="fl-7d">
         <path>C:\ti\ccsv6\tools\compiler\ti-cgt-msp430_4.4.3\lib\</path>
         <kind>archive</kind>
         <file>rts430x_lc_sd_eabi.lib</file>
         <name>lsr32.obj</name>
      </input_file>
      <input_file id="fl-7e">
         <path>C:\ti\ccsv6\tools\compiler\ti-cgt-msp430_4.4.3\lib\</path>
         <kind>archive</kind>
         <file>rts430x_lc_sd_eabi.lib</file>
         <name>lsr64.obj</name>
      </input_file>
      <input_file id="fl-7f">
         <path>C:\ti\ccsv6\tools\compiler\ti-cgt-msp430_4.4.3\lib\</path>
         <kind>archive</kind>
         <file>rts430x_lc_sd_eabi.lib</file>
         <name>assert.obj</name>
      </input_file>
      <input_file id="fl-80">
         <path>C:\ti\ccsv6\tools\compiler\ti-cgt-msp430_4.4.3\lib\</path>
         <kind>archive</kind>
         <file>rts430x_lc_sd_eabi.lib</file>
         <name>boot.obj</name>
      </input_file>
      <input_file id="fl-81">
         <path>C:\ti\ccsv6\tools\compiler\ti-cgt-msp430_4.4.3\lib\</path>
         <kind>archive</kind>
         <file>rts430x_lc_sd_eabi.lib</file>
         <name>args_main.obj</name>
      </input_file>
      <input_file id="fl-82">
         <path>C:\ti\ccsv6\tools\compiler\ti-cgt-msp430_4.4.3\lib\</path>
         <kind>archive</kind>
         <file>rts430x_lc_sd_eabi.lib</file>
         <name>autoinit_wdt.obj</name>
      </input_file>
      <input_file id="fl-83">
         <path>C:\ti\ccsv6\tools\compiler\ti-cgt-msp430_4.4.3\lib\</path>
         <kind>archive</kind>
         <file>rts430x_lc_sd_eabi.lib</file>
         <name>boot_special.obj</name>
      </input_file>
      <input_file id="fl-84">
         <path>C:\ti\ccsv6\tools\compiler\ti-cgt-msp430_4.4.3\lib\</path>
         <kind>archive</kind>
         <file>rts430x_lc_sd_eabi.lib</file>
         <name>mpu_init.obj</name>
      </input_file>
      <input_file id="fl-85">
         <path>C:\ti\ccsv6\tools\compiler\ti-cgt-msp430_4.4.3\lib\</path>
         <kind>archive</kind>
         <file>rts430x_lc_sd_eabi.lib</file>
         <name>defs.obj</name>
      </input_file>
      <input_file id="fl-86">
         <path>C:\ti\ccsv6\tools\compiler\ti-cgt-msp430_4.4.3\lib\</path>
         <kind>archive</kind>
         <file>rts430x_lc_sd_eabi.lib</file>
         <name>pre_init.obj</name>
      </input_file>
      <input_file id="fl-87">
         <path>C:\ti\ccsv6\tools\compiler\ti-cgt-msp430_4.4.3\lib\</path>
         <kind>archive</kind>
         <file>rts430x_lc_sd_eabi.lib</file>
         <name>exit.obj</name>
      </input_file>
      <input_file id="fl-88">
         <path>C:\ti\ccsv6\tools\compiler\ti-cgt-msp430_4.4.3\lib\</path>
         <kind>archive</kind>
         <file>rts430x_lc_sd_eabi.lib</file>
         <name>_lock.obj</name>
      </input_file>
      <input_file id="fl-89">
         <path>C:\ti\ccsv6\tools\compiler\ti-cgt-msp430_4.4.3\lib\</path>
         <kind>archive</kind>
         <file>rts430x_lc_sd_eabi.lib</file>
         <name>abs.obj</name>
      </input_file>
      <input_file id="fl-8a">
         <path>C:\ti\ccsv6\tools\compiler\ti-cgt-msp430_4.4.3\lib\</path>
         <kind>archive</kind>
         <file>rts430x_lc_sd_eabi.lib</file>
         <name>acos.obj</name>
      </input_file>
      <input_file id="fl-8b">
         <path>C:\ti\ccsv6\tools\compiler\ti-cgt-msp430_4.4.3\lib\</path>
         <kind>archive</kind>
         <file>rts430x_lc_sd_eabi.lib</file>
         <name>xatan.obj</name>
      </input_file>
      <input_file id="fl-8c">
         <path>C:\ti\ccsv6\tools\compiler\ti-cgt-msp430_4.4.3\lib\</path>
         <kind>archive</kind>
         <file>rts430x_lc_sd_eabi.lib</file>
         <name>xferaise.obj</name>
      </input_file>
      <input_file id="fl-8d">
         <path>C:\ti\ccsv6\tools\compiler\ti-cgt-msp430_4.4.3\lib\</path>
         <kind>archive</kind>
         <file>rts430x_lc_sd_eabi.lib</file>
         <name>errno.obj</name>
      </input_file>
      <input_file id="fl-8e">
         <path>C:\ti\ccsv6\tools\compiler\ti-cgt-msp430_4.4.3\lib\</path>
         <kind>archive</kind>
         <file>rts430x_lc_sd_eabi.lib</file>
         <name>xvalues.obj</name>
      </input_file>
      <input_file id="fl-8f">
         <path>C:\ti\ccsv6\tools\compiler\ti-cgt-msp430_4.4.3\lib\</path>
         <kind>archive</kind>
         <file>rts430x_lc_sd_eabi.lib</file>
         <name>cmpd.obj</name>
      </input_file>
      <input_file id="fl-90">
         <path>C:\ti\ccsv6\tools\compiler\ti-cgt-msp430_4.4.3\lib\</path>
         <kind>archive</kind>
         <file>rts430x_lc_sd_eabi.lib</file>
         <name>negd.obj</name>
      </input_file>
      <input_file id="fl-91">
         <path>C:\ti\ccsv6\tools\compiler\ti-cgt-msp430_4.4.3\lib\</path>
         <kind>archive</kind>
         <file>rts430x_lc_sd_eabi.lib</file>
         <name>subd.obj</name>
      </input_file>
      <input_file id="fl-92">
         <path>C:\ti\ccsv6\tools\compiler\ti-cgt-msp430_4.4.3\lib\</path>
         <kind>archive</kind>
         <file>rts430x_lc_sd_eabi.lib</file>
         <name>ceil.obj</name>
      </input_file>
      <input_file id="fl-93">
         <path>C:\ti\ccsv6\tools\compiler\ti-cgt-msp430_4.4.3\lib\</path>
         <kind>archive</kind>
         <file>rts430x_lc_sd_eabi.lib</file>
         <name>feraiseexcept.obj</name>
      </input_file>
      <input_file id="fl-94">
         <path>C:\ti\ccsv6\tools\compiler\ti-cgt-msp430_4.4.3\lib\</path>
         <kind>archive</kind>
         <file>rts430x_lc_sd_eabi.lib</file>
         <name>fflush.obj</name>
      </input_file>
      <input_file id="fl-95">
         <path>C:\ti\ccsv6\tools\compiler\ti-cgt-msp430_4.4.3\lib\</path>
         <kind>archive</kind>
         <file>rts430x_lc_sd_eabi.lib</file>
         <name>fputs.obj</name>
      </input_file>
      <input_file id="fl-96">
         <path>C:\ti\ccsv6\tools\compiler\ti-cgt-msp430_4.4.3\lib\</path>
         <kind>archive</kind>
         <file>rts430x_lc_sd_eabi.lib</file>
         <name>_io_perm.obj</name>
      </input_file>
      <input_file id="fl-97">
         <path>C:\ti\ccsv6\tools\compiler\ti-cgt-msp430_4.4.3\lib\</path>
         <kind>archive</kind>
         <file>rts430x_lc_sd_eabi.lib</file>
         <name>fseek.obj</name>
      </input_file>
      <input_file id="fl-98">
         <path>C:\ti\ccsv6\tools\compiler\ti-cgt-msp430_4.4.3\lib\</path>
         <kind>archive</kind>
         <file>rts430x_lc_sd_eabi.lib</file>
         <name>lowlev.obj</name>
      </input_file>
      <input_file id="fl-99">
         <path>C:\ti\ccsv6\tools\compiler\ti-cgt-msp430_4.4.3\lib\</path>
         <kind>archive</kind>
         <file>rts430x_lc_sd_eabi.lib</file>
         <name>trgdrv.obj</name>
      </input_file>
      <input_file id="fl-9a">
         <path>C:\ti\ccsv6\tools\compiler\ti-cgt-msp430_4.4.3\lib\</path>
         <kind>archive</kind>
         <file>rts430x_lc_sd_eabi.lib</file>
         <name>trgmsg.obj</name>
      </input_file>
      <input_file id="fl-9b">
         <path>C:\ti\ccsv6\tools\compiler\ti-cgt-msp430_4.4.3\lib\</path>
         <kind>archive</kind>
         <file>rts430x_lc_sd_eabi.lib</file>
         <name>memchr.obj</name>
      </input_file>
      <input_file id="fl-9c">
         <path>C:\ti\ccsv6\tools\compiler\ti-cgt-msp430_4.4.3\lib\</path>
         <kind>archive</kind>
         <file>rts430x_lc_sd_eabi.lib</file>
         <name>memcpy.obj</name>
      </input_file>
      <input_file id="fl-9d">
         <path>C:\ti\ccsv6\tools\compiler\ti-cgt-msp430_4.4.3\lib\</path>
         <kind>archive</kind>
         <file>rts430x_lc_sd_eabi.lib</file>
         <name>pow.obj</name>
      </input_file>
      <input_file id="fl-9e">
         <path>C:\ti\ccsv6\tools\compiler\ti-cgt-msp430_4.4.3\lib\</path>
         <kind>archive</kind>
         <file>rts430x_lc_sd_eabi.lib</file>
         <name>xdint.obj</name>
      </input_file>
      <input_file id="fl-9f">
         <path>C:\ti\ccsv6\tools\compiler\ti-cgt-msp430_4.4.3\lib\</path>
         <kind>archive</kind>
         <file>rts430x_lc_sd_eabi.lib</file>
         <name>xdunscal.obj</name>
      </input_file>
      <input_file id="fl-a0">
         <path>C:\ti\ccsv6\tools\compiler\ti-cgt-msp430_4.4.3\lib\</path>
         <kind>archive</kind>
         <file>rts430x_lc_sd_eabi.lib</file>
         <name>xdnorm.obj</name>
      </input_file>
      <input_file id="fl-a1">
         <path>C:\ti\ccsv6\tools\compiler\ti-cgt-msp430_4.4.3\lib\</path>
         <kind>archive</kind>
         <file>rts430x_lc_sd_eabi.lib</file>
         <name>xexp.obj</name>
      </input_file>
      <input_file id="fl-a2">
         <path>C:\ti\ccsv6\tools\compiler\ti-cgt-msp430_4.4.3\lib\</path>
         <kind>archive</kind>
         <file>rts430x_lc_sd_eabi.lib</file>
         <name>xdscale.obj</name>
      </input_file>
      <input_file id="fl-a3">
         <path>C:\ti\ccsv6\tools\compiler\ti-cgt-msp430_4.4.3\lib\</path>
         <kind>archive</kind>
         <file>rts430x_lc_sd_eabi.lib</file>
         <name>fixdi.obj</name>
      </input_file>
      <input_file id="fl-a4">
         <path>C:\ti\ccsv6\tools\compiler\ti-cgt-msp430_4.4.3\lib\</path>
         <kind>archive</kind>
         <file>rts430x_lc_sd_eabi.lib</file>
         <name>fixdli.obj</name>
      </input_file>
      <input_file id="fl-a5">
         <path>C:\ti\ccsv6\tools\compiler\ti-cgt-msp430_4.4.3\lib\</path>
         <kind>archive</kind>
         <file>rts430x_lc_sd_eabi.lib</file>
         <name>fltid.obj</name>
      </input_file>
      <input_file id="fl-a6">
         <path>C:\ti\ccsv6\tools\compiler\ti-cgt-msp430_4.4.3\lib\</path>
         <kind>archive</kind>
         <file>rts430x_lc_sd_eabi.lib</file>
         <name>fltlid.obj</name>
      </input_file>
      <input_file id="fl-a7">
         <path>C:\ti\ccsv6\tools\compiler\ti-cgt-msp430_4.4.3\lib\</path>
         <kind>archive</kind>
         <file>rts430x_lc_sd_eabi.lib</file>
         <name>lsl16.obj</name>
      </input_file>
      <input_file id="fl-a8">
         <path>C:\ti\ccsv6\tools\compiler\ti-cgt-msp430_4.4.3\lib\</path>
         <kind>archive</kind>
         <file>rts430x_lc_sd_eabi.lib</file>
         <name>lsr16.obj</name>
      </input_file>
      <input_file id="fl-a9">
         <path>C:\ti\ccsv6\tools\compiler\ti-cgt-msp430_4.4.3\lib\</path>
         <kind>archive</kind>
         <file>rts430x_lc_sd_eabi.lib</file>
         <name>log.obj</name>
      </input_file>
      <input_file id="fl-aa">
         <path>C:\ti\ccsv6\tools\compiler\ti-cgt-msp430_4.4.3\lib\</path>
         <kind>archive</kind>
         <file>rts430x_lc_sd_eabi.lib</file>
         <name>xlog.obj</name>
      </input_file>
      <input_file id="fl-ab">
         <path>C:\ti\ccsv6\tools\compiler\ti-cgt-msp430_4.4.3\lib\</path>
         <kind>archive</kind>
         <file>rts430x_lc_sd_eabi.lib</file>
         <name>xfvalues.obj</name>
      </input_file>
      <input_file id="fl-ac">
         <path>C:\ti\ccsv6\tools\compiler\ti-cgt-msp430_4.4.3\lib\</path>
         <kind>archive</kind>
         <file>rts430x_lc_sd_eabi.lib</file>
         <name>fs_neg.obj</name>
      </input_file>
      <input_file id="fl-ad">
         <path>C:\ti\ccsv6\tools\compiler\ti-cgt-msp430_4.4.3\lib\</path>
         <kind>archive</kind>
         <file>rts430x_lc_sd_eabi.lib</file>
         <name>raise.obj</name>
      </input_file>
      <input_file id="fl-ae">
         <path>C:\ti\ccsv6\tools\compiler\ti-cgt-msp430_4.4.3\lib\</path>
         <kind>archive</kind>
         <file>rts430x_lc_sd_eabi.lib</file>
         <name>setvbuf.obj</name>
      </input_file>
      <input_file id="fl-af">
         <path>C:\ti\ccsv6\tools\compiler\ti-cgt-msp430_4.4.3\lib\</path>
         <kind>archive</kind>
         <file>rts430x_lc_sd_eabi.lib</file>
         <name>fopen.obj</name>
      </input_file>
      <input_file id="fl-b0">
         <path>C:\ti\ccsv6\tools\compiler\ti-cgt-msp430_4.4.3\lib\</path>
         <kind>archive</kind>
         <file>rts430x_lc_sd_eabi.lib</file>
         <name>fclose.obj</name>
      </input_file>
      <input_file id="fl-b1">
         <path>C:\ti\ccsv6\tools\compiler\ti-cgt-msp430_4.4.3\lib\</path>
         <kind>archive</kind>
         <file>rts430x_lc_sd_eabi.lib</file>
         <name>memory.obj</name>
      </input_file>
      <input_file id="fl-b2">
         <path>C:\ti\ccsv6\tools\compiler\ti-cgt-msp430_4.4.3\lib\</path>
         <kind>archive</kind>
         <file>rts430x_lc_sd_eabi.lib</file>
         <name>memset.obj</name>
      </input_file>
      <input_file id="fl-b3">
         <path>C:\ti\ccsv6\tools\compiler\ti-cgt-msp430_4.4.3\lib\</path>
         <kind>archive</kind>
         <file>rts430x_lc_sd_eabi.lib</file>
         <name>remove.obj</name>
      </input_file>
      <input_file id="fl-b4">
         <path>C:\ti\ccsv6\tools\compiler\ti-cgt-msp430_4.4.3\lib\</path>
         <kind>archive</kind>
         <file>rts430x_lc_sd_eabi.lib</file>
         <name>signal.obj</name>
      </input_file>
      <input_file id="fl-b5">
         <path>C:\ti\ccsv6\tools\compiler\ti-cgt-msp430_4.4.3\lib\</path>
         <kind>archive</kind>
         <file>rts430x_lc_sd_eabi.lib</file>
         <name>sqrt.obj</name>
      </input_file>
      <input_file id="fl-b6">
         <path>C:\ti\ccsv6\tools\compiler\ti-cgt-msp430_4.4.3\lib\</path>
         <kind>archive</kind>
         <file>rts430x_lc_sd_eabi.lib</file>
         <name>div16s.obj</name>
      </input_file>
      <input_file id="fl-b7">
         <path>C:\ti\ccsv6\tools\compiler\ti-cgt-msp430_4.4.3\lib\</path>
         <kind>archive</kind>
         <file>rts430x_lc_sd_eabi.lib</file>
         <name>strchr.obj</name>
      </input_file>
      <input_file id="fl-b8">
         <path>C:\ti\ccsv6\tools\compiler\ti-cgt-msp430_4.4.3\lib\</path>
         <kind>archive</kind>
         <file>rts430x_lc_sd_eabi.lib</file>
         <name>strcmp.obj</name>
      </input_file>
      <input_file id="fl-b9">
         <path>C:\ti\ccsv6\tools\compiler\ti-cgt-msp430_4.4.3\lib\</path>
         <kind>archive</kind>
         <file>rts430x_lc_sd_eabi.lib</file>
         <name>strcpy.obj</name>
      </input_file>
      <input_file id="fl-ba">
         <path>C:\ti\ccsv6\tools\compiler\ti-cgt-msp430_4.4.3\lib\</path>
         <kind>archive</kind>
         <file>rts430x_lc_sd_eabi.lib</file>
         <name>strlen.obj</name>
      </input_file>
      <input_file id="fl-bb">
         <path>C:\ti\ccsv6\tools\compiler\ti-cgt-msp430_4.4.3\lib\</path>
         <kind>archive</kind>
         <file>rts430x_lc_sd_eabi.lib</file>
         <name>strncpy.obj</name>
      </input_file>
   </input_file_list>
   <object_component_list>
      <object_component id="oc-278">
         <name>.TI.persistent:_month_reg</name>
         <load_address>0x8000</load_address>
         <run_address>0x8000</run_address>
         <size>0x90</size>
         <input_file_ref idref="fl-7"/>
      </object_component>
      <object_component id="oc-3fb">
         <name>.TI.persistent</name>
         <load_address>0x8090</load_address>
         <run_address>0x8090</run_address>
         <size>0xe</size>
         <input_file_ref idref="fl-8"/>
      </object_component>
      <object_component id="oc-254">
         <name>.TI.persistent</name>
         <load_address>0x809e</load_address>
         <run_address>0x809e</run_address>
         <size>0xa</size>
         <input_file_ref idref="fl-7"/>
      </object_component>
      <object_component id="oc-270">
         <name>.TI.persistent</name>
         <load_address>0x80a8</load_address>
         <run_address>0x80a8</run_address>
         <size>0x1</size>
         <input_file_ref idref="fl-2"/>
      </object_component>
      <object_component id="oc-70c">
         <name>.cio</name>
         <load_address>0x80aa</load_address>
         <run_address>0x80aa</run_address>
         <size>0x120</size>
         <input_file_ref idref="fl-9a"/>
      </object_component>
      <object_component id="oc-7a9">
         <name>.sysmem</name>
         <load_address>0x81cc</load_address>
         <run_address>0x81cc</run_address>
         <size>0x0</size>
      </object_component>
      <object_component id="oc-df">
         <name>.sysmem</name>
         <load_address>0x81cc</load_address>
         <run_address>0x81cc</run_address>
         <size>0x4</size>
         <input_file_ref idref="fl-b1"/>
      </object_component>
      <object_component id="oc-7a7">
         <name>.cinit..data.load</name>
         <load_address>0xf702</load_address>
         <run_address>0xf702</run_address>
         <size>0xfe</size>
      </object_component>
      <object_component id="oc-7a3">
         <name>__TI_handler_table</name>
         <load_address>0xf800</load_address>
         <run_address>0xf800</run_address>
         <size>0xc</size>
      </object_component>
      <object_component id="oc-7a6">
         <name>.cinit..bss.load</name>
         <load_address>0xf80c</load_address>
         <run_address>0xf80c</run_address>
         <size>0x6</size>
      </object_component>
      <object_component id="oc-7a5">
         <name>.cinit..cio.load</name>
         <load_address>0xf812</load_address>
         <run_address>0xf812</run_address>
         <size>0x6</size>
      </object_component>
      <object_component id="oc-7a4">
         <name>__TI_cinit_table</name>
         <load_address>0xf818</load_address>
         <run_address>0xf818</run_address>
         <size>0x18</size>
      </object_component>
      <object_component id="oc-507">
         <name>.const:.string</name>
         <load_address>0xeec4</load_address>
         <run_address>0xeec4</run_address>
         <size>0x174</size>
         <input_file_ref idref="fl-5"/>
      </object_component>
      <object_component id="oc-1a2">
         <name>.const:.string</name>
         <load_address>0xf038</load_address>
         <run_address>0xf038</run_address>
         <size>0x14e</size>
         <input_file_ref idref="fl-8"/>
      </object_component>
      <object_component id="oc-4f0">
         <name>.const:a</name>
         <load_address>0xf186</load_address>
         <run_address>0xf186</run_address>
         <size>0x40</size>
         <input_file_ref idref="fl-8b"/>
      </object_component>
      <object_component id="oc-5ee">
         <name>.const:.string</name>
         <load_address>0xf1c6</load_address>
         <run_address>0xf1c6</run_address>
         <size>0x3e</size>
         <input_file_ref idref="fl-7"/>
      </object_component>
      <object_component id="oc-5a6">
         <name>.const:p</name>
         <load_address>0xf204</load_address>
         <run_address>0xf204</run_address>
         <size>0x38</size>
         <input_file_ref idref="fl-aa"/>
      </object_component>
      <object_component id="oc-4ed">
         <name>.const:c</name>
         <load_address>0xf23c</load_address>
         <run_address>0xf23c</run_address>
         <size>0x20</size>
         <input_file_ref idref="fl-8b"/>
      </object_component>
      <object_component id="oc-4ac">
         <name>.const:mask$1</name>
         <load_address>0xf25c</load_address>
         <run_address>0xf25c</run_address>
         <size>0x20</size>
         <input_file_ref idref="fl-9e"/>
      </object_component>
      <object_component id="oc-4ea">
         <name>.const:s</name>
         <load_address>0xf27c</load_address>
         <run_address>0xf27c</run_address>
         <size>0x18</size>
         <input_file_ref idref="fl-8b"/>
      </object_component>
      <object_component id="oc-4cf">
         <name>.const:s</name>
         <load_address>0xf294</load_address>
         <run_address>0xf294</run_address>
         <size>0x18</size>
         <input_file_ref idref="fl-a1"/>
      </object_component>
      <object_component id="oc-5de">
         <name>.const:DIGIT_REGS</name>
         <load_address>0xf2ac</load_address>
         <run_address>0xf2ac</run_address>
         <size>0x14</size>
         <input_file_ref idref="fl-5"/>
      </object_component>
      <object_component id="oc-4d2">
         <name>.const:c</name>
         <load_address>0xf2c0</load_address>
         <run_address>0xf2c0</run_address>
         <size>0x10</size>
         <input_file_ref idref="fl-a1"/>
      </object_component>
      <object_component id="oc-5cc">
         <name>.const:.string:BITMASK_1_H</name>
         <load_address>0xf2d0</load_address>
         <run_address>0xf2d0</run_address>
         <size>0xa</size>
         <input_file_ref idref="fl-5"/>
      </object_component>
      <object_component id="oc-5c9">
         <name>.const:.string:BITMASK_1_L</name>
         <load_address>0xf2da</load_address>
         <run_address>0xf2da</run_address>
         <size>0xa</size>
         <input_file_ref idref="fl-5"/>
      </object_component>
      <object_component id="oc-5d2">
         <name>.const:.string:BITMASK_2_H</name>
         <load_address>0xf2e4</load_address>
         <run_address>0xf2e4</run_address>
         <size>0xa</size>
         <input_file_ref idref="fl-5"/>
      </object_component>
      <object_component id="oc-5cf">
         <name>.const:.string:BITMASK_2_L</name>
         <load_address>0xf2ee</load_address>
         <run_address>0xf2ee</run_address>
         <size>0xa</size>
         <input_file_ref idref="fl-5"/>
      </object_component>
      <object_component id="oc-5d5">
         <name>.const:.string:BITMASK_3</name>
         <load_address>0xf2f8</load_address>
         <run_address>0xf2f8</run_address>
         <size>0xa</size>
         <input_file_ref idref="fl-5"/>
      </object_component>
      <object_component id="oc-5d8">
         <name>.const:.string:BITMASK_4</name>
         <load_address>0xf302</load_address>
         <run_address>0xf302</run_address>
         <size>0xa</size>
         <input_file_ref idref="fl-5"/>
      </object_component>
      <object_component id="oc-4ad">
         <name>.const:sub$2</name>
         <load_address>0xf30c</load_address>
         <run_address>0xf30c</run_address>
         <size>0x8</size>
         <input_file_ref idref="fl-9e"/>
      </object_component>
      <object_component id="oc-28d">
         <name>.const</name>
         <load_address>0xf314</load_address>
         <run_address>0xf314</run_address>
         <size>0x4</size>
         <input_file_ref idref="fl-2"/>
      </object_component>
      <object_component id="oc-358">
         <name>.const</name>
         <load_address>0xf318</load_address>
         <run_address>0xf318</run_address>
         <size>0x2</size>
         <input_file_ref idref="fl-4"/>
      </object_component>
      <object_component id="oc-11e">
         <name>.text:_isr:USCI_A1_ISR</name>
         <load_address>0xf31a</load_address>
         <run_address>0xf31a</run_address>
         <size>0x2a2</size>
         <input_file_ref idref="fl-8"/>
      </object_component>
      <object_component id="oc-fb">
         <name>.text:_isr:RTCC_ISR</name>
         <load_address>0xf5bc</load_address>
         <run_address>0xf5bc</run_address>
         <size>0x80</size>
         <input_file_ref idref="fl-3"/>
      </object_component>
      <object_component id="oc-10c">
         <name>.text:_isr:TA2_ISR</name>
         <load_address>0xf63c</load_address>
         <run_address>0xf63c</run_address>
         <size>0x32</size>
         <input_file_ref idref="fl-8"/>
      </object_component>
      <object_component id="oc-112">
         <name>.text:_isr:ISR_PORT1</name>
         <load_address>0xf66e</load_address>
         <run_address>0xf66e</run_address>
         <size>0x30</size>
         <input_file_ref idref="fl-2"/>
      </object_component>
      <object_component id="oc-118">
         <name>.text:_isr:TA1_ISR</name>
         <load_address>0xf69e</load_address>
         <run_address>0xf69e</run_address>
         <size>0x30</size>
         <input_file_ref idref="fl-8"/>
      </object_component>
      <object_component id="oc-ab">
         <name>.text:_isr:_c_int00_noargs</name>
         <load_address>0xf6ce</load_address>
         <run_address>0xf6ce</run_address>
         <size>0x1c</size>
         <input_file_ref idref="fl-83"/>
      </object_component>
      <object_component id="oc-106">
         <name>.text:_isr:TA3_ISR</name>
         <load_address>0xf6ea</load_address>
         <run_address>0xf6ea</run_address>
         <size>0x12</size>
         <input_file_ref idref="fl-8"/>
      </object_component>
      <object_component id="oc-101">
         <name>.text:_isr:__TI_ISR_TRAP</name>
         <load_address>0xf6fc</load_address>
         <run_address>0xf6fc</run_address>
         <size>0x6</size>
         <input_file_ref idref="fl-40"/>
      </object_component>
      <object_component id="oc-14a">
         <name>.text:main</name>
         <load_address>0x8400</load_address>
         <run_address>0x8400</run_address>
         <size>0xa18</size>
         <input_file_ref idref="fl-2"/>
      </object_component>
      <object_component id="oc-215">
         <name>.text:pow</name>
         <load_address>0x8e18</load_address>
         <run_address>0x8e18</run_address>
         <size>0x6a6</size>
         <input_file_ref idref="fl-9d"/>
      </object_component>
      <object_component id="oc-41f">
         <name>.text:__TI_frcdivd</name>
         <load_address>0x94be</load_address>
         <run_address>0x94be</run_address>
         <size>0x452</size>
         <input_file_ref idref="fl-5d"/>
      </object_component>
      <object_component id="oc-4c8">
         <name>.text:_Log</name>
         <load_address>0x9910</load_address>
         <run_address>0x9910</run_address>
         <size>0x448</size>
         <input_file_ref idref="fl-aa"/>
      </object_component>
      <object_component id="oc-514">
         <name>.text:__mspabi_divull</name>
         <load_address>0x9d58</load_address>
         <run_address>0x9d58</run_address>
         <size>0x39a</size>
         <input_file_ref idref="fl-60"/>
      </object_component>
      <object_component id="oc-3b5">
         <name>.text:_Exp</name>
         <load_address>0xa0f2</load_address>
         <run_address>0xa0f2</run_address>
         <size>0x390</size>
         <input_file_ref idref="fl-a1"/>
      </object_component>
      <object_component id="oc-263">
         <name>.text:scroll</name>
         <load_address>0xa482</load_address>
         <run_address>0xa482</run_address>
         <size>0x386</size>
         <input_file_ref idref="fl-2"/>
      </object_component>
      <object_component id="oc-538">
         <name>.text:rq_class_2_px</name>
         <load_address>0xa808</load_address>
         <run_address>0xa808</run_address>
         <size>0x382</size>
         <input_file_ref idref="fl-7"/>
      </object_component>
      <object_component id="oc-1e8">
         <name>.text:write_symbol</name>
         <load_address>0xab8a</load_address>
         <run_address>0xab8a</run_address>
         <size>0x300</size>
         <input_file_ref idref="fl-5"/>
      </object_component>
      <object_component id="oc-3e7">
         <name>.text:__TI_frcmpyd</name>
         <load_address>0xae8a</load_address>
         <run_address>0xae8a</run_address>
         <size>0x2e4</size>
         <input_file_ref idref="fl-6e"/>
      </object_component>
      <object_component id="oc-296">
         <name>.text:__mspabi_addd</name>
         <load_address>0xb16e</load_address>
         <run_address>0xb16e</run_address>
         <size>0x2d6</size>
         <input_file_ref idref="fl-56"/>
      </object_component>
      <object_component id="oc-3df">
         <name>.text:_Atan</name>
         <load_address>0xb444</load_address>
         <run_address>0xb444</run_address>
         <size>0x2d4</size>
         <input_file_ref idref="fl-8b"/>
      </object_component>
      <object_component id="oc-24d">
         <name>.text:__mspabi_mpyd</name>
         <load_address>0xb718</load_address>
         <run_address>0xb718</run_address>
         <size>0x280</size>
         <input_file_ref idref="fl-6d"/>
      </object_component>
      <object_component id="oc-42a">
         <name>.text:__TI_frcaddd</name>
         <load_address>0xb998</load_address>
         <run_address>0xb998</run_address>
         <size>0x252</size>
         <input_file_ref idref="fl-57"/>
      </object_component>
      <object_component id="oc-287">
         <name>.text:__mspabi_divd</name>
         <load_address>0xbbea</load_address>
         <run_address>0xbbea</run_address>
         <size>0x220</size>
         <input_file_ref idref="fl-5c"/>
      </object_component>
      <object_component id="oc-23a">
         <name>.text:sqrt</name>
         <load_address>0xbe0a</load_address>
         <run_address>0xbe0a</run_address>
         <size>0x1ec</size>
         <input_file_ref idref="fl-b5"/>
      </object_component>
      <object_component id="oc-40a">
         <name>.text:t_handler</name>
         <load_address>0xbff6</load_address>
         <run_address>0xbff6</run_address>
         <size>0x1b4</size>
         <input_file_ref idref="fl-7"/>
      </object_component>
      <object_component id="oc-18e">
         <name>.text:ceil</name>
         <load_address>0xc1aa</load_address>
         <run_address>0xc1aa</run_address>
         <size>0x1b2</size>
         <input_file_ref idref="fl-92"/>
      </object_component>
      <object_component id="oc-3d7">
         <name>.text:_Dscale</name>
         <load_address>0xc35c</load_address>
         <run_address>0xc35c</run_address>
         <size>0x1a0</size>
         <input_file_ref idref="fl-a2"/>
      </object_component>
      <object_component id="oc-247">
         <name>.text:acos</name>
         <load_address>0xc4fc</load_address>
         <run_address>0xc4fc</run_address>
         <size>0x158</size>
         <input_file_ref idref="fl-8a"/>
      </object_component>
      <object_component id="oc-22d">
         <name>.text</name>
         <load_address>0xc654</load_address>
         <run_address>0xc654</run_address>
         <size>0x130</size>
         <input_file_ref idref="fl-59"/>
      </object_component>
      <object_component id="oc-520">
         <name>.text:write_dc_pt</name>
         <load_address>0xc784</load_address>
         <run_address>0xc784</run_address>
         <size>0x120</size>
         <input_file_ref idref="fl-5"/>
      </object_component>
      <object_component id="oc-532">
         <name>.text:prc_snd_ud</name>
         <load_address>0xc8a4</load_address>
         <run_address>0xc8a4</run_address>
         <size>0x11c</size>
         <input_file_ref idref="fl-7"/>
      </object_component>
      <object_component id="oc-3fe">
         <name>.text:write_num</name>
         <load_address>0xc9c0</load_address>
         <run_address>0xc9c0</run_address>
         <size>0x11c</size>
         <input_file_ref idref="fl-5"/>
      </object_component>
      <object_component id="oc-4a4">
         <name>.text:_Dnorm</name>
         <load_address>0xcadc</load_address>
         <run_address>0xcadc</run_address>
         <size>0xfc</size>
         <input_file_ref idref="fl-a0"/>
      </object_component>
      <object_component id="oc-1ca">
         <name>.text:gpio_config</name>
         <load_address>0xcbd8</load_address>
         <run_address>0xcbd8</run_address>
         <size>0xfc</size>
         <input_file_ref idref="fl-2"/>
      </object_component>
      <object_component id="oc-50e">
         <name>.text:write_digit</name>
         <load_address>0xccd4</load_address>
         <run_address>0xccd4</run_address>
         <size>0xf4</size>
         <input_file_ref idref="fl-5"/>
      </object_component>
      <object_component id="oc-2fa">
         <name>.text:fputs</name>
         <load_address>0xcdc8</load_address>
         <run_address>0xcdc8</run_address>
         <size>0xde</size>
         <input_file_ref idref="fl-95"/>
      </object_component>
      <object_component id="oc-2e8">
         <name>.text:__mspabi_cmpd</name>
         <load_address>0xcea6</load_address>
         <run_address>0xcea6</run_address>
         <size>0xd8</size>
         <input_file_ref idref="fl-8f"/>
      </object_component>
      <object_component id="oc-ee">
         <name>.text:__TI_decompress_rle_core</name>
         <load_address>0xcf7e</load_address>
         <run_address>0xcf7e</run_address>
         <size>0xd6</size>
         <input_file_ref idref="fl-3e"/>
      </object_component>
      <object_component id="oc-32b">
         <name>.text:set_baudRate</name>
         <load_address>0xd054</load_address>
         <run_address>0xd054</run_address>
         <size>0xd0</size>
         <input_file_ref idref="fl-8"/>
      </object_component>
      <object_component id="oc-563">
         <name>.text:setvbuf</name>
         <load_address>0xd124</load_address>
         <run_address>0xd124</run_address>
         <size>0xcc</size>
         <input_file_ref idref="fl-ae"/>
      </object_component>
      <object_component id="oc-37c">
         <name>.text:_Dint</name>
         <load_address>0xd1f0</load_address>
         <run_address>0xd1f0</run_address>
         <size>0xc6</size>
         <input_file_ref idref="fl-9e"/>
      </object_component>
      <object_component id="oc-338">
         <name>.text:updateConversionFactors</name>
         <load_address>0xd2b6</load_address>
         <run_address>0xd2b6</run_address>
         <size>0xc6</size>
         <input_file_ref idref="fl-4"/>
      </object_component>
      <object_component id="oc-257">
         <name>.text:__mspabi_fltullf</name>
         <load_address>0xd37c</load_address>
         <run_address>0xd37c</run_address>
         <size>0xb8</size>
         <input_file_ref idref="fl-6c"/>
      </object_component>
      <object_component id="oc-20c">
         <name>.text</name>
         <load_address>0xd434</load_address>
         <run_address>0xd434</run_address>
         <size>0xb6</size>
         <input_file_ref idref="fl-6f"/>
      </object_component>
      <object_component id="oc-550">
         <name>.text:__TI_renormd</name>
         <load_address>0xd4ea</load_address>
         <run_address>0xd4ea</run_address>
         <size>0xb2</size>
         <input_file_ref idref="fl-58"/>
      </object_component>
      <object_component id="oc-615">
         <name>.text:malloc</name>
         <load_address>0xd59c</load_address>
         <run_address>0xd59c</run_address>
         <size>0xac</size>
         <input_file_ref idref="fl-b1"/>
      </object_component>
      <object_component id="oc-39d">
         <name>.text:__mspabi_fltlid</name>
         <load_address>0xd648</load_address>
         <run_address>0xd648</run_address>
         <size>0x94</size>
         <input_file_ref idref="fl-a6"/>
      </object_component>
      <object_component id="oc-1ff">
         <name>.text</name>
         <load_address>0xd6dc</load_address>
         <run_address>0xd6dc</run_address>
         <size>0x8e</size>
         <input_file_ref idref="fl-5e"/>
      </object_component>
      <object_component id="oc-21b">
         <name>.text:__mspabi_cvtdf</name>
         <load_address>0xd76a</load_address>
         <run_address>0xd76a</run_address>
         <size>0x8c</size>
         <input_file_ref idref="fl-5a"/>
      </object_component>
      <object_component id="oc-6aa">
         <name>.text:HOSTlseek</name>
         <load_address>0xd7f6</load_address>
         <run_address>0xd7f6</run_address>
         <size>0x86</size>
         <input_file_ref idref="fl-99"/>
      </object_component>
      <object_component id="oc-25d">
         <name>.text:__mspabi_fixfull</name>
         <load_address>0xd87c</load_address>
         <run_address>0xd87c</run_address>
         <size>0x86</size>
         <input_file_ref idref="fl-65"/>
      </object_component>
      <object_component id="oc-332">
         <name>.text:spi_config</name>
         <load_address>0xd902</load_address>
         <run_address>0xd902</run_address>
         <size>0x82</size>
         <input_file_ref idref="fl-6"/>
      </object_component>
      <object_component id="oc-130">
         <name>.text:_auto_init_hold_wdt</name>
         <load_address>0xd984</load_address>
         <run_address>0xd984</run_address>
         <size>0x80</size>
         <input_file_ref idref="fl-82"/>
      </object_component>
      <object_component id="oc-60f">
         <name>.text:free</name>
         <load_address>0xda04</load_address>
         <run_address>0xda04</run_address>
         <size>0x80</size>
         <input_file_ref idref="fl-b1"/>
      </object_component>
      <object_component id="oc-44b">
         <name>.text:__TI_wrt_ok</name>
         <load_address>0xda84</load_address>
         <run_address>0xda84</run_address>
         <size>0x7a</size>
         <input_file_ref idref="fl-96"/>
      </object_component>
      <object_component id="oc-281">
         <name>.text:__mspabi_fltuld</name>
         <load_address>0xdafe</load_address>
         <run_address>0xdafe</run_address>
         <size>0x76</size>
         <input_file_ref idref="fl-6a"/>
      </object_component>
      <object_component id="oc-404">
         <name>.text:write_time</name>
         <load_address>0xdb74</load_address>
         <run_address>0xdb74</run_address>
         <size>0x74</size>
         <input_file_ref idref="fl-5"/>
      </object_component>
      <object_component id="oc-376">
         <name>.text:_Dunscale</name>
         <load_address>0xdbe8</load_address>
         <run_address>0xdbe8</run_address>
         <size>0x72</size>
         <input_file_ref idref="fl-9f"/>
      </object_component>
      <object_component id="oc-1a9">
         <name>.text:t_validator</name>
         <load_address>0xdc5a</load_address>
         <run_address>0xdc5a</run_address>
         <size>0x6c</size>
         <input_file_ref idref="fl-8"/>
      </object_component>
      <object_component id="oc-6b6">
         <name>.text:HOSTrename</name>
         <load_address>0xdcc6</load_address>
         <run_address>0xdcc6</run_address>
         <size>0x6a</size>
         <input_file_ref idref="fl-99"/>
      </object_component>
      <object_component id="oc-55d">
         <name>.text:fseek</name>
         <load_address>0xdd30</load_address>
         <run_address>0xdd30</run_address>
         <size>0x6a</size>
         <input_file_ref idref="fl-97"/>
      </object_component>
      <object_component id="oc-1f4">
         <name>.text:transfer4B</name>
         <load_address>0xdd9a</load_address>
         <run_address>0xdd9a</run_address>
         <size>0x6a</size>
         <input_file_ref idref="fl-4"/>
      </object_component>
      <object_component id="oc-689">
         <name>.text:__TI_closefile</name>
         <load_address>0xde04</load_address>
         <run_address>0xde04</run_address>
         <size>0x68</size>
         <input_file_ref idref="fl-b0"/>
      </object_component>
      <object_component id="oc-2f0">
         <name>.text:__mspabi_fixdul</name>
         <load_address>0xde6c</load_address>
         <run_address>0xde6c</run_address>
         <size>0x68</size>
         <input_file_ref idref="fl-62"/>
      </object_component>
      <object_component id="oc-29c">
         <name>.text</name>
         <load_address>0xded4</load_address>
         <run_address>0xded4</run_address>
         <size>0x68</size>
         <input_file_ref idref="fl-63"/>
      </object_component>
      <object_component id="oc-397">
         <name>.text:__mspabi_fixdli</name>
         <load_address>0xdf3c</load_address>
         <run_address>0xdf3c</run_address>
         <size>0x66</size>
         <input_file_ref idref="fl-a4"/>
      </object_component>
      <object_component id="oc-234">
         <name>.text:__mspabi_cvtfd</name>
         <load_address>0xdfa2</load_address>
         <run_address>0xdfa2</run_address>
         <size>0x64</size>
         <input_file_ref idref="fl-5b"/>
      </object_component>
      <object_component id="oc-5ef">
         <name>.text:switch_br</name>
         <load_address>0xe006</load_address>
         <run_address>0xe006</run_address>
         <size>0x64</size>
         <input_file_ref idref="fl-7"/>
      </object_component>
      <object_component id="oc-692">
         <name>.text:HOSTopen</name>
         <load_address>0xe06a</load_address>
         <run_address>0xe06a</run_address>
         <size>0x62</size>
         <input_file_ref idref="fl-99"/>
      </object_component>
      <object_component id="oc-463">
         <name>.text:__TI_doflush</name>
         <load_address>0xe0cc</load_address>
         <run_address>0xe0cc</run_address>
         <size>0x62</size>
         <input_file_ref idref="fl-94"/>
      </object_component>
      <object_component id="oc-1dc">
         <name>.text:ux_config</name>
         <load_address>0xe12e</load_address>
         <run_address>0xe12e</run_address>
         <size>0x60</size>
         <input_file_ref idref="fl-8"/>
      </object_component>
      <object_component id="oc-6a4">
         <name>.text:HOSTwrite</name>
         <load_address>0xe18e</load_address>
         <run_address>0xe18e</run_address>
         <size>0x5e</size>
         <input_file_ref idref="fl-99"/>
      </object_component>
      <object_component id="oc-69e">
         <name>.text:HOSTread</name>
         <load_address>0xe1ec</load_address>
         <run_address>0xe1ec</run_address>
         <size>0x5c</size>
         <input_file_ref idref="fl-99"/>
      </object_component>
      <object_component id="oc-5bf">
         <name>.text:__mpyll</name>
         <load_address>0xe248</load_address>
         <run_address>0xe248</run_address>
         <size>0x5a</size>
         <input_file_ref idref="fl-74"/>
      </object_component>
      <object_component id="oc-300">
         <name>.text:fflush</name>
         <load_address>0xe2a2</load_address>
         <run_address>0xe2a2</run_address>
         <size>0x54</size>
         <input_file_ref idref="fl-94"/>
      </object_component>
      <object_component id="oc-701">
         <name>.text:getdevice</name>
         <load_address>0xe2f6</load_address>
         <run_address>0xe2f6</run_address>
         <size>0x54</size>
         <input_file_ref idref="fl-98"/>
      </object_component>
      <object_component id="oc-508">
         <name>.text:__mspabi_remull</name>
         <load_address>0xe34a</load_address>
         <run_address>0xe34a</run_address>
         <size>0x50</size>
         <input_file_ref idref="fl-77"/>
      </object_component>
      <object_component id="oc-1ee">
         <name>.text:read_error_status</name>
         <load_address>0xe39a</load_address>
         <run_address>0xe39a</run_address>
         <size>0x4c</size>
         <input_file_ref idref="fl-4"/>
      </object_component>
      <object_component id="oc-6d1">
         <name>.text:close</name>
         <load_address>0xe3e6</load_address>
         <run_address>0xe3e6</run_address>
         <size>0x4a</size>
         <input_file_ref idref="fl-98"/>
      </object_component>
      <object_component id="oc-241">
         <name>.text</name>
         <load_address>0xe430</load_address>
         <run_address>0xe430</run_address>
         <size>0x46</size>
         <input_file_ref idref="fl-64"/>
      </object_component>
      <object_component id="oc-344">
         <name>.text:updateConfig</name>
         <load_address>0xe476</load_address>
         <run_address>0xe476</run_address>
         <size>0x46</size>
         <input_file_ref idref="fl-4"/>
      </object_component>
      <object_component id="oc-698">
         <name>.text:HOSTclose</name>
         <load_address>0xe4bc</load_address>
         <run_address>0xe4bc</run_address>
         <size>0x44</size>
         <input_file_ref idref="fl-99"/>
      </object_component>
      <object_component id="oc-6b0">
         <name>.text:HOSTunlink</name>
         <load_address>0xe500</load_address>
         <run_address>0xe500</run_address>
         <size>0x42</size>
         <input_file_ref idref="fl-99"/>
      </object_component>
      <object_component id="oc-35b">
         <name>.text:spi_transfer</name>
         <load_address>0xe542</load_address>
         <run_address>0xe542</run_address>
         <size>0x42</size>
         <input_file_ref idref="fl-6"/>
      </object_component>
      <object_component id="oc-e2">
         <name>.text:__memcpy_far</name>
         <load_address>0xe584</load_address>
         <run_address>0xe584</run_address>
         <size>0x40</size>
         <input_file_ref idref="fl-55"/>
      </object_component>
      <object_component id="oc-99">
         <name>.text:decompress:ZI:__TI_zero_init</name>
         <load_address>0xe5c4</load_address>
         <run_address>0xe5c4</run_address>
         <size>0x3e</size>
         <input_file_ref idref="fl-54"/>
      </object_component>
      <object_component id="oc-3c7">
         <name>.text:l_asr_const</name>
         <load_address>0xe602</load_address>
         <run_address>0xe602</run_address>
         <size>0x3e</size>
         <input_file_ref idref="fl-7c"/>
      </object_component>
      <object_component id="oc-3bd">
         <name>.text:l_lsl_const</name>
         <load_address>0xe640</load_address>
         <run_address>0xe640</run_address>
         <size>0x3e</size>
         <input_file_ref idref="fl-7a"/>
      </object_component>
      <object_component id="oc-418">
         <name>.text:l_lsr_const</name>
         <load_address>0xe67e</load_address>
         <run_address>0xe67e</run_address>
         <size>0x3e</size>
         <input_file_ref idref="fl-7d"/>
      </object_component>
      <object_component id="oc-33e">
         <name>.text:spi_transfer_end</name>
         <load_address>0xe6bc</load_address>
         <run_address>0xe6bc</run_address>
         <size>0x3e</size>
         <input_file_ref idref="fl-6"/>
      </object_component>
      <object_component id="oc-73">
         <name>.text:decompress:none:__TI_decompress_none</name>
         <load_address>0xe6fa</load_address>
         <run_address>0xe6fa</run_address>
         <size>0x3c</size>
         <input_file_ref idref="fl-3d"/>
      </object_component>
      <object_component id="oc-2e2">
         <name>.text:__mspabi_sllll</name>
         <load_address>0xe736</load_address>
         <run_address>0xe736</run_address>
         <size>0x3a</size>
         <input_file_ref idref="fl-7b"/>
      </object_component>
      <object_component id="oc-2dc">
         <name>.text:__mspabi_srlll</name>
         <load_address>0xe770</load_address>
         <run_address>0xe770</run_address>
         <size>0x3a</size>
         <input_file_ref idref="fl-7e"/>
      </object_component>
      <object_component id="oc-495">
         <name>.text:transfer2B</name>
         <load_address>0xe7aa</load_address>
         <run_address>0xe7aa</run_address>
         <size>0x3a</size>
         <input_file_ref idref="fl-4"/>
      </object_component>
      <object_component id="oc-682">
         <name>.text:minit</name>
         <load_address>0xe7e4</load_address>
         <run_address>0xe7e4</run_address>
         <size>0x38</size>
         <input_file_ref idref="fl-b1"/>
      </object_component>
      <object_component id="oc-2a7">
         <name>.text</name>
         <load_address>0xe81c</load_address>
         <run_address>0xe81c</run_address>
         <size>0x36</size>
         <input_file_ref idref="fl-66"/>
      </object_component>
      <object_component id="oc-650">
         <name>.text:signal</name>
         <load_address>0xe852</load_address>
         <run_address>0xe852</run_address>
         <size>0x36</size>
         <input_file_ref idref="fl-b4"/>
      </object_component>
      <object_component id="oc-1d0">
         <name>.text:lcd_config</name>
         <load_address>0xe888</load_address>
         <run_address>0xe888</run_address>
         <size>0x34</size>
         <input_file_ref idref="fl-5"/>
      </object_component>
      <object_component id="oc-382">
         <name>.text:_Feraise</name>
         <load_address>0xe8bc</load_address>
         <run_address>0xe8bc</run_address>
         <size>0x32</size>
         <input_file_ref idref="fl-8c"/>
      </object_component>
      <object_component id="oc-61b">
         <name>.text:__TI_cleanup</name>
         <load_address>0xe8ee</load_address>
         <run_address>0xe8ee</run_address>
         <size>0x32</size>
         <input_file_ref idref="fl-af"/>
      </object_component>
      <object_component id="oc-593">
         <name>.text:raise</name>
         <load_address>0xe920</load_address>
         <run_address>0xe920</run_address>
         <size>0x32</size>
         <input_file_ref idref="fl-ad"/>
      </object_component>
      <object_component id="oc-1fa">
         <name>.text</name>
         <load_address>0xe952</load_address>
         <run_address>0xe952</run_address>
         <size>0x32</size>
         <input_file_ref idref="fl-6b"/>
      </object_component>
      <object_component id="oc-4b0">
         <name>.text:feraiseexcept</name>
         <load_address>0xe984</load_address>
         <run_address>0xe984</run_address>
         <size>0x30</size>
         <input_file_ref idref="fl-93"/>
      </object_component>
      <object_component id="oc-5f7">
         <name>.text:getCheksum</name>
         <load_address>0xe9b4</load_address>
         <run_address>0xe9b4</run_address>
         <size>0x30</size>
         <input_file_ref idref="fl-8"/>
      </object_component>
      <object_component id="oc-6e3">
         <name>.text:__TI_writemsg</name>
         <load_address>0xe9e4</load_address>
         <run_address>0xe9e4</run_address>
         <size>0x2e</size>
         <input_file_ref idref="fl-9a"/>
      </object_component>
      <object_component id="oc-3a3">
         <name>.text:__mspabi_subd</name>
         <load_address>0xea12</load_address>
         <run_address>0xea12</run_address>
         <size>0x2e</size>
         <input_file_ref idref="fl-91"/>
      </object_component>
      <object_component id="oc-13c">
         <name>.text:exit</name>
         <load_address>0xea40</load_address>
         <run_address>0xea40</run_address>
         <size>0x2e</size>
         <input_file_ref idref="fl-87"/>
      </object_component>
      <object_component id="oc-720">
         <name>.text:finddevice</name>
         <load_address>0xea6e</load_address>
         <run_address>0xea6e</run_address>
         <size>0x2e</size>
         <input_file_ref idref="fl-98"/>
      </object_component>
      <object_component id="oc-51a">
         <name>.text:write_minus</name>
         <load_address>0xea9c</load_address>
         <run_address>0xea9c</run_address>
         <size>0x2e</size>
         <input_file_ref idref="fl-5"/>
      </object_component>
      <object_component id="oc-6e9">
         <name>.text:__TI_readmsg</name>
         <load_address>0xeaca</load_address>
         <run_address>0xeaca</run_address>
         <size>0x2c</size>
         <input_file_ref idref="fl-9a"/>
      </object_component>
      <object_component id="oc-1d6">
         <name>.text:rtc_config</name>
         <load_address>0xeaf6</load_address>
         <run_address>0xeaf6</run_address>
         <size>0x2c</size>
         <input_file_ref idref="fl-3"/>
      </object_component>
      <object_component id="oc-3d2">
         <name>.text</name>
         <load_address>0xeb22</load_address>
         <run_address>0xeb22</run_address>
         <size>0x2c</size>
         <input_file_ref idref="fl-b6"/>
      </object_component>
      <object_component id="oc-71a">
         <name>.text:strncpy</name>
         <load_address>0xeb4e</load_address>
         <run_address>0xeb4e</run_address>
         <size>0x2c</size>
         <input_file_ref idref="fl-bb"/>
      </object_component>
      <object_component id="oc-38b">
         <name>.text:__mspabi_negd</name>
         <load_address>0xeb7a</load_address>
         <run_address>0xeb7a</run_address>
         <size>0x2a</size>
         <input_file_ref idref="fl-90"/>
      </object_component>
      <object_component id="oc-6d8">
         <name>.text:unlink</name>
         <load_address>0xeba4</load_address>
         <run_address>0xeba4</run_address>
         <size>0x2a</size>
         <input_file_ref idref="fl-98"/>
      </object_component>
      <object_component id="oc-3a9">
         <name>.text:__mspabi_fixdi</name>
         <load_address>0xebce</load_address>
         <run_address>0xebce</run_address>
         <size>0x28</size>
         <input_file_ref idref="fl-a3"/>
      </object_component>
      <object_component id="oc-607">
         <name>.text:lseek</name>
         <load_address>0xebf6</load_address>
         <run_address>0xebf6</run_address>
         <size>0x26</size>
         <input_file_ref idref="fl-98"/>
      </object_component>
      <object_component id="oc-227">
         <name>.text</name>
         <load_address>0xec1c</load_address>
         <run_address>0xec1c</run_address>
         <size>0x24</size>
         <input_file_ref idref="fl-69"/>
      </object_component>
      <object_component id="oc-221">
         <name>.text:transfer1B</name>
         <load_address>0xec40</load_address>
         <run_address>0xec40</run_address>
         <size>0x24</size>
         <input_file_ref idref="fl-4"/>
      </object_component>
      <object_component id="oc-469">
         <name>.text:write</name>
         <load_address>0xec64</load_address>
         <run_address>0xec64</run_address>
         <size>0x24</size>
         <input_file_ref idref="fl-98"/>
      </object_component>
      <object_component id="oc-4f6">
         <name>.text</name>
         <load_address>0xec88</load_address>
         <run_address>0xec88</run_address>
         <size>0x22</size>
         <input_file_ref idref="fl-73"/>
      </object_component>
      <object_component id="oc-484">
         <name>.text:getClkPreDiv</name>
         <load_address>0xecaa</load_address>
         <run_address>0xecaa</run_address>
         <size>0x1c</size>
         <input_file_ref idref="fl-4"/>
      </object_component>
      <object_component id="oc-1a3">
         <name>.text:_abort_msg</name>
         <load_address>0xecc6</load_address>
         <run_address>0xecc6</run_address>
         <size>0x1a</size>
         <input_file_ref idref="fl-7f"/>
      </object_component>
      <object_component id="oc-1e2">
         <name>.text:start_tdc</name>
         <load_address>0xece0</load_address>
         <run_address>0xece0</run_address>
         <size>0x1a</size>
         <input_file_ref idref="fl-4"/>
      </object_component>
      <object_component id="oc-714">
         <name>.text:strchr</name>
         <load_address>0xecfa</load_address>
         <run_address>0xecfa</run_address>
         <size>0x1a</size>
         <input_file_ref idref="fl-b7"/>
      </object_component>
      <object_component id="oc-5e7">
         <name>.text:tx_lnk_frame</name>
         <load_address>0xed14</load_address>
         <run_address>0xed14</run_address>
         <size>0x1a</size>
         <input_file_ref idref="fl-8"/>
      </object_component>
      <object_component id="oc-731">
         <name>.text:strcmp</name>
         <load_address>0xed2e</load_address>
         <run_address>0xed2e</run_address>
         <size>0x18</size>
         <input_file_ref idref="fl-b8"/>
      </object_component>
      <object_component id="oc-183">
         <name>.text</name>
         <load_address>0xed46</load_address>
         <run_address>0xed46</run_address>
         <size>0x16</size>
         <input_file_ref idref="fl-5f"/>
      </object_component>
      <object_component id="oc-273">
         <name>.text</name>
         <load_address>0xed5c</load_address>
         <run_address>0xed5c</run_address>
         <size>0x16</size>
         <input_file_ref idref="fl-71"/>
      </object_component>
      <object_component id="oc-52c">
         <name>.text:send_ack</name>
         <load_address>0xed72</load_address>
         <run_address>0xed72</run_address>
         <size>0x16</size>
         <input_file_ref idref="fl-7"/>
      </object_component>
      <object_component id="oc-457">
         <name>.text:memchr</name>
         <load_address>0xed88</load_address>
         <run_address>0xed88</run_address>
         <size>0x14</size>
         <input_file_ref idref="fl-9b"/>
      </object_component>
      <object_component id="oc-194">
         <name>.text:__mspabi_fixdu</name>
         <load_address>0xed9c</load_address>
         <run_address>0xed9c</run_address>
         <size>0x12</size>
         <input_file_ref idref="fl-61"/>
      </object_component>
      <object_component id="oc-45d">
         <name>.text:memcpy</name>
         <load_address>0xedae</load_address>
         <run_address>0xedae</run_address>
         <size>0x12</size>
         <input_file_ref idref="fl-9c"/>
      </object_component>
      <object_component id="oc-54b">
         <name>.text:l_asr</name>
         <load_address>0xedc0</load_address>
         <run_address>0xedc0</run_address>
         <size>0x10</size>
         <input_file_ref idref="fl-7c"/>
      </object_component>
      <object_component id="oc-546">
         <name>.text:l_lsl</name>
         <load_address>0xedd0</load_address>
         <run_address>0xedd0</run_address>
         <size>0x10</size>
         <input_file_ref idref="fl-7a"/>
      </object_component>
      <object_component id="oc-441">
         <name>.text:l_lsr</name>
         <load_address>0xede0</load_address>
         <run_address>0xede0</run_address>
         <size>0x10</size>
         <input_file_ref idref="fl-7d"/>
      </object_component>
      <object_component id="oc-27b">
         <name>.text:startCalRes</name>
         <load_address>0xedf0</load_address>
         <run_address>0xedf0</run_address>
         <size>0x10</size>
         <input_file_ref idref="fl-4"/>
      </object_component>
      <object_component id="oc-2ac">
         <name>.text:startTOF</name>
         <load_address>0xee00</load_address>
         <run_address>0xee00</run_address>
         <size>0x10</size>
         <input_file_ref idref="fl-4"/>
      </object_component>
      <object_component id="oc-6f5">
         <name>.text:strcpy</name>
         <load_address>0xee10</load_address>
         <run_address>0xee10</run_address>
         <size>0x10</size>
         <input_file_ref idref="fl-b9"/>
      </object_component>
      <object_component id="oc-79">
         <name>.text:decompress:rle24:__TI_decompress_rle24</name>
         <load_address>0xee20</load_address>
         <run_address>0xee20</run_address>
         <size>0xe</size>
         <input_file_ref idref="fl-3e"/>
      </object_component>
      <object_component id="oc-3af">
         <name>.text:log</name>
         <load_address>0xee2e</load_address>
         <run_address>0xee2e</run_address>
         <size>0xe</size>
         <input_file_ref idref="fl-a9"/>
      </object_component>
      <object_component id="oc-351">
         <name>.text:readStatus</name>
         <load_address>0xee3c</load_address>
         <run_address>0xee3c</run_address>
         <size>0xe</size>
         <input_file_ref idref="fl-4"/>
      </object_component>
      <object_component id="oc-290">
         <name>.text:startTemp</name>
         <load_address>0xee4a</load_address>
         <run_address>0xee4a</run_address>
         <size>0xe</size>
         <input_file_ref idref="fl-4"/>
      </object_component>
      <object_component id="oc-451">
         <name>.text:strlen</name>
         <load_address>0xee58</load_address>
         <run_address>0xee58</run_address>
         <size>0xe</size>
         <input_file_ref idref="fl-ba"/>
      </object_component>
      <object_component id="oc-26a">
         <name>.text:x_lnk_res</name>
         <load_address>0xee66</load_address>
         <run_address>0xee66</run_address>
         <size>0xe</size>
         <input_file_ref idref="fl-8"/>
      </object_component>
      <object_component id="oc-391">
         <name>.text:__mspabi_fltid</name>
         <load_address>0xee74</load_address>
         <run_address>0xee74</run_address>
         <size>0xc</size>
         <input_file_ref idref="fl-a5"/>
      </object_component>
      <object_component id="oc-2b2">
         <name>.text:init</name>
         <load_address>0xee80</load_address>
         <run_address>0xee80</run_address>
         <size>0xc</size>
         <input_file_ref idref="fl-4"/>
      </object_component>
      <object_component id="oc-2a1">
         <name>.text:abs</name>
         <load_address>0xee8c</load_address>
         <run_address>0xee8c</run_address>
         <size>0xa</size>
         <input_file_ref idref="fl-89"/>
      </object_component>
      <object_component id="oc-5a1">
         <name>.text</name>
         <load_address>0xee96</load_address>
         <run_address>0xee96</run_address>
         <size>0xa</size>
         <input_file_ref idref="fl-ac"/>
      </object_component>
      <object_component id="oc-4e3">
         <name>.text</name>
         <load_address>0xeea0</load_address>
         <run_address>0xeea0</run_address>
         <size>0xa</size>
         <input_file_ref idref="fl-a7"/>
      </object_component>
      <object_component id="oc-4de">
         <name>.text</name>
         <load_address>0xeeaa</load_address>
         <run_address>0xeeaa</run_address>
         <size>0xa</size>
         <input_file_ref idref="fl-a8"/>
      </object_component>
      <object_component id="oc-188">
         <name>.text:__mspabi_fltud</name>
         <load_address>0xeeb4</load_address>
         <run_address>0xeeb4</run_address>
         <size>0x6</size>
         <input_file_ref idref="fl-68"/>
      </object_component>
      <object_component id="oc-12a">
         <name>.text:_system_pre_init</name>
         <load_address>0xeeba</load_address>
         <run_address>0xeeba</run_address>
         <size>0x4</size>
         <input_file_ref idref="fl-86"/>
      </object_component>
      <object_component id="oc-152">
         <name>.text:abort</name>
         <load_address>0xeebe</load_address>
         <run_address>0xeebe</run_address>
         <size>0x4</size>
         <input_file_ref idref="fl-87"/>
      </object_component>
      <object_component id="oc-316">
         <name>.text:_nop</name>
         <load_address>0xeec2</load_address>
         <run_address>0xeec2</run_address>
         <size>0x2</size>
         <input_file_ref idref="fl-88"/>
      </object_component>
      <object_component id="oc-48a">
         <name>.common:_conversionFactorRead</name>
         <uninitialized>true</uninitialized>
         <run_address>0x2252</run_address>
         <size>0x4</size>
      </object_component>
      <object_component id="oc-48d">
         <name>.common:_conversionFactorDelay</name>
         <uninitialized>true</uninitialized>
         <run_address>0x224e</run_address>
         <size>0x4</size>
      </object_component>
      <object_component id="oc-20b">
         <name>.common:Result_0_up</name>
         <uninitialized>true</uninitialized>
         <run_address>0x222a</run_address>
         <size>0x4</size>
      </object_component>
      <object_component id="oc-211">
         <name>.common:Result_1_up</name>
         <uninitialized>true</uninitialized>
         <run_address>0x2232</run_address>
         <size>0x4</size>
      </object_component>
      <object_component id="oc-212">
         <name>.common:Result_2_up</name>
         <uninitialized>true</uninitialized>
         <run_address>0x223a</run_address>
[...]
      <symbol id="sm-b69">
         <name>__mspabi_sral_10</name>
         <value>0xe616</value>
         <object_component_ref idref="oc-3c7"/>
      </symbol>
      <symbol id="sm-b6a">
         <name>__mspabi_sral_8</name>
         <value>0xe61e</value>
         <object_component_ref idref="oc-3c7"/>
      </symbol>
      <symbol id="sm-b6b">
         <name>__mspabi_sral_9</name>
         <value>0xe61a</value>
         <object_component_ref idref="oc-3c7"/>
      </symbol>
      <symbol id="sm-b6c">
         <name>__mspabi_sral_6</name>
         <value>0xe626</value>
         <object_component_ref idref="oc-3c7"/>
      </symbol>
      <symbol id="sm-b6d">
         <name>__mspabi_sral_7</name>
         <value>0xe622</value>
         <object_component_ref idref="oc-3c7"/>
      </symbol>
      <symbol id="sm-b6e">
         <name>__mspabi_sral_4</name>
         <value>0xe62e</value>
         <object_component_ref idref="oc-3c7"/>
      </symbol>
      <symbol id="sm-b6f">
         <name>__mspabi_sral_5</name>
         <value>0xe62a</value>
         <object_component_ref idref="oc-3c7"/>
      </symbol>
      <symbol id="sm-b70">
         <name>__mspabi_sral_2</name>
         <value>0xe636</value>
         <object_component_ref idref="oc-3c7"/>
      </symbol>
      <symbol id="sm-b71">
         <name>__mspabi_sral_3</name>
         <value>0xe632</value>
         <object_component_ref idref="oc-3c7"/>
      </symbol>
      <symbol id="sm-b72">
         <name>__mspabi_sral_1</name>
         <value>0xe63a</value>
         <object_component_ref idref="oc-3c7"/>
      </symbol>
      <symbol id="sm-b82">
         <name>__mspabi_srll_8</name>
         <value>0xe69a</value>
         <object_component_ref idref="oc-418"/>
      </symbol>
      <symbol id="sm-b83">
         <name>__mspabi_srll_9</name>
         <value>0xe696</value>
         <object_component_ref idref="oc-418"/>
      </symbol>
      <symbol id="sm-b84">
         <name>__mspabi_srll_6</name>
         <value>0xe6a2</value>
         <object_component_ref idref="oc-418"/>
      </symbol>
      <symbol id="sm-b85">
         <name>__mspabi_srll_7</name>
         <value>0xe69e</value>
         <object_component_ref idref="oc-418"/>
      </symbol>
      <symbol id="sm-b86">
         <name>__mspabi_srll_4</name>
         <value>0xe6aa</value>
         <object_component_ref idref="oc-418"/>
      </symbol>
      <symbol id="sm-b87">
         <name>__mspabi_srll_5</name>
         <value>0xe6a6</value>
         <object_component_ref idref="oc-418"/>
      </symbol>
      <symbol id="sm-b88">
         <name>__mspabi_srll_2</name>
         <value>0xe6b2</value>
         <object_component_ref idref="oc-418"/>
      </symbol>
      <symbol id="sm-b89">
         <name>__mspabi_srll_3</name>
         <value>0xe6ae</value>
         <object_component_ref idref="oc-418"/>
      </symbol>
      <symbol id="sm-b8a">
         <name>__mspabi_srll_1</name>
         <value>0xe6b6</value>
         <object_component_ref idref="oc-418"/>
      </symbol>
      <symbol id="sm-b8b">
         <name>__mspabi_srll_15</name>
         <value>0xe67e</value>
         <object_component_ref idref="oc-418"/>
      </symbol>
      <symbol id="sm-b8c">
         <name>__mspabi_srll_14</name>
         <value>0xe682</value>
         <object_component_ref idref="oc-418"/>
      </symbol>
      <symbol id="sm-b8d">
         <name>__mspabi_srll_13</name>
         <value>0xe686</value>
         <object_component_ref idref="oc-418"/>
      </symbol>
      <symbol id="sm-b8e">
         <name>__mspabi_srll_12</name>
         <value>0xe68a</value>
         <object_component_ref idref="oc-418"/>
      </symbol>
      <symbol id="sm-b8f">
         <name>__mspabi_srll_11</name>
         <value>0xe68e</value>
         <object_component_ref idref="oc-418"/>
      </symbol>
      <symbol id="sm-b90">
         <name>__mspabi_srll_10</name>
         <value>0xe692</value>
         <object_component_ref idref="oc-418"/>
      </symbol>
      <symbol id="sm-b91">
         <name>__mspabi_srll</name>
         <value>0xede0</value>
         <object_component_ref idref="oc-441"/>
      </symbol>
      <symbol id="sm-b9e">
         <name>__mspabi_srlll</name>
         <value>0xe770</value>
         <object_component_ref idref="oc-2dc"/>
      </symbol>
      <symbol id="sm-baf">
         <name>_abort_msg</name>
         <value>0xecc6</value>
         <object_component_ref idref="oc-1a3"/>
      </symbol>
      <symbol id="sm-bc5">
         <name>_stack</name>
         <value>0x2360</value>
         <object_component_ref idref="oc-db"/>
      </symbol>
      <symbol id="sm-bc6">
         <name>__TI_dtors_ptr</name>
         <value>0x1f74</value>
         <object_component_ref idref="oc-1be"/>
      </symbol>
      <symbol id="sm-bc7">
         <name>__TI_cleanup_ptr</name>
         <value>0x1f70</value>
         <object_component_ref idref="oc-1c1"/>
      </symbol>
      <symbol id="sm-bc8">
         <name>_reset_vector</name>
         <value>0xfffe</value>
         <object_component_ref idref="oc-de"/>
      </symbol>
      <symbol id="sm-be5">
         <name>_auto_init_hold_wdt</name>
         <value>0xd984</value>
         <object_component_ref idref="oc-130"/>
      </symbol>
      <symbol id="sm-bf0">
         <name>_c_int00_noargs</name>
         <value>0xf6ce</value>
         <object_component_ref idref="oc-ab"/>
      </symbol>
      <symbol id="sm-c01">
         <name>__TI_tmpnams</name>
         <value>0x2172</value>
      </symbol>
      <symbol id="sm-c02">
         <name>_ftable</name>
         <value>0x1da8</value>
         <object_component_ref idref="oc-2f7"/>
      </symbol>
      <symbol id="sm-c03">
         <name>__TI_ft_end</name>
         <value>0x1f80</value>
         <object_component_ref idref="oc-471"/>
      </symbol>
      <symbol id="sm-c0c">
         <name>_system_pre_init</name>
         <value>0xeeba</value>
         <object_component_ref idref="oc-12a"/>
      </symbol>
      <symbol id="sm-c23">
         <name>C$$EXIT</name>
         <value>0xeebe</value>
         <object_component_ref idref="oc-152"/>
      </symbol>
      <symbol id="sm-c24">
         <name>abort</name>
         <value>0xeebe</value>
         <object_component_ref idref="oc-152"/>
      </symbol>
      <symbol id="sm-c25">
         <name>exit</name>
         <value>0xea40</value>
         <object_component_ref idref="oc-13c"/>
      </symbol>
      <symbol id="sm-c3b">
         <name>_nop</name>
         <value>0xeec2</value>
         <object_component_ref idref="oc-316"/>
      </symbol>
      <symbol id="sm-c3c">
         <name>_lock</name>
         <value>0x1f78</value>
         <object_component_ref idref="oc-1bb"/>
      </symbol>
      <symbol id="sm-c3d">
         <name>_unlock</name>
         <value>0x1f7c</value>
         <object_component_ref idref="oc-1c4"/>
      </symbol>
      <symbol id="sm-c47">
         <name>abs</name>
         <value>0xee8c</value>
         <object_component_ref idref="oc-2a1"/>
      </symbol>
      <symbol id="sm-c62">
         <name>acos</name>
         <value>0xc4fc</value>
         <object_component_ref idref="oc-247"/>
      </symbol>
      <symbol id="sm-c8b">
         <name>_Atan</name>
         <value>0xb444</value>
         <object_component_ref idref="oc-3df"/>
      </symbol>
      <symbol id="sm-c97">
         <name>_Feraise</name>
         <value>0xe8bc</value>
         <object_component_ref idref="oc-382"/>
      </symbol>
      <symbol id="sm-c9e">
         <name>_Errno</name>
         <value>0x1f82</value>
         <object_component_ref idref="oc-4b6"/>
      </symbol>
      <symbol id="sm-ca5">
         <name>_Rteps</name>
         <value>0x1d10</value>
         <object_component_ref idref="oc-388"/>
      </symbol>
      <symbol id="sm-ca6">
         <name>_Zero</name>
         <value>0x1d28</value>
         <object_component_ref idref="oc-388"/>
      </symbol>
      <symbol id="sm-ca7">
         <name>_Hugeval</name>
         <value>0x1cd0</value>
         <object_component_ref idref="oc-388"/>
      </symbol>
      <symbol id="sm-ca8">
         <name>_Snan</name>
         <value>0x1d00</value>
         <object_component_ref idref="oc-388"/>
      </symbol>
      <symbol id="sm-ca9">
         <name>_Nan</name>
         <value>0x1cf0</value>
         <object_component_ref idref="oc-388"/>
      </symbol>
      <symbol id="sm-caa">
         <name>_Inf</name>
         <value>0x1ce0</value>
         <object_component_ref idref="oc-388"/>
      </symbol>
      <symbol id="sm-cab">
         <name>_Xbig</name>
         <value>0x1d20</value>
         <object_component_ref idref="oc-388"/>
      </symbol>
      <symbol id="sm-cac">
         <name>_Eps</name>
         <value>0x1cc0</value>
         <object_component_ref idref="oc-388"/>
      </symbol>
      <symbol id="sm-cad">
         <name>_Denorm</name>
         <value>0x1cb0</value>
         <object_component_ref idref="oc-388"/>
      </symbol>
      <symbol id="sm-cc7">
         <name>__mspabi_cmpd</name>
         <value>0xcea6</value>
         <object_component_ref idref="oc-2e8"/>
      </symbol>
      <symbol id="sm-cd0">
         <name>__mspabi_negd</name>
         <value>0xeb7a</value>
         <object_component_ref idref="oc-38b"/>
      </symbol>
      <symbol id="sm-cd9">
         <name>__mspabi_subd</name>
         <value>0xea12</value>
         <object_component_ref idref="oc-3a3"/>
      </symbol>
      <symbol id="sm-ced">
         <name>ceil</name>
         <value>0xc1aa</value>
         <object_component_ref idref="oc-18e"/>
      </symbol>
      <symbol id="sm-d05">
         <name>feraiseexcept</name>
         <value>0xe984</value>
         <object_component_ref idref="oc-4b0"/>
      </symbol>
      <symbol id="sm-d06">
         <name>_Tls_setup__Fenv</name>
         <value>0x1f6c</value>
         <object_component_ref idref="oc-590"/>
      </symbol>
      <symbol id="sm-d07">
         <name>_Fenv</name>
         <value>0x1f68</value>
         <object_component_ref idref="oc-590"/>
      </symbol>
      <symbol id="sm-d23">
         <name>__TI_doflush</name>
         <value>0xe0cc</value>
         <object_component_ref idref="oc-463"/>
      </symbol>
      <symbol id="sm-d24">
         <name>fflush</name>
         <value>0xe2a2</value>
         <object_component_ref idref="oc-300"/>
      </symbol>
      <symbol id="sm-d3c">
         <name>fputs</name>
         <value>0xcdc8</value>
         <object_component_ref idref="oc-2fa"/>
      </symbol>
      <symbol id="sm-d54">
         <name>__TI_wrt_ok</name>
         <value>0xda84</value>
         <object_component_ref idref="oc-44b"/>
      </symbol>
      <symbol id="sm-d69">
         <name>fseek</name>
         <value>0xdd30</value>
         <object_component_ref idref="oc-55d"/>
      </symbol>
      <symbol id="sm-dbf">
         <name>lseek</name>
         <value>0xebf6</value>
         <object_component_ref idref="oc-607"/>
      </symbol>
      <symbol id="sm-dc0">
         <name>write</name>
         <value>0xec64</value>
         <object_component_ref idref="oc-469"/>
      </symbol>
      <symbol id="sm-dc1">
         <name>close</name>
         <value>0xe3e6</value>
         <object_component_ref idref="oc-6d1"/>
      </symbol>
      <symbol id="sm-dc2">
         <name>unlink</name>
         <value>0xeba4</value>
         <object_component_ref idref="oc-6d8"/>
      </symbol>
      <symbol id="sm-dfd">
         <name>HOSTrename</name>
         <value>0xdcc6</value>
         <object_component_ref idref="oc-6b6"/>
      </symbol>
      <symbol id="sm-dfe">
         <name>HOSTclose</name>
         <value>0xe4bc</value>
         <object_component_ref idref="oc-698"/>
      </symbol>
      <symbol id="sm-dff">
         <name>HOSTunlink</name>
         <value>0xe500</value>
         <object_component_ref idref="oc-6b0"/>
      </symbol>
      <symbol id="sm-e00">
         <name>HOSTlseek</name>
         <value>0xd7f6</value>
         <object_component_ref idref="oc-6aa"/>
      </symbol>
      <symbol id="sm-e01">
         <name>HOSTopen</name>
         <value>0xe06a</value>
         <object_component_ref idref="oc-692"/>
      </symbol>
      <symbol id="sm-e02">
         <name>HOSTwrite</name>
         <value>0xe18e</value>
         <object_component_ref idref="oc-6a4"/>
      </symbol>
      <symbol id="sm-e03">
         <name>HOSTread</name>
         <value>0xe1ec</value>
         <object_component_ref idref="oc-69e"/>
      </symbol>
      <symbol id="sm-e21">
         <name>__TI_readmsg</name>
         <value>0xeaca</value>
         <object_component_ref idref="oc-6e9"/>
      </symbol>
      <symbol id="sm-e22">
         <name>C$$IO$$</name>
         <value>0xea0e</value>
         <object_component_ref idref="oc-6e3"/>
      </symbol>
      <symbol id="sm-e23">
         <name>_CIOBUF_</name>
         <value>0x80aa</value>
         <object_component_ref idref="oc-70c"/>
      </symbol>
      <symbol id="sm-e24">
         <name>__TI_writemsg</name>
         <value>0xe9e4</value>
         <object_component_ref idref="oc-6e3"/>
      </symbol>
      <symbol id="sm-e33">
         <name>memchr</name>
         <value>0xed88</value>
         <object_component_ref idref="oc-457"/>
      </symbol>
      <symbol id="sm-e41">
         <name>memcpy</name>
         <value>0xedae</value>
         <object_component_ref idref="oc-45d"/>
      </symbol>
      <symbol id="sm-e86">
         <name>pow</name>
         <value>0x8e18</value>
         <object_component_ref idref="oc-215"/>
      </symbol>
      <symbol id="sm-ea5">
         <name>_Dint</name>
         <value>0xd1f0</value>
         <object_component_ref idref="oc-37c"/>
      </symbol>
      <symbol id="sm-eb7">
         <name>_Dunscale</name>
         <value>0xdbe8</value>
         <object_component_ref idref="oc-376"/>
      </symbol>
      <symbol id="sm-eca">
         <name>_Dnorm</name>
         <value>0xcadc</value>
         <object_component_ref idref="oc-4a4"/>
      </symbol>
      <symbol id="sm-ef3">
         <name>_Exp</name>
         <value>0xa0f2</value>
         <object_component_ref idref="oc-3b5"/>
      </symbol>
      <symbol id="sm-f11">
         <name>_Dscale</name>
         <value>0xc35c</value>
         <object_component_ref idref="oc-3d7"/>
      </symbol>
      <symbol id="sm-f1e">
         <name>__mspabi_fixdi</name>
         <value>0xebce</value>
         <object_component_ref idref="oc-3a9"/>
      </symbol>
      <symbol id="sm-f2d">
         <name>__mspabi_fixdli</name>
         <value>0xdf3c</value>
         <object_component_ref idref="oc-397"/>
      </symbol>
      <symbol id="sm-f36">
         <name>__mspabi_fltid</name>
         <value>0xee74</value>
         <object_component_ref idref="oc-391"/>
      </symbol>
      <symbol id="sm-f4e">
         <name>__mspabi_fltlid</name>
         <value>0xd648</value>
         <object_component_ref idref="oc-39d"/>
      </symbol>
      <symbol id="sm-f57">
         <name>__mspabi_slli</name>
         <value>0xeea0</value>
         <object_component_ref idref="oc-4e3"/>
      </symbol>
      <symbol id="sm-f60">
         <name>__mspabi_srli</name>
         <value>0xeeaa</value>
         <object_component_ref idref="oc-4de"/>
      </symbol>
      <symbol id="sm-f69">
         <name>log</name>
         <value>0xee2e</value>
         <object_component_ref idref="oc-3af"/>
      </symbol>
      <symbol id="sm-f92">
         <name>_Log</name>
         <value>0x9910</value>
         <object_component_ref idref="oc-4c8"/>
      </symbol>
      <symbol id="sm-f99">
         <name>_FZero</name>
         <value>0x1e84</value>
         <object_component_ref idref="oc-59e"/>
      </symbol>
      <symbol id="sm-f9a">
         <name>_FRteps</name>
         <value>0x1e70</value>
         <object_component_ref idref="oc-59e"/>
      </symbol>
      <symbol id="sm-f9b">
         <name>_FSnan</name>
         <value>0x1e60</value>
         <object_component_ref idref="oc-59e"/>
      </symbol>
      <symbol id="sm-f9c">
         <name>_FNan</name>
         <value>0x1e50</value>
         <object_component_ref idref="oc-59e"/>
      </symbol>
      <symbol id="sm-f9d">
         <name>_FInf</name>
         <value>0x1e40</value>
         <object_component_ref idref="oc-59e"/>
      </symbol>
      <symbol id="sm-f9e">
         <name>_FEps</name>
         <value>0x1e30</value>
         <object_component_ref idref="oc-59e"/>
      </symbol>
      <symbol id="sm-f9f">
         <name>_FXbig</name>
         <value>0x1e80</value>
         <object_component_ref idref="oc-59e"/>
      </symbol>
      <symbol id="sm-fa0">
         <name>_FDenorm</name>
         <value>0x1e20</value>
         <object_component_ref idref="oc-59e"/>
      </symbol>
      <symbol id="sm-faa">
         <name>__mspabi_negf</name>
         <value>0xee96</value>
         <object_component_ref idref="oc-5a1"/>
      </symbol>
      <symbol id="sm-fbe">
         <name>raise</name>
         <value>0xe920</value>
         <object_component_ref idref="oc-593"/>
      </symbol>
      <symbol id="sm-fd6">
         <name>setvbuf</name>
         <value>0xd124</value>
         <object_component_ref idref="oc-563"/>
      </symbol>
      <symbol id="sm-fe2">
         <name>__TI_cleanup</name>
         <value>0xe8ee</value>
         <object_component_ref idref="oc-61b"/>
      </symbol>
      <symbol id="sm-ff3">
         <name>__TI_closefile</name>
         <value>0xde04</value>
         <object_component_ref idref="oc-689"/>
      </symbol>
      <symbol id="sm-1040">
         <name>_sys_memory</name>
         <value>0x81cc</value>
         <object_component_ref idref="oc-df"/>
      </symbol>
      <symbol id="sm-1041">
         <name>free</name>
         <value>0xda04</value>
         <object_component_ref idref="oc-60f"/>
      </symbol>
      <symbol id="sm-1042">
         <name>malloc</name>
         <value>0xd59c</value>
         <object_component_ref idref="oc-615"/>
      </symbol>
      <symbol id="sm-1043">
         <name>minit</name>
         <value>0xe7e4</value>
         <object_component_ref idref="oc-682"/>
      </symbol>
      <symbol id="sm-105a">
         <name>signal</name>
         <value>0xe852</value>
         <object_component_ref idref="oc-650"/>
      </symbol>
      <symbol id="sm-106a">
         <name>sqrt</name>
         <value>0xbe0a</value>
         <object_component_ref idref="oc-23a"/>
      </symbol>
      <symbol id="sm-1076">
         <name>__mspabi_remi</name>
         <value>0xeb22</value>
         <object_component_ref idref="oc-3d2"/>
      </symbol>
      <symbol id="sm-1077">
         <name>__mspabi_divi</name>
         <value>0xeb22</value>
         <object_component_ref idref="oc-3d2"/>
      </symbol>
      <symbol id="sm-1086">
         <name>strchr</name>
         <value>0xecfa</value>
         <object_component_ref idref="oc-714"/>
      </symbol>
      <symbol id="sm-1094">
         <name>strcmp</name>
         <value>0xed2e</value>
         <object_component_ref idref="oc-731"/>
      </symbol>
      <symbol id="sm-10a1">
         <name>strcpy</name>
         <value>0xee10</value>
         <object_component_ref idref="oc-6f5"/>
      </symbol>
      <symbol id="sm-10ae">
         <name>strlen</name>
         <value>0xee58</value>
         <object_component_ref idref="oc-451"/>
      </symbol>
      <symbol id="sm-10be">
         <name>strncpy</name>
         <value>0xeb4e</value>
         <object_component_ref idref="oc-71a"/>
      </symbol>
      <symbol id="sm-10c3">
         <name>__TI_INITARRAY_Base</name>
         <value>0x0</value>
      </symbol>
      <symbol id="sm-10c4">
         <name>__TI_INITARRAY_Limit</name>
         <value>0x0</value>
      </symbol>
      <symbol id="sm-10c5">
         <name>remove</name>
         <value>0xeba4</value>
      </symbol>
   </symbol_table>
   <title>Link successful</title>
</link_info>
